BL51 BANKED LINKER/LOCATER V6.22                                                        09/07/2017  13:20:04  PAGE 1


BL51 BANKED LINKER/LOCATER V6.22, INVOKED BY:
D:\KEIL\C51\BIN\BL51.EXE .\startup.obj, .\FlashChk.obj, .\INTERRUPT_OFFSET.obj, .\OTA_IAP.obj, ..\Library\A8107_BLE_LIB.
>> LIB, ..\OTA\OTA.LIB, ..\IAP\IAP.LIB, .\servicegen.obj, .\security.obj, .\application_check.obj, .\interrupt_UART.obj,
>>  .\main_UART.obj, .\mcufunction_UART.obj, .\IEEE.obj, .\OTA_Data.obj, ..\Uart_OTA\Uart_OTA.LIB TO Demo_UART_OTA RAMSI
>> ZE (256) NOOVERLAY CODE (0X0300-0XFFFF, ?PR?*OTA (0X400), ?C?LIB_CODE, ?PR?*IAP (0X2500), ?PR?_ERASE_START?IAP (0X300
>> 0), ?PR?_WRITEFLASH_START?IAP, ?PR?*INTERRUPT_UART, ?PR?*HOST, ?PR?*MAIN_UART) XDATA (0X0000-0X1FFF)


MEMORY MODEL: LARGE


INPUT MODULES INCLUDED:
  .\startup.obj (?C_STARTUP)
  .\FlashChk.obj (FLASH_CHECK)
  .\INTERRUPT_OFFSET.obj (INTERRUPT_OFFSET)
  .\OTA_IAP.obj (OTA_IAP)
  .\servicegen.obj (SERVICEGEN)
  .\security.obj (SECURITY)
  .\application_check.obj (APPLICATION_CHECK)
  .\interrupt_UART.obj (INTERRUPT_UART)
  .\main_UART.obj (MAIN_UART)
  .\mcufunction_UART.obj (MCUFUNCTION_UART)
  .\IEEE.obj (IEEEE_ADDRESS)
  .\OTA_Data.obj (OTA_DATA)
  ..\Uart_OTA\Uart_OTA.LIB (UART_OTA)
  ..\Library\A8107_BLE_LIB.LIB (HOST)
  ..\Library\A8107_BLE_LIB.LIB (LINKLAYER)
  ..\Library\A8107_BLE_LIB.LIB (RFA8107)
  ..\OTA\OTA.LIB (OTA)
  ..\IAP\IAP.LIB (IAP)
  D:\KEIL\C51\LIB\C51L.LIB (?C_INIT)
  D:\KEIL\C51\LIB\C51L.LIB (?C?COPY)
  D:\KEIL\C51\LIB\C51L.LIB (?C?CLDPTR)
  D:\KEIL\C51\LIB\C51L.LIB (?C?CLDOPTR)
  D:\KEIL\C51\LIB\C51L.LIB (?C?CSTPTR)
  D:\KEIL\C51\LIB\C51L.LIB (?C?CSTOPTR)
  D:\KEIL\C51\LIB\C51L.LIB (?C?IMUL)
  D:\KEIL\C51\LIB\C51L.LIB (?C?UIDIV)
  D:\KEIL\C51\LIB\C51L.LIB (?C?IILDX)
  D:\KEIL\C51\LIB\C51L.LIB (?C?ILDIX)
  D:\KEIL\C51\LIB\C51L.LIB (?C?ILDOPTR)
  D:\KEIL\C51\LIB\C51L.LIB (?C?LADD)
  D:\KEIL\C51\LIB\C51L.LIB (?C?LSUB)
  D:\KEIL\C51\LIB\C51L.LIB (?C?LMUL)
  D:\KEIL\C51\LIB\C51L.LIB (?C?ULDIV)
  D:\KEIL\C51\LIB\C51L.LIB (?C?LOR)
  D:\KEIL\C51\LIB\C51L.LIB (?C?SLCMP)
  D:\KEIL\C51\LIB\C51L.LIB (?C?ULCMP)
  D:\KEIL\C51\LIB\C51L.LIB (?C?ULSHR)
  D:\KEIL\C51\LIB\C51L.LIB (?C?SLSHR)
  D:\KEIL\C51\LIB\C51L.LIB (?C?LSHL)
  D:\KEIL\C51\LIB\C51L.LIB (?C?LLDXDATA)
  D:\KEIL\C51\LIB\C51L.LIB (?C?LLDCODE)
  D:\KEIL\C51\LIB\C51L.LIB (?C?LLDXDATA0)
  D:\KEIL\C51\LIB\C51L.LIB (?C?LSTXDATA)
  D:\KEIL\C51\LIB\C51L.LIB (?C?LSTKXDATA)
  D:\KEIL\C51\LIB\C51L.LIB (?C?OFFXADD)
  D:\KEIL\C51\LIB\C51L.LIB (?C?PLDXDATA)
BL51 BANKED LINKER/LOCATER V6.22                                                      09/07/2017  13:20:04  PAGE 2


  D:\KEIL\C51\LIB\C51L.LIB (?C?PSTXDATA)
  D:\KEIL\C51\LIB\C51L.LIB (?C?PLDCODE)
  D:\KEIL\C51\LIB\C51L.LIB (?C?CCASE)
  D:\KEIL\C51\LIB\C51L.LIB (?C?LIMUL)
  D:\KEIL\C51\LIB\C51L.LIB (?C?MEMCMP)
  D:\KEIL\C51\LIB\C51L.LIB (?C?MEMSET)


LINK MAP OF MODULE:  Demo_UART_OTA (?C_STARTUP)


            TYPE    BASE      LENGTH    RELOCATION   SEGMENT NAME
            -----------------------------------------------------

            * * * * * * *   D A T A   M E M O R Y   * * * * * * *
            REG     0000H     0008H     ABSOLUTE     "REG BANK 0"
            DATA    0008H     0003H     UNIT         ?DT?_WRITEFLASH_START?IAP
            DATA    000BH     0002H     UNIT         ?DT?_IAP_READDATA?IAP
            DATA    000DH     0001H     UNIT         ?DT?PRCSS_OPCODE_ATT_WRITE_REQUEST?HOST
            DATA    000EH     0001H     UNIT         ?DT?PRCSS_OPCODE_ATT_WRITE_COMMAND?HOST
            DATA    000FH     0001H     UNIT         ?DT?PRCSS_BLE_CODE_SMP_IDENTITY_ADDRESS_INFORMATION?HOST
            DATA    0010H     0001H     UNIT         ?DT?_CMD_FLASHBOND?HOST
            DATA    0011H     0001H     UNIT         ?DT?_ERSDATA_FLASHBOND?HOST
            DATA    0012H     0001H     UNIT         ?DT?_ERSINFO_FLASHBOND?HOST
            DATA    0013H     0001H     UNIT         ?DT?_MARK_PID_INFO_FLASHBOND?HOST
            DATA    0014H     0001H     UNIT         ?DT?_MARK_PID_DATA_FLASHBOND?HOST
            DATA    0015H     0001H     UNIT         ?DT?FIL_INFO_FLASHBONDWEXST_PBID?HOST
            DATA    0016H     0001H     UNIT         ?DT?OTA_KEEPBONDING?OTA
            DATA    0017H     0001H     UNIT         ?DT?ERASECKCODE?OTA
            DATA    0018H     0001H     UNIT         ?DT?ERASEAREA?OTA
            DATA    0019H     0001H     UNIT         ?DT?_ENTRYDATA?OTA
            DATA    001AH     0001H     UNIT         ?DT?_ERASE_START?IAP
            DATA    001BH     0001H     UNIT         ?DT?_IAP_ERASE?IAP
            DATA    001CH     0001H     UNIT         ?DT?_IAP_WRITEDATA?IAP
            IDATA   001DH     0002H     UNIT         ?ID?INITMCU?MCUFUNCTION_UART
                    001FH     0001H                  *** GAP ***
            DATA    0020H     0001H     ABSOLUTE     
            DATA    0021H     0001H     BIT_ADDR     ?BA?UART_OTA
            BIT     0022H.0   0007H.2   UNIT         ?BI?LINKLAYER
            BIT     0029H.2   0000H.1   UNIT         ?BI?PRCSS_OPCODE_ATT_FIND_INFORMATION_REQUEST?HOST
            BIT     0029H.3   0000H.1   UNIT         ?BI?PRCSS_OPCODE_ATT_FIND_INFORMATION_RESPONSE?HOST
            BIT     0029H.4   0000H.1   UNIT         ?BI?PRCSS_OPCODE_ATT_READ_BY_TYPE_RESPONSE?HOST
            BIT     0029H.5   0000H.1   UNIT         ?BI?PRCSS_OPCODE_ATT_READ_BLOB_REQUEST?HOST
            BIT     0029H.6   0000H.1   UNIT         ?BI?PRCSS_OPCODE_ATT_HANDLE_VALUE_NOTIFICATION?HOST
            BIT     0029H.7   0000H.1   UNIT         ?BI?_BLE_SENDDATA?HOST
            BIT     002AH.0   0000H.1   UNIT         ?BI?ADVGO?LINKLAYER
            BIT     002AH.1   0000H.1   UNIT         ?BI?CONNECTESTABLISH?LINKLAYER
            BIT     002AH.2   0000H.1   UNIT         ?BI?MD_PROCEDURE?LINKLAYER
            BIT     002AH.3   0000H.1   UNIT         ?BI?A8107_RCSELECT?RFA8107
            BIT     002AH.4   0000H.1   UNIT         ?BI?OTA_PROCESS?OTA
                    002AH.5   0000H.3                *** GAP ***
            IDATA   002BH     0006H     UNIT         ?ID?_UART_IAP_WRITEDATA?UART_OTA
            IDATA   0031H     0004H     UNIT         ?ID?_WRITEFLASH_START?IAP
            IDATA   0035H     0002H     UNIT         ?ID?_ERASE_START?IAP
            IDATA   0037H     0001H     UNIT         ?STACK

            * * * * * * *  X D A T A   M E M O R Y  * * * * * * *
BL51 BANKED LINKER/LOCATER V6.22                                                      09/07/2017  13:20:04  PAGE 3


            XDATA   0000H     006FH     ABSOLUTE     
            XDATA   006FH     0020H     ABSOLUTE     
            XDATA   008FH     0020H     ABSOLUTE     
            XDATA   00AFH     001EH     ABSOLUTE     
            XDATA   00CDH     0040H     ABSOLUTE     
            XDATA   010DH     0040H     ABSOLUTE     
            XDATA   014DH     0006H     ABSOLUTE     
            XDATA   0153H     0002H     ABSOLUTE     
            XDATA   0155H     0014H     ABSOLUTE     
            XDATA   0169H     0140H     ABSOLUTE     
            XDATA   02A9H     0020H     ABSOLUTE     
            XDATA   02C9H     0002H     ABSOLUTE     
            XDATA   02CBH     0002H     ABSOLUTE     
            XDATA   02CDH     0020H     ABSOLUTE     
            XDATA   02EDH     0008H     ABSOLUTE     
            XDATA   02F5H     0002H     ABSOLUTE     
            XDATA   02F7H     0008H     ABSOLUTE     
            XDATA   02FFH     0004H     ABSOLUTE     
            XDATA   0303H     0040H     ABSOLUTE     
            XDATA   0343H     0100H     ABSOLUTE     
            XDATA   0443H     0010H     ABSOLUTE     
            XDATA   0453H     0010H     ABSOLUTE     
            XDATA   0463H     0010H     ABSOLUTE     
            XDATA   0473H     0010H     ABSOLUTE     
            XDATA   0483H     0010H     ABSOLUTE     
            XDATA   0493H     0008H     ABSOLUTE     
            XDATA   049BH     0010H     ABSOLUTE     
            XDATA   04ABH     0010H     ABSOLUTE     
            XDATA   04BBH     0010H     ABSOLUTE     
            XDATA   04CBH     0010H     ABSOLUTE     
            XDATA   04DBH     0010H     ABSOLUTE     
            XDATA   04EBH     0020H     ABSOLUTE     
            XDATA   050BH     0020H     ABSOLUTE     
            XDATA   052BH     0008H     ABSOLUTE     
            XDATA   0533H     0010H     ABSOLUTE     
            XDATA   0543H     000AH     ABSOLUTE     
            XDATA   054DH     0001H     ABSOLUTE     
            XDATA   054EH     0001H     ABSOLUTE     
            XDATA   054FH     0001H     ABSOLUTE     
            XDATA   0550H     0001H     ABSOLUTE     
            XDATA   0551H     0001H     ABSOLUTE     
            XDATA   0552H     0001H     ABSOLUTE     
            XDATA   0553H     0001H     ABSOLUTE     
            XDATA   0554H     0001H     ABSOLUTE     
            XDATA   0555H     0001H     ABSOLUTE     
            XDATA   0556H     0001H     ABSOLUTE     
            XDATA   0557H     0001H     ABSOLUTE     
            XDATA   0558H     0001H     ABSOLUTE     
            XDATA   0559H     0001H     ABSOLUTE     
            XDATA   055AH     0001H     ABSOLUTE     
            XDATA   055BH     0001H     ABSOLUTE     
            XDATA   055CH     0001H     ABSOLUTE     
            XDATA   055DH     0001H     ABSOLUTE     
            XDATA   055EH     0001H     ABSOLUTE     
            XDATA   055FH     0001H     ABSOLUTE     
            XDATA   0560H     0001H     ABSOLUTE     
            XDATA   0561H     0001H     ABSOLUTE     
BL51 BANKED LINKER/LOCATER V6.22                                                      09/07/2017  13:20:04  PAGE 4


            XDATA   0562H     0001H     ABSOLUTE     
            XDATA   0563H     0001H     ABSOLUTE     
            XDATA   0564H     0001H     ABSOLUTE     
            XDATA   0565H     0001H     ABSOLUTE     
            XDATA   0566H     0001H     ABSOLUTE     
            XDATA   0567H     0001H     ABSOLUTE     
            XDATA   0568H     0001H     ABSOLUTE     
            XDATA   0569H     0001H     ABSOLUTE     
            XDATA   056AH     0001H     ABSOLUTE     
            XDATA   056BH     0001H     ABSOLUTE     
            XDATA   056CH     0001H     ABSOLUTE     
            XDATA   056DH     0001H     ABSOLUTE     
            XDATA   056EH     0001H     ABSOLUTE     
            XDATA   056FH     0001H     ABSOLUTE     
            XDATA   0570H     0001H     ABSOLUTE     
            XDATA   0571H     0001H     ABSOLUTE     
            XDATA   0572H     0001H     ABSOLUTE     
            XDATA   0573H     0001H     ABSOLUTE     
            XDATA   0574H     0001H     ABSOLUTE     
            XDATA   0575H     0001H     ABSOLUTE     
            XDATA   0576H     0001H     ABSOLUTE     
            XDATA   0577H     0001H     ABSOLUTE     
            XDATA   0578H     0001H     ABSOLUTE     
            XDATA   0579H     0001H     ABSOLUTE     
            XDATA   057AH     0001H     ABSOLUTE     
            XDATA   057BH     0001H     ABSOLUTE     
            XDATA   057CH     0001H     ABSOLUTE     
            XDATA   057DH     0001H     ABSOLUTE     
            XDATA   057EH     0001H     ABSOLUTE     
            XDATA   057FH     0001H     ABSOLUTE     
            XDATA   0580H     0001H     ABSOLUTE     
            XDATA   0581H     0001H     ABSOLUTE     
            XDATA   0582H     0001H     ABSOLUTE     
            XDATA   0583H     0001H     ABSOLUTE     
            XDATA   0584H     0001H     ABSOLUTE     
            XDATA   0585H     0001H     ABSOLUTE     
            XDATA   0586H     0001H     ABSOLUTE     
            XDATA   0587H     0002H     ABSOLUTE     
            XDATA   0589H     0002H     ABSOLUTE     
            XDATA   058BH     0002H     ABSOLUTE     
            XDATA   058DH     0002H     ABSOLUTE     
            XDATA   058FH     0002H     ABSOLUTE     
            XDATA   0591H     0002H     ABSOLUTE     
            XDATA   0593H     0002H     ABSOLUTE     
            XDATA   0595H     0002H     ABSOLUTE     
            XDATA   0597H     0002H     ABSOLUTE     
            XDATA   0599H     0002H     ABSOLUTE     
            XDATA   059BH     0002H     ABSOLUTE     
            XDATA   059DH     0002H     ABSOLUTE     
            XDATA   059FH     0002H     ABSOLUTE     
            XDATA   05A1H     0004H     ABSOLUTE     
            XDATA   05A5H     0004H     ABSOLUTE     
            XDATA   05A9H     0004H     ABSOLUTE     
            XDATA   05ADH     0004H     ABSOLUTE     
            XDATA   05B1H     0006H     ABSOLUTE     
            XDATA   05B7H     0004H     ABSOLUTE     
            XDATA   05BBH     0003H     ABSOLUTE     
BL51 BANKED LINKER/LOCATER V6.22                                                      09/07/2017  13:20:04  PAGE 5


            XDATA   05BEH     0001H     ABSOLUTE     
            XDATA   05BFH     0002H     ABSOLUTE     
            XDATA   05C1H     0002H     ABSOLUTE     
            XDATA   05C3H     0002H     ABSOLUTE     
            XDATA   05C5H     0002H     ABSOLUTE     
            XDATA   05C7H     0005H     ABSOLUTE     
            XDATA   05CCH     0001H     ABSOLUTE     
            XDATA   05CDH     0001H     ABSOLUTE     
            XDATA   05CEH     0001H     ABSOLUTE     
            XDATA   05CFH     0001H     ABSOLUTE     
            XDATA   05D0H     0002H     ABSOLUTE     
            XDATA   05D2H     0002H     ABSOLUTE     
            XDATA   05D4H     0002H     ABSOLUTE     
            XDATA   05D6H     0002H     ABSOLUTE     
            XDATA   05D8H     0002H     ABSOLUTE     
            XDATA   05DAH     0005H     ABSOLUTE     
            XDATA   05DFH     0002H     ABSOLUTE     
            XDATA   05E1H     0002H     ABSOLUTE     
            XDATA   05E3H     0001H     ABSOLUTE     
            XDATA   05E4H     0002H     ABSOLUTE     
            XDATA   05E6H     0005H     ABSOLUTE     
            XDATA   05EBH     0001H     ABSOLUTE     
            XDATA   05ECH     0001H     ABSOLUTE     
            XDATA   05EDH     0001H     ABSOLUTE     
            XDATA   05EEH     0001H     ABSOLUTE     
            XDATA   05EFH     0001H     ABSOLUTE     
            XDATA   05F0H     0006H     ABSOLUTE     
            XDATA   05F6H     0006H     ABSOLUTE     
            XDATA   05FCH     0001H     ABSOLUTE     
            XDATA   05FDH     0103H     UNIT         ?XD?ERASEAREA?OTA
            XDATA   0700H     00A6H     UNIT         ?XD?HOST
            XDATA   07A6H     0099H     UNIT         ?XD?SERVICEGEN
            XDATA   083FH     0081H     UNIT         ?XD?UART_OTA
            XDATA   08C0H     0026H     UNIT         ?XD?_SMPC1?LINKLAYER
            XDATA   08E6H     0025H     UNIT         ?XD?PRCSS_LL_ENC_REQ?LINKLAYER
            XDATA   090BH     0019H     UNIT         ?XD?PRCSS_OPCODE_ATT_READ_BY_GROUP_TYPE_REQUEST?HOST
            XDATA   0924H     0018H     UNIT         ?XD?MAIN?MAIN_UART
            XDATA   093CH     0018H     UNIT         ?XD?PRCSS_OPCODE_ATT_READ_BY_TYPE_REQUEST?HOST
            XDATA   0954H     0016H     UNIT         ?XD?_SMPS1?LINKLAYER
            XDATA   096AH     0014H     UNIT         ?XD?PRCSS_BLE_CODE_SMP_IDENTITY_ADDRESS_INFORMATION?HOST
            XDATA   097EH     0011H     UNIT         ?XD?_UART_OTA_ENTRYDATA?UART_OTA
            XDATA   098FH     0011H     UNIT         ?XD?PRCSS_BLE_CODE_SMP_PAIRING_RANDOM?HOST
            XDATA   09A0H     0011H     UNIT         ?XD?TXDATA_PROCESS?LINKLAYER
            XDATA   09B1H     0010H     UNIT         ?XD?PRCSS_BLE_CODE_SMP_PAIRING_CONFIRM?HOST
            XDATA   09C1H     0010H     UNIT         ?XD?SETBLE_TIMEINTERVAL_CONNECT?LINKLAYER
            XDATA   09D1H     0010H     UNIT         ?XD?LINKLAYER
            XDATA   09E1H     000FH     UNIT         ?XD?OTA_PROCESS?OTA
            XDATA   09F0H     000DH     UNIT         ?XD?_SETBLE_CONNTXDATA_ATT_ERROR_RESPONSE?LINKLAYER
            XDATA   09FDH     000CH     UNIT         ?XD?_UART_OTA_ENTRYCMD?UART_OTA
            XDATA   0A09H     000CH     UNIT         ?XD?ADVGO?LINKLAYER
            XDATA   0A15H     000CH     UNIT         ?XD?_ENTRYCMD?OTA
            XDATA   0A21H     000CH     UNIT         ?XD?_ENTRYDATA?OTA
            XDATA   0A2DH     000BH     UNIT         ?XD?_BLE_SENDDATA?HOST
            XDATA   0A38H     0009H     UNIT         ?XD?_CHKBLE_ATT_CHR_ACSSWR_BYUSER?APPLICATION_CHECK
            XDATA   0A41H     0009H     UNIT         ?XD?PRCSS_LL_FEATURE_REQ?LINKLAYER
            XDATA   0A4AH     0008H     UNIT         ?XD?MAIN_UART
            XDATA   0A52H     0008H     UNIT         ?XD?_CMD_FLASHBOND?HOST
BL51 BANKED LINKER/LOCATER V6.22                                                      09/07/2017  13:20:04  PAGE 6


            XDATA   0A5AH     0008H     UNIT         ?XD?_BLE_SETCONNECTPARAMETERUPDATEREQUEST?LINKLAYER
            XDATA   0A62H     0007H     UNIT         ?XD?_UARTTX?UART_OTA
            XDATA   0A69H     0007H     UNIT         ?XD?INITBLE_ATTSERVPARAMTER?LINKLAYER
            XDATA   0A70H     0007H     UNIT         ?XD?_WRITEFLASH_START?IAP
            XDATA   0A77H     0007H     UNIT         ?XD?_IAP_READDATA?IAP
            XDATA   0A7EH     0007H     UNIT         ?XD?_IAP_WRITEDATA?IAP
            XDATA   0A85H     0006H     UNIT         ?XD?PRCSS_OPCODE_ATT_READ_BLOB_REQUEST?HOST
            XDATA   0A8BH     0006H     UNIT         ?XD?PRCSS_OPCODE_ATT_WRITE_REQUEST?HOST
            XDATA   0A91H     0006H     UNIT         ?XD?PRCSS_OPCODE_ATT_WRITE_COMMAND?HOST
            XDATA   0A97H     0006H     UNIT         ?XD?SETBLE_TIMEINTERVAL_WINOFFSET?LINKLAYER
            XDATA   0A9DH     0006H     UNIT         ?XD?_SETBLE_CONNTXDATA?LINKLAYER
            XDATA   0AA3H     0006H     UNIT         ?XD?_SETBLE_CONNTXCTRL?LINKLAYER
            XDATA   0AA9H     0006H     UNIT         ?XD?PRCSS_LL_VERSION_IND?LINKLAYER
            XDATA   0AAFH     0005H     UNIT         ?XD?PRCSS_OPCODE_ATT_FIND_INFORMATION_REQUEST?HOST
            XDATA   0AB4H     0005H     UNIT         ?XD?PRCSS_OPCODE_ATT_FIND_BY_TYPE_VALUE_REQUEST?HOST
            XDATA   0AB9H     0005H     UNIT         ?XD?_MARK_PID_INFO_FLASHBOND?HOST
            XDATA   0ABEH     0005H     UNIT         ?XD?_MARK_PID_DATA_FLASHBOND?HOST
            XDATA   0AC3H     0005H     UNIT         ?XD?FIL_DATA_FLASHBONDWEXST_PBID?HOST
            XDATA   0AC8H     0005H     UNIT         ?XD?INITBLE?LINKLAYER
            XDATA   0ACDH     0005H     UNIT         ?XD?_BLE_ADV_CMD?LINKLAYER
            XDATA   0AD2H     0004H     UNIT         ?XD?PRCSS_OPCODE_ATT_READ_REQUEST?HOST
            XDATA   0AD6H     0004H     UNIT         ?XD?_ERSDATA_FLASHBOND?HOST
            XDATA   0ADAH     0004H     UNIT         ?XD?_ERSINFO_FLASHBOND?HOST
            XDATA   0ADEH     0004H     UNIT         ?XD?_BLE_PASSKEY_SET?HOST
            XDATA   0AE2H     0004H     UNIT         ?XD?RXDATA_PROCESS?LINKLAYER
            XDATA   0AE6H     0004H     UNIT         ?XD?PRCSS_LL_CONNECTION_UPDATE_REQ?LINKLAYER
            XDATA   0AEAH     0004H     UNIT         ?XD?PRCSS_LL_START_ENC_RSP?LINKLAYER
            XDATA   0AEEH     0004H     UNIT         ?XD?SETRXWINDOWTIMING?RFA8107
            XDATA   0AF2H     0003H     UNIT         ?XD?_CHKBLE_ATT_CHR_ACSSRD_BYUSER?APPLICATION_CHECK
            XDATA   0AF5H     0003H     UNIT         ?XD?_CHARTRANSFER?UART_OTA
            XDATA   0AF8H     0003H     UNIT         ?XD?HANDLEUARTRXDATA?UART_OTA
            XDATA   0AFBH     0003H     UNIT         ?XD?UARTOTA_PROCESS?UART_OTA
            XDATA   0AFEH     0003H     UNIT         ?XD?_SETADV_TO?LINKLAYER
            XDATA   0B01H     0003H     UNIT         ?XD?PRCSS_LL_START_ENC_REQ?LINKLAYER
            XDATA   0B04H     0002H     UNIT         ?XD?_UART_IAP_READDATA?UART_OTA
            XDATA   0B06H     0002H     UNIT         ?XD?PRCSS_OPCODE_ATT_READ_BY_TYPE_RESPONSE?HOST
            XDATA   0B08H     0002H     UNIT         ?XD?PRCSS_OPCODE_ATT_HANDLE_VALUE_NOTIFICATION?HOST
            XDATA   0B0AH     0002H     UNIT         ?XD?_SETADV_RUN_CTRL?LINKLAYER
            XDATA   0B0CH     0002H     UNIT         ?XD?CHECKBLETIMER?LINKLAYER
            XDATA   0B0EH     0002H     UNIT         ?XD?A8107_CAL?RFA8107
            XDATA   0B10H     0001H     UNIT         ?XD?INTERRUPT_UART
            XDATA   0B11H     0001H     UNIT         ?XD?FIL_INFO_FLASHBONDWEXST_PBID?HOST
            XDATA   0B12H     0001H     UNIT         ?XD?_BLE_INITIMMEDIATEALERTLEVEL?LINKLAYER
            XDATA   0B13H     0001H     UNIT         ?XD?_BLE_INITLINKLOSSALERTLEVEL?LINKLAYER
            XDATA   0B14H     0001H     UNIT         ?XD?MD_PROCEDURE?LINKLAYER
            XDATA   0B15H     0001H     UNIT         ?XD?PRCSS_LL_PAUSE_ENC_REQ?LINKLAYER
            XDATA   0B16H     0001H     UNIT         ?XD?SMPAES?LINKLAYER
            XDATA   0B17H     0001H     UNIT         ?XD?CONSUMER_BONDINGRESULT_CLEAR?LINKLAYER
            XDATA   0B18H     0001H     UNIT         ?XD?INITRF?RFA8107
            XDATA   0B19H     0001H     UNIT         ?XD?_CHGROUPCAL?RFA8107
            XDATA   0B1AH     0001H     UNIT         ?XD?_BLE_SETTXPOWER?RFA8107
            XDATA   0B1BH     0001H     UNIT         ?XD?BATTERYDETECT?RFA8107
            XDATA   0B1CH     0001H     UNIT         ?XD?OTA_KEEPBONDING?OTA
            XDATA   0B1DH     0001H     UNIT         ?XD?OTA_UPDATASPEED?OTA
                    0B1EH     03E2H                  *** GAP ***
            XDATA   0F00H     0001H     ABSOLUTE     
            XDATA   0F01H     0001H     ABSOLUTE     
BL51 BANKED LINKER/LOCATER V6.22                                                      09/07/2017  13:20:04  PAGE 7


            XDATA   0F02H     0001H     ABSOLUTE     
            XDATA   0F03H     0002H     ABSOLUTE     
            XDATA   0F05H     0002H     ABSOLUTE     
            XDATA   0F07H     0014H     ABSOLUTE     
            XDATA   0F1BH     0010H     ABSOLUTE     
            XDATA   0F2BH     0001H     ABSOLUTE     
            XDATA   0F2CH     0001H     ABSOLUTE     
            XDATA   0F2DH     0014H     ABSOLUTE     
            XDATA   0F41H     0001H     ABSOLUTE     
            XDATA   0F42H     0001H     ABSOLUTE     

            * * * * * * *   C O D E   M E M O R Y   * * * * * * *
            CODE    0000H     0004H     ABSOLUTE     
                    0004H     0007H                  *** GAP ***
            CODE    000BH     0003H     ABSOLUTE     
                    000EH     0005H                  *** GAP ***
            CODE    0013H     0003H     ABSOLUTE     
                    0016H     0005H                  *** GAP ***
            CODE    001BH     0003H     ABSOLUTE     
                    001EH     0005H                  *** GAP ***
            CODE    0023H     0003H     ABSOLUTE     
                    0026H     0005H                  *** GAP ***
            CODE    002BH     0003H     ABSOLUTE     
                    002EH     0005H                  *** GAP ***
            CODE    0033H     0003H     ABSOLUTE     
                    0036H     0005H                  *** GAP ***
            CODE    003BH     0003H     ABSOLUTE     
                    003EH     0005H                  *** GAP ***
            CODE    0043H     0003H     ABSOLUTE     
                    0046H     0005H                  *** GAP ***
            CODE    004BH     0003H     ABSOLUTE     
                    004EH     0005H                  *** GAP ***
            CODE    0053H     0003H     ABSOLUTE     
                    0056H     0005H                  *** GAP ***
            CODE    005BH     0003H     ABSOLUTE     
                    005EH     0005H                  *** GAP ***
            CODE    0063H     0003H     ABSOLUTE     
                    0066H     0005H                  *** GAP ***
            CODE    006BH     0003H     ABSOLUTE     
                    006EH     0005H                  *** GAP ***
            CODE    0073H     0003H     ABSOLUTE     
                    0076H     0005H                  *** GAP ***
            CODE    007BH     01B9H     ABSOLUTE     
                    0234H     00C4H                  *** GAP ***
            CODE    02F8H     0008H     ABSOLUTE     
            CODE    0300H     0003H     ABSOLUTE     
            CODE    0303H     0008H     UNIT         ?PR?_SETBLE_ADVLENGTH?LINKLAYER
            CODE    030BH     0003H     ABSOLUTE     
            CODE    030EH     0005H     UNIT         ?PR?ENABLETIMER0?RFA8107
            CODE    0313H     0003H     ABSOLUTE     
            CODE    0316H     0003H     UNIT         ?PR?PRCSS_LL_TERMINATE_IND?LINKLAYER
            CODE    0319H     0001H     UNIT         ?PR?PRCSS_LL_ENC_RSP?LINKLAYER
            CODE    031AH     0001H     UNIT         ?PR?PRCSS_LL_UNKNOWN_RSP?LINKLAYER
            CODE    031BH     0003H     ABSOLUTE     
            CODE    031EH     0003H     UNIT         ?PR?SETBLE_CONNDIS?LINKLAYER
            CODE    0321H     0001H     UNIT         ?PR?PRCSS_LL_FEATURE_RSP?LINKLAYER
            CODE    0322H     0001H     UNIT         ?PR?PRCSS_LL_REJECT_IND?LINKLAYER
BL51 BANKED LINKER/LOCATER V6.22                                                      09/07/2017  13:20:04  PAGE 8


            CODE    0323H     0003H     ABSOLUTE     
            CODE    0326H     0003H     UNIT         ?PR?BLE_AUTOPWRDOWN_DISABLE?LINKLAYER
            CODE    0329H     0001H     UNIT         ?PR?PRCSS_LL_SLAVE_FEATURE_REQ?LINKLAYER
            CODE    032AH     0001H     UNIT         ?PR?PRCSS_LL_CONNECT_PARAM_REQ?LINKLAYER
            CODE    032BH     0003H     ABSOLUTE     
            CODE    032EH     000DH     UNIT         ?PR?BLE_SETTERMINATE?LINKLAYER
            CODE    033BH     0003H     ABSOLUTE     
            CODE    033EH     0003H     UNIT         ?PR?BLE_WHITELIST_ENABLE?LINKLAYER
            CODE    0341H     0001H     UNIT         ?PR?PRCSS_LL_CONNECT_PARAM_RSP?LINKLAYER
            CODE    0342H     0001H     UNIT         ?PR?PRCSS_LL_REJECT_IND_EXT?LINKLAYER
            CODE    0343H     0003H     ABSOLUTE     
            CODE    0346H     0003H     UNIT         ?PR?BLE_WHITELIST_DISABLE?LINKLAYER
            CODE    0349H     0001H     UNIT         ?PR?PRCSS_LL_PING_REQ?LINKLAYER
            CODE    034AH     0001H     UNIT         ?PR?PRCSS_LL_PING_RSP?LINKLAYER
            CODE    034BH     0003H     ABSOLUTE     
            CODE    034EH     0003H     UNIT         ?PR?CONSUMER_ENCRYPTION_STRUCT?LINKLAYER
            CODE    0351H     0001H     UNIT         ?PR?PRCSS_LL_LENGTH_REQ?LINKLAYER
            CODE    0352H     0001H     UNIT         ?PR?PRCSS_LL_LENGTH_RSP?LINKLAYER
            CODE    0353H     0003H     ABSOLUTE     
            CODE    0356H     0003H     UNIT         ?PR?INTERRUPTDISABLE?RFA8107
                    0359H     0002H                  *** GAP ***
            CODE    035BH     0003H     ABSOLUTE     
            CODE    035EH     00A2H     UNIT         ?PR?_SETBLE_CONNTXDATA?LINKLAYER
            CODE    0400H     000BH     UNIT         ?PR?_UART_IAP_BANKSWITCH?UART_OTA
            CODE    040BH     0011H     UNIT         ?PR?_UART_IAP_INIT?UART_OTA
            CODE    041CH     001AH     UNIT         ?PR?_UART_IAP_ERASE?UART_OTA
            CODE    0436H     0039H     UNIT         ?PR?_UART_IAP_READDATA?UART_OTA
            CODE    046FH     0064H     UNIT         ?PR?_UART_IAP_WRITEDATA?UART_OTA
            CODE    04D3H     0012H     UNIT         ?PR?ENABLETIMER1_10MS?UART_OTA
            CODE    04E5H     0013H     UNIT         ?PR?ENABLETIMER1_300MS?UART_OTA
            CODE    04F8H     0005H     UNIT         ?PR?DISABLETIMER1?UART_OTA
            CODE    04FDH     000EH     UNIT         ?PR?INITTIMER1?UART_OTA
            CODE    050BH     0013H     UNIT         ?PR?TIMER1IRQ?UART_OTA
            CODE    051EH     0016H     UNIT         ?PR?INITUART?UART_OTA
            CODE    0534H     004FH     UNIT         ?PR?UART1IRQ?UART_OTA
            CODE    0583H     0018H     UNIT         ?PR?_HEXTRANSFER?UART_OTA
            CODE    059BH     0018H     UNIT         ?PR?_CHARTRANSFER?UART_OTA
            CODE    05B3H     008BH     UNIT         ?PR?HANDLEUARTRXDATA?UART_OTA
            CODE    063EH     00C4H     UNIT         ?PR?_UARTTX?UART_OTA
            CODE    0702H     018AH     UNIT         ?PR?_UART_OTA_ENTRYCMD?UART_OTA
            CODE    088CH     0232H     UNIT         ?PR?_UART_OTA_ENTRYDATA?UART_OTA
            CODE    0ABEH     001EH     UNIT         ?PR?UART_OTA_INIT?UART_OTA
            CODE    0ADCH     000DH     UNIT         ?PR?UART_OTA_FUN_SOFTWAREREST?UART_OTA
            CODE    0AE9H     0011H     UNIT         ?PR?UART_OTA_ERASECKCODE?UART_OTA
            CODE    0AFAH     00E2H     UNIT         ?PR?UARTOTA_PROCESS?UART_OTA
            CODE    0BDCH     00CFH     UNIT         ?PR?UART_OTA
            CODE    0CABH     00B5H     UNIT         ?PR?OTA_KEEPBONDING?OTA
            CODE    0D60H     0016H     UNIT         ?PR?RESET4OTA?OTA
            CODE    0D76H     0026H     UNIT         ?PR?ERASECKCODE?OTA
            CODE    0D9CH     00D2H     UNIT         ?PR?ERASEAREA?OTA
            CODE    0E6EH     019BH     UNIT         ?PR?_ENTRYCMD?OTA
            CODE    1009H     0229H     UNIT         ?PR?_ENTRYDATA?OTA
            CODE    1232H     0020H     UNIT         ?PR?OTA_INITIALIZE?OTA
            CODE    1252H     00D7H     UNIT         ?PR?OTA_UPDATASPEED?OTA
            CODE    1329H     0034H     UNIT         ?PR?_OTA_SETRECEIVEDATA?OTA
            CODE    135DH     0323H     UNIT         ?PR?OTA_PROCESS?OTA
            CODE    1680H     0162H     UNIT         ?PR?OTA
BL51 BANKED LINKER/LOCATER V6.22                                                      09/07/2017  13:20:04  PAGE 9


            CODE    17E2H     0699H     UNIT         ?C?LIB_CODE
            CODE    1E7BH     0591H     UNIT         ?PR?PRCSS_LL_ENC_REQ?LINKLAYER
            CODE    240CH     00DBH     UNIT         ?PR?_BLE_SETCONNECTPARAMETERUPDATEREQUEST?LINKLAYER
            CODE    24E7H     0018H     UNIT         ?PR?_CONSUMER_SETBONDING_STATUS?LINKLAYER
                    24FFH     0001H                  *** GAP ***
            CODE    2500H     0004H     UNIT         ?PR?FLASH_INITIAL?IAP
            CODE    2504H     0004H     UNIT         ?PR?FLASH_RELEASE?IAP
            CODE    2508H     0023H     UNIT         ?PR?FLASH_PROTECT_BATTERY?IAP
            CODE    252BH     0004H     UNIT         ?PR?PWE_ENABLE?IAP
            CODE    252FH     0007H     UNIT         ?PR?IAP_INITIALIZE?IAP
            CODE    2536H     0007H     UNIT         ?PR?_IAP_BANKSWITCH?IAP
            CODE    253DH     0011H     UNIT         ?PR?_IAP_INIT?IAP
            CODE    254EH     008BH     UNIT         ?PR?_IAP_ERASE?IAP
            CODE    25D9H     0038H     UNIT         ?PR?_IAP_READDATA?IAP
            CODE    2611H     009CH     UNIT         ?PR?_IAP_WRITEDATA?IAP
            CODE    26ADH     07B0H     UNIT         ?PR?LINKLAYER
            CODE    2E5DH     0191H     UNIT         ?C_INITSEG
            CODE    2FEEH     0011H     UNIT         ?PR?CONSUMER_GETBONDING_RESULT?LINKLAYER
                    2FFFH     0001H                  *** GAP ***
            CODE    3000H     009FH     UNIT         ?PR?_ERASE_START?IAP
            CODE    309FH     0121H     UNIT         ?PR?_WRITEFLASH_START?IAP
            CODE    31C0H     0002H     UNIT         ?PR?INT1_ISR?INTERRUPT_UART
            CODE    31C2H     0048H     UNIT         ?PR?TIMER1_ISR?INTERRUPT_UART
            CODE    320AH     0048H     UNIT         ?PR?UART0ISR?INTERRUPT_UART
            CODE    3252H     0002H     UNIT         ?PR?TIMER2_ISR?INTERRUPT_UART
            CODE    3254H     0002H     UNIT         ?PR?INT2_ISR?INTERRUPT_UART
            CODE    3256H     0002H     UNIT         ?PR?SLEEPTIMER1_ISR?INTERRUPT_UART
            CODE    3258H     0002H     UNIT         ?PR?RTC_ISR?INTERRUPT_UART
            CODE    325AH     0068H     UNIT         ?PR?RFISR?INTERRUPT_UART
            CODE    32C2H     0002H     UNIT         ?PR?KEYINT_ISR?INTERRUPT_UART
            CODE    32C4H     0033H     UNIT         ?PR?_PRCSS_L2CAP_CID?HOST
            CODE    32F7H     00B9H     UNIT         ?PR?_PRCSS_BLE_OPCODE_ATT?HOST
            CODE    33B0H     0051H     UNIT         ?PR?_PRCSS_BLE_CODE_SMP?HOST
            CODE    3401H     0001H     UNIT         ?PR?PRCSS_L2CAP_CID_NULL_IDENTIFIER?HOST
            CODE    3402H     0001H     UNIT         ?PR?PRCSS_L2CAP_CID_L2CAP_SIGNALING_CHANNEL?HOST
            CODE    3403H     0001H     UNIT         ?PR?PRCSS_L2CAP_CID_CONNECTIONLESS_CHANNEL?HOST
            CODE    3404H     0001H     UNIT         ?PR?PRCSS_L2CAP_CID_AMP_MANAGER_PROTOCOL?HOST
            CODE    3405H     0025H     UNIT         ?PR?PRCSS_L2CAP_CID_ATTRIBUTE_PROTOCOL?HOST
            CODE    342AH     0036H     UNIT         ?PR?PRCSS_L2CAP_CID_LE_L2CAP_SIGNALING_CHANNEL?HOST
            CODE    3460H     000EH     UNIT         ?PR?PRCSS_L2CAP_CID_SECURITY_MANAGER_PROTOCOL?HOST
            CODE    346EH     0001H     UNIT         ?PR?PRCSS_OPCODE_ATT_NULL?HOST
            CODE    346FH     0036H     UNIT         ?PR?PRCSS_OPCODE_ATT_ERROR_RESPONSE?HOST
            CODE    34A5H     001AH     UNIT         ?PR?PRCSS_OPCODE_ATT_EXCHANGE_MTU_REQUEST?HOST
            CODE    34BFH     0001H     UNIT         ?PR?PRCSS_OPCODE_ATT_EXCHANGE_MTU_RESPONSE?HOST
            CODE    34C0H     018AH     UNIT         ?PR?PRCSS_OPCODE_ATT_FIND_INFORMATION_REQUEST?HOST
            CODE    364AH     0140H     UNIT         ?PR?PRCSS_OPCODE_ATT_FIND_INFORMATION_RESPONSE?HOST
            CODE    378AH     016CH     UNIT         ?PR?PRCSS_OPCODE_ATT_FIND_BY_TYPE_VALUE_REQUEST?HOST
            CODE    38F6H     0058H     UNIT         ?PR?PRCSS_OPCODE_ATT_FIND_BY_TYPE_VALUE_RESPONSE?HOST
            CODE    394EH     02FAH     UNIT         ?PR?PRCSS_OPCODE_ATT_READ_BY_TYPE_REQUEST?HOST
            CODE    3C48H     01D5H     UNIT         ?PR?PRCSS_OPCODE_ATT_READ_BY_TYPE_RESPONSE?HOST
            CODE    3E1DH     00E1H     UNIT         ?PR?PRCSS_OPCODE_ATT_READ_REQUEST?HOST
            CODE    3EFEH     0001H     UNIT         ?PR?PRCSS_OPCODE_ATT_READ_RESPONSE?HOST
            CODE    3EFFH     0160H     UNIT         ?PR?PRCSS_OPCODE_ATT_READ_BLOB_REQUEST?HOST
            CODE    405FH     0001H     UNIT         ?PR?PRCSS_OPCODE_ATT_READ_BLOB_RESPONSE?HOST
            CODE    4060H     0009H     UNIT         ?PR?PRCSS_OPCODE_ATT_READ_MULTIPLE_REQUEST?HOST
            CODE    4069H     0001H     UNIT         ?PR?PRCSS_OPCODE_ATT_READ_MULTIPLE_RESPONSE?HOST
            CODE    406AH     036BH     UNIT         ?PR?PRCSS_OPCODE_ATT_READ_BY_GROUP_TYPE_REQUEST?HOST
BL51 BANKED LINKER/LOCATER V6.22                                                      09/07/2017  13:20:04  PAGE 10


            CODE    43D5H     0001H     UNIT         ?PR?PRCSS_OPCODE_ATT_READ_BY_GROUP_TYPE_RESPONSE?HOST
            CODE    43D6H     0396H     UNIT         ?PR?PRCSS_OPCODE_ATT_WRITE_REQUEST?HOST
            CODE    476CH     0001H     UNIT         ?PR?PRCSS_OPCODE_ATT_WRITE_RESPONSE?HOST
            CODE    476DH     0009H     UNIT         ?PR?PRCSS_OPCODE_ATT_PREPARE_WRITE_REQUEST?HOST
            CODE    4776H     0001H     UNIT         ?PR?PRCSS_OPCODE_ATT_PREPARE_WRITE_RESPONSE?HOST
            CODE    4777H     0009H     UNIT         ?PR?PRCSS_OPCODE_ATT_EXECUTE_WRITE_REQUEST?HOST
            CODE    4780H     0001H     UNIT         ?PR?PRCSS_OPCODE_ATT_EXECUTE_WRITE_RESPONSE?HOST
            CODE    4781H     0080H     UNIT         ?PR?PRCSS_OPCODE_ATT_HANDLE_VALUE_NOTIFICATION?HOST
            CODE    4801H     0001H     UNIT         ?PR?PRCSS_OPCODE_ATT_HANDLE_VALUE_INDICATION?HOST
            CODE    4802H     0003H     UNIT         ?PR?PRCSS_OPCODE_ATT_HANDLE_VALUE_CONFIRMATION?HOST
            CODE    4805H     0391H     UNIT         ?PR?PRCSS_OPCODE_ATT_WRITE_COMMAND?HOST
            CODE    4B96H     0001H     UNIT         ?PR?PRCSS_OPCODE_ATT_SIGNED_WRITE_COMMAND?HOST
            CODE    4B97H     0001H     UNIT         ?PR?PRCSS_BLE_CODE_SMP_RESERVED?HOST
            CODE    4B98H     00CEH     UNIT         ?PR?PRCSS_BLE_CODE_SMP_PAIRING_REQUEST?HOST
            CODE    4C66H     0001H     UNIT         ?PR?PRCSS_BLE_CODE_SMP_PAIRING_RESPONSE?HOST
            CODE    4C67H     007EH     UNIT         ?PR?PRCSS_BLE_CODE_SMP_PAIRING_CONFIRM?HOST
            CODE    4CE5H     00EDH     UNIT         ?PR?PRCSS_BLE_CODE_SMP_PAIRING_RANDOM?HOST
            CODE    4DD2H     0014H     UNIT         ?PR?PRCSS_BLE_CODE_SMP_PAIRING_FAILED?HOST
            CODE    4DE6H     000CH     UNIT         ?PR?PRCSS_BLE_CODE_SMP_ENCRYPTION_INFORMATION?HOST
            CODE    4DF2H     0031H     UNIT         ?PR?PRCSS_BLE_CODE_SMP_MASTER_IDENTIFICATION?HOST
            CODE    4E23H     0014H     UNIT         ?PR?PRCSS_BLE_CODE_SMP_IDENTITY_INFORMATION?HOST
            CODE    4E37H     01B8H     UNIT         ?PR?PRCSS_BLE_CODE_SMP_IDENTITY_ADDRESS_INFORMATION?HOST
            CODE    4FEFH     0014H     UNIT         ?PR?PRCSS_BLE_CODE_SMP_SIGNING_INFORMATION?HOST
            CODE    5003H     001DH     UNIT         ?PR?PRCSS_BLE_CODE_SMP_SECURITY_REQUEST?HOST
            CODE    5020H     0015H     UNIT         ?PR?_GETBLE_ATTRIBUTE_TYPE_SIZE?HOST
            CODE    5035H     004EH     UNIT         ?PR?_CHKBLE_ATTRIBUTE_PERMISSION_READ?HOST
            CODE    5083H     004EH     UNIT         ?PR?_CHKBLE_ATTRIBUTE_PERMISSION_WRITE?HOST
            CODE    50D1H     06D5H     UNIT         ?PR?_CMD_FLASHBOND?HOST
            CODE    57A6H     00C5H     UNIT         ?PR?_ERSDATA_FLASHBOND?HOST
            CODE    586BH     00C5H     UNIT         ?PR?_ERSINFO_FLASHBOND?HOST
            CODE    5930H     0052H     UNIT         ?PR?_MARK_PID_INFO_FLASHBOND?HOST
            CODE    5982H     0056H     UNIT         ?PR?_MARK_PID_DATA_FLASHBOND?HOST
            CODE    59D8H     00CFH     UNIT         ?PR?FIL_INFO_FLASHBONDWEXST_PBID?HOST
            CODE    5AA7H     00FCH     UNIT         ?PR?FIL_DATA_FLASHBONDWEXST_PBID?HOST
            CODE    5BA3H     01F6H     UNIT         ?PR?_BLE_SENDDATA?HOST
            CODE    5D99H     0009H     UNIT         ?PR?BLE_GETWRITEEVENT?HOST
            CODE    5DA2H     0006H     UNIT         ?PR?BLE_GETWRITEEVENT_LENGTH?HOST
            CODE    5DA8H     002CH     UNIT         ?PR?BLE_ANCS_DISCOVER?HOST
            CODE    5DD4H     0020H     UNIT         ?PR?BLE_GETANCS_RESULT?HOST
            CODE    5DF4H     0040H     UNIT         ?PR?SETBLE_ANCS_DISCOVER?HOST
            CODE    5E34H     001BH     UNIT         ?PR?BLE_ANCS_NOTIFICATIONSOURCE_ENABLE?HOST
            CODE    5E4FH     001BH     UNIT         ?PR?BLE_ANCS_NOTIFICATIONSOURCE_DISABLE?HOST
            CODE    5E6AH     0052H     UNIT         ?PR?SETBLE_ANCS_NOTIFICATINOSOURCE?HOST
            CODE    5EBCH     002AH     UNIT         ?PR?BLE_ANCS_DATASOURCE_ENABLE?HOST
            CODE    5EE6H     002AH     UNIT         ?PR?BLE_ANCS_DATASOURCE_DISABLE?HOST
            CODE    5F10H     0052H     UNIT         ?PR?SETBLE_ANCS_DATASOURCE?HOST
            CODE    5F62H     0009H     UNIT         ?PR?BLE_GET_ANCS_NOFITICATION_ENVET?HOST
            CODE    5F6BH     0006H     UNIT         ?PR?BLE_GET_ANCS_NOTIFICATION_LENGTH?HOST
            CODE    5F71H     008DH     UNIT         ?PR?_BLE_ANCS_SEND_CONTROL_POINT?HOST
            CODE    5FFEH     001BH     UNIT         ?PR?_GETBLE_ATTRIBUTE_VALUE_DYNMCLNGTH?HOST
            CODE    6019H     0023H     UNIT         ?PR?_BLE_PASSKEY_SET?HOST
            CODE    603CH     0010H     UNIT         ?PR?PRCSS_PASSKEY_PAIRING_CONFIRM?HOST
            CODE    604CH     0012H     UNIT         ?PR?_CHKIFBLE_ATT_CHR_ACSS_BYUSER?HOST
            CODE    605EH     0008H     UNIT         ?PR?BLE_GETIDENTIFICATIONRESULT?HOST
            CODE    6066H     0783H     UNIT         ?PR?HOST
            CODE    67E9H     021BH     UNIT         ?PR?MAIN?MAIN_UART
            CODE    6A04H     001DH     UNIT         ?PR?MAIN_UART
BL51 BANKED LINKER/LOCATER V6.22                                                      09/07/2017  13:20:04  PAGE 11


            CODE    6A21H     0A4EH     UNIT         ?CO?HOST
            CODE    746FH     057AH     UNIT         ?CO?SERVICEGEN
            CODE    79E9H     0017H     UNIT         ?PR?_SETADV_CHANNEL?LINKLAYER
            CODE    7A00H     0200H     ABSOLUTE     
            CODE    7C00H     0300H     ABSOLUTE     
            CODE    7F00H     00CAH     UNIT         ?PR?_SETBLE_CONNTXCTRL?LINKLAYER
            CODE    7FCAH     002AH     UNIT         ?PR?PRCSS_LL_PAUSE_ENC_RSP?LINKLAYER
            CODE    7FF4H     000CH     ABSOLUTE     
            CODE    8000H     077AH     UNIT         ?PR?ADVGO?LINKLAYER
            CODE    877AH     0513H     UNIT         ?PR?CONNECTESTABLISH?LINKLAYER
            CODE    8C8DH     038CH     UNIT         ?PR?TXDATA_PROCESS?LINKLAYER
            CODE    9019H     0302H     UNIT         ?PR?INITBLE?LINKLAYER
            CODE    931BH     0285H     UNIT         ?PR?BLE_SLAVE_PROCESS?LINKLAYER
            CODE    95A0H     0255H     UNIT         ?PR?INITBLE_ATTSERVPARAMTER?LINKLAYER
            CODE    97F5H     0205H     UNIT         ?PR?ACKDATA_PROCESS?LINKLAYER
            CODE    99FAH     01EDH     UNIT         ?PR?SETBLE_TIMEINTERVAL_CONNECT?LINKLAYER
            CODE    9BE7H     01CFH     UNIT         ?PR?SETRXWINDOWTIMING?RFA8107
            CODE    9DB6H     018EH     UNIT         ?PR?PRCSS_LL_START_ENC_RSP?LINKLAYER
            CODE    9F44H     0180H     UNIT         ?PR?MD_PROCEDURE?LINKLAYER
            CODE    A0C4H     0179H     UNIT         ?PR?RFA8107
            CODE    A23DH     014AH     UNIT         ?PR?BATTERYDETECT?RFA8107
            CODE    A387H     0128H     UNIT         ?PR?_SMPC1?LINKLAYER
            CODE    A4AFH     0120H     UNIT         ?PR?_BLE_SETTXPOWER?RFA8107
            CODE    A5CFH     00BEH     UNIT         ?PR?_SETADV_RUN_CTRL?LINKLAYER
            CODE    A68DH     00B9H     UNIT         ?PR?INITBLESW?LINKLAYER
            CODE    A746H     00AEH     UNIT         ?PR?PARTIAL_INITRF?RFA8107
            CODE    A7F4H     00ADH     UNIT         ?PR?RXDATA_PROCESS?LINKLAYER
            CODE    A8A1H     00A1H     UNIT         ?PR?RXPACKET?LINKLAYER
            CODE    A942H     00A0H     UNIT         ?PR?SETBLE_CHANNEL?LINKLAYER
            CODE    A9E2H     0099H     UNIT         ?PR?CHECKBLETIMER?LINKLAYER
            CODE    AA7BH     008DH     UNIT         ?PR?_PRCSS_LL_CONTROL_PDU?LINKLAYER
            CODE    AB08H     008CH     UNIT         ?C_C51STARTUP
            CODE    AB94H     008CH     UNIT         ?PR?PRCSS_LL_CONNECTION_UPDATE_REQ?LINKLAYER
            CODE    AC20H     008BH     UNIT         ?PR?_BLE_ADV_CMD?LINKLAYER
            CODE    ACABH     0081H     UNIT         ?CO?RFA8107
            CODE    AD2CH     007AH     UNIT         ?PR?PRCSS_LL_PAUSE_ENC_REQ?LINKLAYER
            CODE    ADA6H     0079H     UNIT         ?PR?GETBLE_LINKMESSAGE?LINKLAYER
            CODE    AE1FH     0074H     UNIT         ?PR?CONSUMER_BONDINGRESULT_CLEAR?LINKLAYER
            CODE    AE93H     0070H     UNIT         ?PR?A8107_CONFIG?RFA8107
            CODE    AF03H     006AH     UNIT         ?PR?SETBLE_TIMEINTERVAL_WINOFFSET?LINKLAYER
            CODE    AF6DH     0067H     UNIT         ?PR?A8107_RCSELECT?RFA8107
            CODE    AFD4H     0066H     UNIT         ?PR?PRCSS_LL_CHANNEL_MAP_REQ?LINKLAYER
            CODE    B03AH     0062H     UNIT         ?PR?_BLE_INITIMMEDIATEALERTLEVEL?LINKLAYER
            CODE    B09CH     0062H     UNIT         ?PR?_BLE_INITLINKLOSSALERTLEVEL?LINKLAYER
            CODE    B0FEH     0058H     UNIT         ?PR?INITMCU?MCUFUNCTION_UART
            CODE    B156H     0057H     UNIT         ?PR?GENERATIONLTK?LINKLAYER
            CODE    B1ADH     0057H     UNIT         ?PR?A8107_CAL?RFA8107
            CODE    B204H     0054H     UNIT         ?PR?INITBLESMP_RE?LINKLAYER
            CODE    B258H     0052H     UNIT         ?PR?SMPAES?LINKLAYER
            CODE    B2AAH     0051H     UNIT         ?PR?DC_SHIFT?LINKLAYER
            CODE    B2FBH     0050H     UNIT         ?PR?TIMER0ISR?RFA8107
            CODE    B34BH     004BH     UNIT         ?PR?_RF_TIMER500MS?RFA8107
            CODE    B396H     004AH     UNIT         ?PR?PRCSS_LL_START_ENC_REQ?LINKLAYER
            CODE    B3E0H     0049H     UNIT         ?PR?_SETBLE_SN_NESN?LINKLAYER
            CODE    B429H     0046H     UNIT         ?PR?SETBLE_CONNECTUPDATE?LINKLAYER
            CODE    B46FH     0043H     UNIT         ?PR?_SETADV_TO?LINKLAYER
            CODE    B4B2H     0040H     UNIT         ?CO?LINKLAYER
BL51 BANKED LINKER/LOCATER V6.22                                                      09/07/2017  13:20:04  PAGE 12


            CODE    B4F2H     003BH     UNIT         ?PR?_A8107_RX_PKT_NUM?LINKLAYER
            CODE    B52DH     003BH     UNIT         ?PR?_A8107_TX_PKT_NUM?LINKLAYER
            CODE    B568H     003AH     UNIT         ?PR?_SMPS1?LINKLAYER
            CODE    B5A2H     0039H     UNIT         ?PR?_SETADV_TIMING?LINKLAYER
            CODE    B5DBH     0034H     UNIT         ?PR?_CHGROUPCAL?RFA8107
            CODE    B60FH     0033H     UNIT         ?PR?PRCSS_LL_FEATURE_REQ?LINKLAYER
            CODE    B642H     002DH     UNIT         ?PR?BLE_AUTOPWRDOWN_ENABLE?LINKLAYER
            CODE    B66FH     002BH     UNIT         ?PR?_SETBLE_CONNTXDATA_ATT_ERROR_RESPONSE?LINKLAYER
            CODE    B69AH     0029H     UNIT         ?PR?PRCSS_LL_VERSION_IND?LINKLAYER
            CODE    B6C3H     0025H     UNIT         ?PR?SETBLE_LLTERMINATE?LINKLAYER
            CODE    B6E8H     0025H     UNIT         ?PR?INITRF?RFA8107
            CODE    B70DH     0023H     UNIT         ?PR?_SETBLE_CHECK_SN_NESN?LINKLAYER
            CODE    B730H     0022H     UNIT         ?PR?CONSUMER_BONDING_SUCCESS?LINKLAYER
            CODE    B752H     0020H     UNIT         ?PR?_SETADV_TYPE?LINKLAYER
            CODE    B772H     0020H     UNIT         ?PR?_BLE_SETWHITELIST?LINKLAYER
            CODE    B792H     001FH     UNIT         ?PR?INITTIMER0?RFA8107
            CODE    B7B1H     001EH     UNIT         ?PR?RANDNUMBERGENERATOR?LINKLAYER
            CODE    B7CFH     001DH     UNIT         ?PR?SETBLE_LLBUSY?LINKLAYER
            CODE    B7ECH     001CH     UNIT         ?PR?GETRSSI?RFA8107
            CODE    B808H     001BH     UNIT         ?PR?_INITCRYSTALCL?RFA8107
            CODE    B823H     001BH     UNIT         ?PR?__DELAY5US?RFA8107
            CODE    B83EH     0017H     UNIT         ?PR?_SETADV_RND_CTRL?LINKLAYER
            CODE    B855H     0017H     UNIT         ?PR?_SETADV_TO_CTRL?LINKLAYER
            CODE    B86CH     0017H     UNIT         ?PR?BLE_GETCONNECTUPDATERESULT?LINKLAYER
            CODE    B883H     0015H     UNIT         ?PR?_CHKBLE_ATT_CHR_ACSSWR_BYUSER?APPLICATION_CHECK
            CODE    B898H     0015H     UNIT         ?PR?A8107_WRITEAESKEY?LINKLAYER
            CODE    B8ADH     0015H     UNIT         ?PR?A8107_WRITEID?RFA8107
            CODE    B8C2H     0014H     UNIT         ?PR?A8107_READAESDATA?LINKLAYER
            CODE    B8D6H     0014H     UNIT         ?PR?A8107_WRITEAESDATA?LINKLAYER
            CODE    B8EAH     0010H     UNIT         ?PR?ERR_STATE?RFA8107
            CODE    B8FAH     0010H     UNIT         ?PR?INITCRC?RFA8107
            CODE    B90AH     000FH     UNIT         ?PR?BLE_GETTERMINATERESULT?LINKLAYER
            CODE    B919H     000FH     UNIT         ?PR?RF_RC_DISABLE?RFA8107
            CODE    B928H     000DH     UNIT         ?PR?BLE_GETCONNECTPARAMETER?LINKLAYER
            CODE    B935H     000DH     UNIT         ?PR?BLE_GETCONNECTSERVERADDRESS?LINKLAYER
            CODE    B942H     000CH     UNIT         ?PR?INITBLESMP?LINKLAYER
            CODE    B94EH     000CH     UNIT         ?PR?RANDOMSEEDCOUNT?LINKLAYER
            CODE    B95AH     000BH     UNIT         ?CO?SECURITY
            CODE    B965H     000BH     UNIT         ?PR?_SETBLE_ADVPDU?LINKLAYER
            CODE    B970H     000BH     UNIT         ?PR?CONNECT_ACK_ENABLE?LINKLAYER
            CODE    B97BH     000BH     UNIT         ?PR?TMR_INTERRUPT_DISABLE?LINKLAYER
            CODE    B986H     000BH     UNIT         ?PR?CONNECT_ACK_DISABLE?LINKLAYER
            CODE    B991H     000BH     UNIT         ?PR?SETBLE_CONNDISSLV?LINKLAYER
            CODE    B99CH     000BH     UNIT         ?PR?SMPPASSKEY_INIT?LINKLAYER
            CODE    B9A7H     000AH     UNIT         ?PR?_CONSUMER_SETBONDING_USE_OLDKEY?LINKLAYER
            CODE    B9B1H     000AH     UNIT         ?PR?DISABLETIMER0?RFA8107
            CODE    B9BBH     0009H     UNIT         ?PR?_CHKBLE_ATT_CHR_ACSSRD_BYUSER?APPLICATION_CHECK
            CODE    B9C4H     0009H     UNIT         ?PR?BLE_GETLINKLOSSCOUNT?LINKLAYER
            CODE    B9CDH     0009H     UNIT         ?PR?_CONSUMER_PAIRING_RULE_SELECT?LINKLAYER
            CODE    B9D6H     0009H     UNIT         ?PR?RF_GETRSSIRESULT?RFA8107
            CODE    B9DFH     0008H     UNIT         ?PR?TMR_INTERRUPT_ENABLE?LINKLAYER
            CODE    B9E7H     0007H     UNIT         ?PR?BLE_GETEMPTYCOUNT?LINKLAYER
            CODE    B9EEH     0006H     UNIT         ?PR?ADV_ACK_ENABLE?LINKLAYER
            CODE    B9F4H     0006H     UNIT         ?PR?ADV_ACK_DISABLE?LINKLAYER
            CODE    B9FAH     0006H     UNIT         ?PR?BLE_GETPWRSTATE?LINKLAYER
            CODE    BA00H     0006H     UNIT         ?PR?BLE_GETWHITELIST_STATUS?LINKLAYER
            CODE    BA06H     0006H     UNIT         ?PR?BLE_GETDISCONNECTREASON?LINKLAYER
BL51 BANKED LINKER/LOCATER V6.22                                                      09/07/2017  13:20:04  PAGE 13


            CODE    BA0CH     0006H     UNIT         ?PR?_STROBECMD?RFA8107
            CODE    BA12H     0006H     UNIT         ?PR?RF_GETBATTERYRESULT?RFA8107
            CODE    BA18H     0003H     UNIT         ?PR?INTERRUPTENABLE?RFA8107
                    BA1BH     45E3H                  *** GAP ***
            CODE    FFFEH     0002H     ABSOLUTE     



SYMBOL TABLE OF MODULE:  Demo_UART_OTA (?C_STARTUP)

  VALUE           TYPE          NAME
  ----------------------------------

  -------         MODULE        ?C_STARTUP
  C:AB08H         SEGMENT       ?C_C51STARTUP
  I:0037H         SEGMENT       ?STACK
  C:0002H         PUBLIC        ?C_STARTUP
  C:AB08H         PUBLIC        STARTUP1
  D:00E0H         SYMBOL        ACC
  D:00F0H         SYMBOL        B
  D:0083H         SYMBOL        DPH
  D:0082H         SYMBOL        DPL
  N:007BH         SYMBOL        IAP_PROCESS_ADDRESS
  N:0000H         SYMBOL        IBPSTACK
  N:0100H         SYMBOL        IBPSTACKTOP
  N:0080H         SYMBOL        IDATALEN
  C:AB0BH         SYMBOL        IDATALOOP
  N:0300H         SYMBOL        INTERRUPT_OFFSET
  N:0000H         SYMBOL        PBPSTACK
  N:0100H         SYMBOL        PBPSTACKTOP
  N:0000H         SYMBOL        PDATALEN
  N:0000H         SYMBOL        PDATASTART
  N:0000H         SYMBOL        PPAGE
  N:0000H         SYMBOL        PPAGEENABLE
  D:00A0H         SYMBOL        PPAGE_SFR
  D:0081H         SYMBOL        SP
  N:0000H         SYMBOL        XBPSTACK
  N:0000H         SYMBOL        XBPSTACKTOP
  N:0000H         SYMBOL        XDATALEN
  N:0000H         SYMBOL        XDATASTART
  C:0002H         LINE#         132
  C:AB08H         LINE#         139
  C:AB0AH         LINE#         140
  C:AB0BH         LINE#         141
  C:AB0CH         LINE#         142
  C:AB0EH         LINE#         191
  C:AB11H         LINE#         202
  -------         ENDMOD        ?C_STARTUP

  -------         MODULE        FLASH_CHECK
  N:0000H         SYMBOL        FLASH_CHECK
  -------         ENDMOD        FLASH_CHECK

  -------         MODULE        INTERRUPT_OFFSET
  N:007BH         SYMBOL        IAP_PROCESS_ADDRESS
  N:0300H         SYMBOL        INTERRUPT_OFFSET
  C:000BH         LINE#         5
BL51 BANKED LINKER/LOCATER V6.22                                                      09/07/2017  13:20:04  PAGE 14


  C:0013H         LINE#         7
  C:001BH         LINE#         9
  C:0023H         LINE#         11
  C:002BH         LINE#         13
  C:0033H         LINE#         15
  C:003BH         LINE#         17
  C:0043H         LINE#         19
  C:004BH         LINE#         21
  C:0053H         LINE#         23
  C:005BH         LINE#         25
  C:0063H         LINE#         27
  C:006BH         LINE#         29
  C:0073H         LINE#         31
  -------         ENDMOD        INTERRUPT_OFFSET

  -------         MODULE        OTA_IAP
  D:00E0H         SYMBOL        ACC
  N:0038H         SYMBOL        BDCOUNTH
  N:0037H         SYMBOL        BDCOUNTL
  N:0040H         SYMBOL        BUFFER
  D:0094H         SYMBOL        CODEBANK
  D:0083H         SYMBOL        DPH
  D:0082H         SYMBOL        DPL
  D:00E8H         SYMBOL        EIE
  D:0091H         SYMBOL        EIF
  D:009AH         SYMBOL        FLASHCTRL
  D:009BH         SYMBOL        FLASHTMR
  C:0212H         SYMBOL        F_BATTERYDETECT
  C:020BH         SYMBOL        F_CLRPWE
  C:01CAH         SYMBOL        F_ERASESECTOR
  C:01FBH         SYMBOL        F_FLASHCONTROL
  C:01F1H         SYMBOL        F_FLASHSETTING
  C:016FH         SYMBOL        F_READ16BYTES
  C:0204H         SYMBOL        F_SETPWE
  C:022FH         SYMBOL        F_SHORT_DELAY
  C:013DH         SYMBOL        F_UPDATE256BYTES
  C:017CH         SYMBOL        F_VERIFY16BYTES
  C:0195H         SYMBOL        F_WRITE16BYTES
  C:0192H         SYMBOL        F_WRITE_A_BYTES
  N:007BH         SYMBOL        IAP_PROCESS_ADDRESS
  D:00A8H         SYMBOL        IE
  N:0300H         SYMBOL        INTERRUPT_OFFSET
  C:007BH         SYMBOL        OTA_BEGIN
  C:0300H         SYMBOL        OTA_END
  D:00D1H         SYMBOL        P0OE
  D:00D2H         SYMBOL        P0PUN
  D:0087H         SYMBOL        PCON
  N:003AH         SYMBOL        READDATA
  D:00BAH         SYMBOL        RSFLAG
  N:0032H         SYMBOL        SOURCEBANK
  N:0030H         SYMBOL        SOURCEDPH
  N:0031H         SYMBOL        SOURCEDPL
  D:0081H         SYMBOL        SP
  D:00EBH         SYMBOL        TA
  N:0035H         SYMBOL        TARGETBANK
  N:0033H         SYMBOL        TARGETDPH
  N:0034H         SYMBOL        TARGETDPL
BL51 BANKED LINKER/LOCATER V6.22                                                      09/07/2017  13:20:04  PAGE 15


  N:0039H         SYMBOL        TRYCOUNT
  N:0036H         SYMBOL        UPDATEDPH
  D:00D8H         SYMBOL        WDCON
  C:01B2H         SYMBOL        _CHECK_R3_OTA_DATA2_
  C:01E7H         SYMBOL        _CHECK_R3_OTA_DATA_
  C:01A8H         SYMBOL        _CHECK_WDT2_
  C:01DDH         SYMBOL        _CHECK_WDT_
  C:01EDH         SYMBOL        _ERASESECTOR_START
  C:021EH         SYMBOL        _F_BATTERYDETECTLOOP
  C:0225H         SYMBOL        _F_BATTERYDETECT_BDF_0
  C:022AH         SYMBOL        _F_BATTERYDETECT_BDF_1
  C:01EEH         SYMBOL        _F_ERASESECTOR_END
  C:01E5H         SYMBOL        _F_ERASESECTOR_STOP
  C:0173H         SYMBOL        _F_READ16BYTES_LOOP
  C:0231H         SYMBOL        _F_SHORT_DELAY_LOOP
  C:016CH         SYMBOL        _F_UPDATE256BYTES_FAIL
  C:0141H         SYMBOL        _F_UPDATE256BYTES_LOOP
  C:0169H         SYMBOL        _F_UPDATE256BYTES_PASS
  C:018FH         SYMBOL        _F_VERIFY16BYTES_FAIL
  C:0180H         SYMBOL        _F_VERIFY16BYTES_LOOP
  C:018CH         SYMBOL        _F_VERIFY16BYTES_PASS
  C:01C7H         SYMBOL        _F_WRITE16BYTES_END
  C:01BCH         SYMBOL        _F_WRITE16BYTES_LOOP
  C:01C3H         SYMBOL        _F_WRITE16BYTES_NEXT
  C:01B0H         SYMBOL        _F_WRITE16BYTES_STOP
  C:01C2H         SYMBOL        _F_WRITE16BYTES_WRITE
  C:01B8H         SYMBOL        _F_WRITE_A_BYTES_START
  C:01B8H         SYMBOL        _F_WRITE_START
  C:0090H         SYMBOL        _OTA_BATTERYDETECT
  C:00CCH         SYMBOL        _OTA_PROCESS
  C:00AEH         SYMBOL        _OTA_PROCESS_CHECK_BANK_CODE_LH
  C:00A8H         SYMBOL        _OTA_PROCESS_CHECK_CODE_H
  C:00A3H         SYMBOL        _OTA_PROCESS_CHECK_CODE_L
  C:00C6H         SYMBOL        _OTA_PROCESS_END
  C:00D9H         SYMBOL        _OTA_PROCESS_ERASE
  C:011AH         SYMBOL        _OTA_PROCESS_FAIL
  C:00CAH         SYMBOL        _OTA_PROCESS_FINISH
  C:00D1H         SYMBOL        _OTA_PROCESS_LOOP
  C:00D4H         SYMBOL        _OTA_PROCESS_LOOP_RETRY
  C:0116H         SYMBOL        _OTA_PROCESS_NEXT
  C:00CAH         SYMBOL        _OTA_PROCESS_RESET
  C:0107H         SYMBOL        _OTA_PROCESS_UPDATE
  C:00F8H         SYMBOL        _OTA_PROCESS_UPDATE_0000_7F00
  C:00EAH         SYMBOL        _OTA_PROCESS_UPDATE_8000_FF00
  C:00A0H         SYMBOL        _OTA_START
  C:007BH         LINE#         65
  C:007EH         LINE#         66
  C:0081H         LINE#         67
  C:0084H         LINE#         68
  C:0086H         LINE#         70
  C:0088H         LINE#         71
  C:008AH         LINE#         73
  C:008DH         LINE#         74
  C:0090H         LINE#         76
  C:0092H         LINE#         77
  C:0094H         LINE#         78
  C:0097H         LINE#         79
BL51 BANKED LINKER/LOCATER V6.22                                                      09/07/2017  13:20:04  PAGE 16


  C:0099H         LINE#         80
  C:009BH         LINE#         81
  C:009EH         LINE#         82
  C:00A0H         LINE#         85
  C:00A3H         LINE#         87
  C:00A4H         LINE#         88
  C:00A5H         LINE#         89
  C:00A8H         LINE#         92
  C:00AAH         LINE#         93
  C:00ABH         LINE#         94
  C:00AEH         LINE#         97
  C:00B1H         LINE#         98
  C:00B4H         LINE#         99
  C:00B5H         LINE#         100
  C:00B6H         LINE#         101
  C:00B9H         LINE#         102
  C:00BBH         LINE#         103
  C:00BCH         LINE#         104
  C:00BFH         LINE#         105
  C:00C1H         LINE#         106
  C:00C4H         LINE#         108
  C:00C6H         LINE#         111
  C:00C8H         LINE#         112
  C:00CAH         LINE#         116
  C:00CCH         LINE#         119
  C:00CEH         LINE#         120
  C:00D1H         LINE#         123
  C:00D4H         LINE#         125
  C:00D7H         LINE#         126
  C:00D9H         LINE#         129
  C:00DCH         LINE#         130
  C:00DFH         LINE#         131
  C:00E1H         LINE#         132
  C:00E3H         LINE#         138
  C:00E5H         LINE#         139
  C:00E6H         LINE#         140
  C:00E8H         LINE#         141
  C:00EAH         LINE#         144
  C:00EDH         LINE#         145
  C:00F0H         LINE#         146
  C:00F3H         LINE#         147
  C:00F6H         LINE#         148
  C:00F8H         LINE#         151
  C:00FBH         LINE#         152
  C:00FDH         LINE#         153
  C:00FFH         LINE#         154
  C:0101H         LINE#         155
  C:0104H         LINE#         156
  C:0107H         LINE#         159
  C:0109H         LINE#         160
  C:010BH         LINE#         162
  C:010DH         LINE#         163
  C:0110H         LINE#         164
  C:0112H         LINE#         165
  C:0114H         LINE#         166
  C:0116H         LINE#         169
  C:0118H         LINE#         170
BL51 BANKED LINKER/LOCATER V6.22                                                      09/07/2017  13:20:04  PAGE 17


  C:011AH         LINE#         173
  C:011CH         LINE#         174
  C:011EH         LINE#         175
  C:0121H         LINE#         176
  C:0124H         LINE#         177
  C:0126H         LINE#         178
  C:0127H         LINE#         179
  C:0129H         LINE#         180
  C:012CH         LINE#         181
  C:012FH         LINE#         182
  C:0132H         LINE#         183
  C:0135H         LINE#         184
  C:0137H         LINE#         185
  C:0139H         LINE#         186
  C:013BH         LINE#         187
  C:013DH         LINE#         195
  C:013FH         LINE#         196
  C:0141H         LINE#         199
  C:0144H         LINE#         200
  C:0146H         LINE#         201
  C:0149H         LINE#         202
  C:014BH         LINE#         204
  C:014EH         LINE#         205
  C:0150H         LINE#         206
  C:0153H         LINE#         207
  C:0155H         LINE#         208
  C:0157H         LINE#         210
  C:015AH         LINE#         211
  C:015CH         LINE#         212
  C:015FH         LINE#         213
  C:0161H         LINE#         214
  C:0163H         LINE#         216
  C:0164H         LINE#         217
  C:0166H         LINE#         218
  C:0167H         LINE#         220
  C:0169H         LINE#         222
  C:016BH         LINE#         223
  C:016CH         LINE#         225
  C:016EH         LINE#         226
  C:016FH         LINE#         233
  C:0171H         LINE#         234
  C:0173H         LINE#         236
  C:0175H         LINE#         237
  C:0176H         LINE#         238
  C:0177H         LINE#         239
  C:0178H         LINE#         240
  C:0179H         LINE#         241
  C:017BH         LINE#         242
  C:017CH         LINE#         249
  C:017EH         LINE#         250
  C:0180H         LINE#         252
  C:0182H         LINE#         253
  C:0184H         LINE#         254
  C:0185H         LINE#         255
  C:0188H         LINE#         256
  C:0189H         LINE#         257
  C:018AH         LINE#         258
BL51 BANKED LINKER/LOCATER V6.22                                                      09/07/2017  13:20:04  PAGE 18


  C:018CH         LINE#         260
  C:018EH         LINE#         261
  C:018FH         LINE#         264
  C:0191H         LINE#         265
  C:0192H         LINE#         272
  C:0193H         LINE#         273
  C:0195H         LINE#         280
  C:0197H         LINE#         281
  C:0199H         LINE#         283
  C:019BH         LINE#         284
  C:019CH         LINE#         285
  C:019EH         LINE#         286
  C:01A0H         LINE#         288
  C:01A2H         LINE#         289
  C:01A4H         LINE#         290
  C:01A6H         LINE#         292
  C:01A8H         LINE#         295
  C:01AAH         LINE#         296
  C:01ACH         LINE#         297
  C:01AEH         LINE#         298
  C:01B0H         LINE#         301
  C:01B2H         LINE#         304
  C:01B4H         LINE#         305
  C:01B5H         LINE#         306
  C:01B6H         LINE#         307
  C:01B8H         LINE#         311
  C:01BAH         LINE#         312
  C:01BCH         LINE#         314
  C:01BDH         LINE#         315
  C:01C0H         LINE#         316
  C:01C2H         LINE#         318
  C:01C3H         LINE#         320
  C:01C4H         LINE#         321
  C:01C5H         LINE#         322
  C:01C7H         LINE#         325
  C:01C9H         LINE#         326
  C:01CAH         LINE#         332
  C:01CCH         LINE#         333
  C:01CEH         LINE#         335
  C:01D0H         LINE#         336
  C:01D1H         LINE#         337
  C:01D3H         LINE#         338
  C:01D5H         LINE#         340
  C:01D7H         LINE#         341
  C:01D9H         LINE#         342
  C:01DBH         LINE#         343
  C:01DDH         LINE#         346
  C:01DFH         LINE#         347
  C:01E1H         LINE#         348
  C:01E3H         LINE#         349
  C:01E5H         LINE#         352
  C:01E7H         LINE#         355
  C:01E9H         LINE#         356
  C:01EAH         LINE#         357
  C:01EBH         LINE#         358
  C:01EDH         LINE#         361
  C:01EEH         LINE#         363
BL51 BANKED LINKER/LOCATER V6.22                                                      09/07/2017  13:20:04  PAGE 19


  C:01F0H         LINE#         364
  C:01F1H         LINE#         370
  C:01F4H         LINE#         371
  C:01F7H         LINE#         372
  C:01FAH         LINE#         373
  C:01FBH         LINE#         379
  C:01FEH         LINE#         380
  C:0201H         LINE#         381
  C:0203H         LINE#         382
  C:0204H         LINE#         388
  C:0206H         LINE#         389
  C:0208H         LINE#         390
  C:020AH         LINE#         391
  C:020BH         LINE#         397
  C:020DH         LINE#         398
  C:020FH         LINE#         399
  C:0211H         LINE#         400
  C:0212H         LINE#         412
  C:0215H         LINE#         413
  C:0217H         LINE#         414
  C:0218H         LINE#         415
  C:021BH         LINE#         416
  C:021DH         LINE#         417
  C:021EH         LINE#         419
  C:021FH         LINE#         420
  C:0222H         LINE#         421
  C:0225H         LINE#         423
  C:0227H         LINE#         424
  C:0229H         LINE#         425
  C:022AH         LINE#         428
  C:022CH         LINE#         429
  C:022EH         LINE#         430
  C:022FH         LINE#         433
  C:0231H         LINE#         435
  C:0233H         LINE#         436
  C:0300H         LINE#         443
  -------         ENDMOD        OTA_IAP

  -------         MODULE        SERVICEGEN
  C:0000H         SYMBOL        _ICE_DUMMY_
  C:77BFH         PUBLIC        ATT_PERMISSION_HDL_GAP_APPEARANCE
  C:77DFH         PUBLIC        ATT_PERMISSION_HDL_OTA_OTA_DATA_CLIENT_CHARACTERISTIC_CONFIGURATION_INIT
  C:76B8H         PUBLIC        ATT_HDL_OTA_DATA_ERROR_STATUS_CLIENT_CHARACTERISTIC_CONFIGURATION_INIT
  C:74D7H         PUBLIC        ATT_HDL_GAP_CHARACTERISTIC_APPEARANCE
  C:77CFH         PUBLIC        ATT_PERMISSION_HDL_DIS_MANUFACTURER_NAME_STRING
  C:756BH         PUBLIC        ATT_HDL_DIS_CHARACTERISTIC_MANUFACTURER_NAME_STRING
  C:74C2H         PUBLIC        ATT_HDL_GAP_DEVICE_NAME_INIT
  X:07A6H         PUBLIC        att_HDL_OTA_OTA_CMD_CONTROL_POINT_CLIENT_CHARACTERISTIC_CONFIGURATION
  C:77D1H         PUBLIC        ATT_PERMISSION_HDL_DIS_SYSTEM_ID
  X:07A8H         PUBLIC        att_HDL_OTA_OTA_DATA
  C:7593H         PUBLIC        ATT_HDL_DIS_CHARACTERISTIC_SYSTEM_ID
  C:77C9H         PUBLIC        ATT_PERMISSION_HDL_GATT_CLIENT_CHARACTERISTIC_CONFIGURATION_INIT
  C:77D5H         PUBLIC        ATT_PERMISSION_HDL_DIS_MODEL_NUMBER_STRING
  X:07BCH         PUBLIC        att_HDL_BAS_CLIENT_CHARACTERISTIC_CONFIGURATION
  C:7535H         PUBLIC        ATT_HDL_GATT_SERVICE_CHANGED_INIT
  C:74AFH         PUBLIC        ATT_HDL_INVALID
  C:75C9H         PUBLIC        ATT_HDL_DIS_CHARACTERISTIC_MODEL_NUMBER_STRING
BL51 BANKED LINKER/LOCATER V6.22                                                      09/07/2017  13:20:04  PAGE 20


  C:77DBH         PUBLIC        ATT_PERMISSION_HDL_DIS_PNP_ID
  C:76F3H         PUBLIC        ATT_HDL_USER_DEFINE_01_PRIMARY_SERVICE
  C:74E1H         PUBLIC        ATT_HDL_GAP_APPEARANCE
  C:7667H         PUBLIC        ATT_HDL_OTA_OTA_DATA_CLIENT_CHARACTERISTIC_CONFIGURATION_INIT
  C:7627H         PUBLIC        ATT_HDL_DIS_CHARACTERISTIC_PNP_ID
  C:77D7H         PUBLIC        ATT_PERMISSION_HDL_DIS_HARDWARE_REVISION_STRING
  X:07BEH         PUBLIC        att_HDL_BAS_BATTERY_LEVEL
  X:07BFH         PUBLIC        att_HDL_GAP_RECONNECTION_ADDRESS
  C:75EAH         PUBLIC        ATT_HDL_DIS_CHARACTERISTIC_HARDWARE_REVISION_STRING
  C:7575H         PUBLIC        ATT_HDL_DIS_MANUFACTURER_NAME_STRING
  C:77C3H         PUBLIC        ATT_PERMISSION_HDL_GAP_PERIPHERAL_PRIVACY_FLAG
  C:7644H         PUBLIC        ATT_HDL_OTA_CHARACTERISTIC_OTA_DATA
  C:759DH         PUBLIC        ATT_HDL_DIS_SYSTEM_ID
  C:74FDH         PUBLIC        ATT_HDL_GAP_CHARACTERISTIC_PERIPHERAL_PRIVACY_FLAG
  C:77E9H         PUBLIC        ATT_PERMISSION_HDL_OTA_DATA_ERROR_STATUS_INIT
  C:77E7H         PUBLIC        ATT_PERMISSION_HDL_OTA_OTA_CMD_USER_DESCRIPTION
  C:755FH         PUBLIC        ATT_HDL_DIS_SERIAL_NUMBER_STRING_PRESENTATION_FORMAT
  C:753EH         PUBLIC        ATT_HDL_GATT_CLIENT_CHARACTERISTIC_CONFIGURATION_INIT
  C:75D3H         PUBLIC        ATT_HDL_DIS_MODEL_NUMBER_STRING
  X:07C5H         PUBLIC        att_HDL_USER_DEFINE_01_DATAN01
  C:7631H         PUBLIC        ATT_HDL_DIS_PNP_ID
  X:07D9H         PUBLIC        att_HDL_USER_DEFINE_01_DATAN02
  C:77D3H         PUBLIC        ATT_PERMISSION_HDL_DIS_FIRMWARE_REVISION_STRING
  C:76DCH         PUBLIC        ATT_HDL_BAS_CHARACTERISTIC_BATTERY_LEVEL
  C:75F4H         PUBLIC        ATT_HDL_DIS_HARDWARE_REVISION_STRING
  C:75AAH         PUBLIC        ATT_HDL_DIS_CHARACTERISTIC_FIRMWARE_REVISION_STRING
  C:74E8H         PUBLIC        ATT_HDL_GAP_CHARACTERISTIC_RECONNECTION_ADDRESS
  C:771DH         PUBLIC        ATT_HDL_USER_DEFINE_01_DATAN01_CLIENT_CHARACTERISTIC_CONFIGURATION_INIT
  C:776AH         PUBLIC        ATT_HDL_USER_DEFINE_01_DATAN02_CLIENT_CHARACTERISTIC_CONFIGURATION_INIT
  X:07EDH         PUBLIC        att_HDL_USER_DEFINE_01_DATAW01
  X:0801H         PUBLIC        att_HDL_USER_DEFINE_01_DATAW02
  C:7507H         PUBLIC        ATT_HDL_GAP_PERIPHERAL_PRIVACY_FLAG
  C:77E5H         PUBLIC        ATT_PERMISSION_HDL_OTA_OTA_CMD_CP_CLIENT_CHARACTERISTIC_CONFIGURATION_INIT
  C:77DDH         PUBLIC        ATT_PERMISSION_HDL_OTA_OTA_DATA_INIT
  C:7699H         PUBLIC        ATT_HDL_OTA_OTA_CMD_USER_DESCRIPTION
  C:76AFH         PUBLIC        ATT_HDL_OTA_DATA_ERROR_STATUS_INIT
  C:77D9H         PUBLIC        ATT_PERMISSION_HDL_DIS_SOFTWARE_REVISION_STRING
  C:76FAH         PUBLIC        ATT_HDL_USER_DEFINE_01_CHARACTERISTIC_DATAN01
  C:77F1H         PUBLIC        ATT_PERMISSION_HDL_BAS_CLIENT_CHARACTERISTIC_CONFIGURATION_INIT
  C:7747H         PUBLIC        ATT_HDL_USER_DEFINE_01_CHARACTERISTIC_DATAN02
  C:7524H         PUBLIC        ATT_HDL_GATT_PRIMARY_SERVICE
  C:77FFH         PUBLIC        ATT_PERMISSION_HDL_USER_DEFINE_01_DATAR01
  C:7608H         PUBLIC        ATT_HDL_DIS_CHARACTERISTIC_SOFTWARE_REVISION_STRING
  C:75B4H         PUBLIC        ATT_HDL_DIS_FIRMWARE_REVISION_STRING
  C:7794H         PUBLIC        ATT_HDL_USER_DEFINE_01_CHARACTERISTIC_DATAR01
  X:0815H         PUBLIC        att_HDL_OTA_OTA_CMD_CONTROL_POINT
  C:77EFH         PUBLIC        ATT_PERMISSION_HDL_BAS_BATTERY_LEVEL_INIT
  C:77C1H         PUBLIC        ATT_PERMISSION_HDL_GAP_RECONNECTION_ADDRESS_INIT
  C:7724H         PUBLIC        ATT_HDL_USER_DEFINE_01_CHARACTERISTIC_DATAW01
  C:7771H         PUBLIC        ATT_HDL_USER_DEFINE_01_CHARACTERISTIC_DATAW02
  C:7692H         PUBLIC        ATT_HDL_OTA_OTA_CMD_CONTROL_POINT_CLIENT_CHARACTERISTIC_CONFIGURATION_INIT
  C:764EH         PUBLIC        ATT_HDL_OTA_OTA_DATA_INIT
  C:7612H         PUBLIC        ATT_HDL_DIS_SOFTWARE_REVISION_STRING
  C:77E1H         PUBLIC        ATT_PERMISSION_HDL_OTA_OTA_DATA_DESCRIPTION
  C:76ECH         PUBLIC        ATT_HDL_BAS_CLIENT_CHARACTERISTIC_CONFIGURATION_INIT
  C:779EH         PUBLIC        ATT_HDL_USER_DEFINE_01_DATAR01
  C:77F3H         PUBLIC        ATT_PERMISSION_HDL_USER_DEFINE_01_DATAN01_INIT
BL51 BANKED LINKER/LOCATER V6.22                                                      09/07/2017  13:20:04  PAGE 21


  C:7587H         PUBLIC        ATT_HDL_DIS_MANUFACTURER_NAME_STRING_PRESENTATION_FORMAT
  C:746FH         PUBLIC        ADV_DATA_INITIAL
  C:77F9H         PUBLIC        ATT_PERMISSION_HDL_USER_DEFINE_01_DATAN02_INIT
  C:767BH         PUBLIC        ATT_HDL_OTA_CHARACTERISTIC_OTA_CMD_CONTROL_POINT
  C:77BBH         PUBLIC        ATT_PERMISSION_CHARACTERISTIC
  C:76E6H         PUBLIC        ATT_HDL_BAS_BATTERY_LEVEL_INIT
  C:74F2H         PUBLIC        ATT_HDL_GAP_RECONNECTION_ADDRESS_INIT
  C:79E6H         PUBLIC        ATTRIBUTE_SERVER_BOND_PARAM
  X:081DH         PUBLIC        att_HDL_OTA_DATA_ERROR_STATUS_CLIENT_CHARACTERISTIC_CONFIGURATION
  C:77F7H         PUBLIC        ATT_PERMISSION_HDL_USER_DEFINE_01_DATAW01_INIT
  C:75DEH         PUBLIC        ATT_HDL_DIS_MODEL_NUMBER_STRING_PRESENTATION_FORMAT
  C:77FDH         PUBLIC        ATT_PERMISSION_HDL_USER_DEFINE_01_DATAW02_INIT
  C:76A5H         PUBLIC        ATT_HDL_OTA_CHARACTERISTIC_OTA_DATA_ERROR_STATUS
  C:77C5H         PUBLIC        ATT_PERMISSION_HDL_GAP_PERIPHERAL_PREFERRED_CONNECTION_PARAMETERS
  C:750DH         PUBLIC        ATT_HDL_GAP_CHARACTERISTIC_PERIPHERAL_PREFERRED_CONNECTION_PARAMETERS
  C:77EDH         PUBLIC        ATT_PERMISSION_HDL_OTA_DATA_ERROR_STATUS_USER_DESCRIPTION
  X:081FH         PUBLIC        att_HDL_GAP_DEVICE_NAME
  C:766EH         PUBLIC        ATT_HDL_OTA_OTA_DATA_DESCRIPTION
  C:75FCH         PUBLIC        ATT_HDL_DIS_HARDWARE_REVISION_STRING_PRESENTATION_FORMAT
  C:77B9H         PUBLIC        ATT_PERMISSION_PRIMARY_SERVICE
  C:7704H         PUBLIC        ATT_HDL_USER_DEFINE_01_DATAN01_INIT
  C:76D5H         PUBLIC        ATT_HDL_BAS_PRIMARY_SERVICE
  C:7751H         PUBLIC        ATT_HDL_USER_DEFINE_01_DATAN02_INIT
  X:082FH         PUBLIC        att_HDL_GATT_SERVICE_CHANGED
  C:74B1H         PUBLIC        ATT_HDL_GAP_PRIMARY_SERVICE
  C:77F5H         PUBLIC        ATT_PERMISSION_HDL_USER_DEFINE_01_DATAN01_CLIENT_CHARACT_CONFIG_INIT
  C:77E3H         PUBLIC        ATT_PERMISSION_HDL_OTA_OTA_CMD_CONTROL_POINT_INIT
  C:77FBH         PUBLIC        ATT_PERMISSION_HDL_USER_DEFINE_01_DATAN02_CLIENT_CHARACT_CONFIG_INIT
  C:77CBH         PUBLIC        ATT_PERMISSION_HDL_DIS_SERIAL_NUMBER_STRING
  X:0833H         PUBLIC        att_HDL_OTA_OTA_DATA_CLIENT_CHARACTERISTIC_CONFIGURATION
  C:772EH         PUBLIC        ATT_HDL_USER_DEFINE_01_DATAW01_INIT
  C:754CH         PUBLIC        ATT_HDL_DIS_CHARACTERISTIC_SERIAL_NUMBER_STRING
  C:777BH         PUBLIC        ATT_HDL_USER_DEFINE_01_DATAW02_INIT
  C:7545H         PUBLIC        ATT_HDL_DIS_PRIMARY_SERVICE
  C:7517H         PUBLIC        ATT_HDL_GAP_PERIPHERAL_PREFERRED_CONNECTION_PARAMETERS
  C:795AH         PUBLIC        ATTRIBUTE_SERVER_PERMISSION
  C:75BDH         PUBLIC        ATT_HDL_DIS_FIRMWARE_REVISION_STRING_PRESENTATION_FORMAT
  C:74B8H         PUBLIC        ATT_HDL_GAP_CHARACTERISTIC_DEVICE_NAME
  C:748FH         PUBLIC        SCAN_RESPONSE_DATA_INITIAL
  C:76BFH         PUBLIC        ATT_HDL_OTA_DATA_ERROR_STATUS_USER_DESCRIPTION
  C:763DH         PUBLIC        ATT_HDL_OTA_PRIMARY_SERVICE
  C:788BH         PUBLIC        ATTRIBUTE_SERVER_param
  X:0835H         PUBLIC        att_HDL_GATT_CLIENT_CHARACTERISTIC_CONFIGURATION
  C:752BH         PUBLIC        ATT_HDL_GATT_CHARACTERISTIC_SERVICE_CHANGED
  C:7685H         PUBLIC        ATT_HDL_OTA_OTA_CMD_CONTROL_POINT_INIT
  C:7556H         PUBLIC        ATT_HDL_DIS_SERIAL_NUMBER_STRING
  C:77EBH         PUBLIC        ATT_PERMISSION_HDL_OTA_DATA_ERROR_STATUS_CLIENT_CHARACTERISTIC_CONFIGURATION_INIT
  C:761BH         PUBLIC        ATT_HDL_DIS_SOFTWARE_REVISION_STRING_PRESENTATION_FORMAT
  C:7801H         PUBLIC        ATTRIBUTE_SERVER
  X:0837H         PUBLIC        att_HDL_USER_DEFINE_01_DATAN01_CLIENT_CHARACTERISTIC_CONFIGURATION
  X:0839H         PUBLIC        att_HDL_USER_DEFINE_01_DATAN02_CLIENT_CHARACTERISTIC_CONFIGURATION
  C:77B7H         PUBLIC        ATT_PERMISSION_NULL
  C:77BDH         PUBLIC        ATT_PERMISSION_HDL_GAP_DEVICE_NAME_INIT
  C:79E4H         PUBLIC        ATTRIBUTE_SERVER_BOND
  C:77CDH         PUBLIC        ATT_PERMISSION_CHARACTERISTIC_PRESENTATION_FORMAT
  X:083BH         PUBLIC        att_HDL_OTA_DATA_ERROR_STATUS
  C:77C7H         PUBLIC        ATT_PERMISSION_HDL_GATT_SERVICE_CHANGED_INIT
BL51 BANKED LINKER/LOCATER V6.22                                                      09/07/2017  13:20:04  PAGE 22


  -------         ENDMOD        SERVICEGEN

  -------         MODULE        SECURITY
  C:0000H         SYMBOL        _ICE_DUMMY_
  C:B95AH         PUBLIC        RSP_PAIRING_REQUEST
  -------         ENDMOD        SECURITY

  -------         MODULE        APPLICATION_CHECK
  C:0000H         SYMBOL        _ICE_DUMMY_
  C:B9BBH         PUBLIC        _ChkBLE_ATT_Chr_AcssRd_ByUser
  C:B883H         PUBLIC        _ChkBLE_ATT_Chr_AcssWr_ByUser
  -------         PROC          _CHKBLE_ATT_CHR_ACSSRD_BYUSER
  D:0001H         SYMBOL        AddrAttHandle
  -------         DO            
  D:0007H         SYMBOL        Rsp_Error
  X:0AF2H         SYMBOL        p
  -------         ENDDO         
  C:B9BBH         LINE#         19
  C:B9BBH         LINE#         20
  C:B9BBH         LINE#         24
  C:B9BDH         LINE#         27
  C:B9C3H         LINE#         44
  C:B9C3H         LINE#         45
  -------         ENDPROC       _CHKBLE_ATT_CHR_ACSSRD_BYUSER
  -------         PROC          _CHKBLE_ATT_CHR_ACSSWR_BYUSER
  D:0001H         SYMBOL        AddrAttHandle
  X:0A3BH         SYMBOL        wrDataBuf
  -------         DO            
  D:0007H         SYMBOL        Rsp_Error
  X:0A3EH         SYMBOL        p
  -------         ENDDO         
  C:B883H         LINE#         53
  C:B883H         LINE#         54
  C:B883H         LINE#         58
  C:B885H         LINE#         61
  C:B88BH         LINE#         62
  C:B897H         LINE#         78
  C:B897H         LINE#         79
  -------         ENDPROC       _CHKBLE_ATT_CHR_ACSSWR_BYUSER
  -------         ENDMOD        APPLICATION_CHECK

  -------         MODULE        INTERRUPT_UART
  C:0000H         SYMBOL        _ICE_DUMMY_
  C:320AH         PUBLIC        Uart0Isr
  D:0080H         PUBLIC        P0
  D:0090H         PUBLIC        P1
  C:3256H         PUBLIC        SleepTimer1_ISR
  D:00A0H         PUBLIC        P2
  D:00B0H         PUBLIC        P3
  C:31C2H         PUBLIC        Timer1_ISR
  C:3252H         PUBLIC        Timer2_ISR
  C:325AH         PUBLIC        RFISR
  D:00A8H         PUBLIC        IE
  D:00B8H         PUBLIC        IP
  X:0B10H         PUBLIC        BLE_INT_FLAG
  D:0087H         PUBLIC        PCON
  D:0098H         PUBLIC        SCON
BL51 BANKED LINKER/LOCATER V6.22                                                      09/07/2017  13:20:04  PAGE 23


  D:0088H         PUBLIC        TCON
  C:3258H         PUBLIC        RTC_ISR
  D:00E8H         PUBLIC        EIE
  D:0091H         PUBLIC        EIF
  C:32C2H         PUBLIC        KeyINT_ISR
  D:00C8H         PUBLIC        T2CON
  C:31C0H         PUBLIC        INT1_ISR
  C:3254H         PUBLIC        INT2_ISR
  D:00D0H         PUBLIC        PSW
  -------         PROC          INT1_ISR
  C:31C0H         LINE#         22
  C:31C0H         LINE#         25
  C:31C1H         LINE#         26
  -------         ENDPROC       INT1_ISR
  -------         PROC          TIMER1_ISR
  C:31C2H         LINE#         31
  C:31E4H         LINE#         34
  C:31E7H         LINE#         35
  -------         ENDPROC       TIMER1_ISR
  -------         PROC          UART0ISR
  C:320AH         LINE#         40
  C:322CH         LINE#         43
  C:322FH         LINE#         44
  -------         ENDPROC       UART0ISR
  -------         PROC          TIMER2_ISR
  C:3252H         LINE#         49
  C:3252H         LINE#         52
  C:3253H         LINE#         53
  -------         ENDPROC       TIMER2_ISR
  -------         PROC          INT2_ISR
  C:3254H         LINE#         58
  C:3254H         LINE#         61
  C:3255H         LINE#         62
  -------         ENDPROC       INT2_ISR
  -------         PROC          SLEEPTIMER1_ISR
  C:3256H         LINE#         67
  C:3256H         LINE#         70
  C:3257H         LINE#         71
  -------         ENDPROC       SLEEPTIMER1_ISR
  -------         PROC          RTC_ISR
  C:3258H         LINE#         76
  C:3258H         LINE#         79
  C:3259H         LINE#         80
  -------         ENDPROC       RTC_ISR
  -------         PROC          RFISR
  C:325AH         LINE#         85
  C:327CH         LINE#         87
[...]
  C:1588H         LINE#         913
  C:159AH         LINE#         914
BL51 BANKED LINKER/LOCATER V6.22                                                      09/07/2017  13:20:04  PAGE 213


  C:159AH         LINE#         915
  C:159CH         LINE#         916
  C:159FH         LINE#         917
  C:15BFH         LINE#         918
  C:15BFH         LINE#         919
  C:15C2H         LINE#         920
  C:15C2H         LINE#         921
  C:15CDH         LINE#         922
  C:15CDH         LINE#         923
  C:15D4H         LINE#         924
  C:15D4H         LINE#         925
  C:15DAH         LINE#         926
  C:15DAH         LINE#         927
  C:15DAH         LINE#         928
  C:15DCH         LINE#         930
  C:15DCH         LINE#         931
  C:15E3H         LINE#         932
  C:15E3H         LINE#         933
  C:15E9H         LINE#         934
  C:15E9H         LINE#         935
  C:15F8H         LINE#         936
  C:15F8H         LINE#         937
  C:15F8H         LINE#         938
  C:15F8H         LINE#         939
  C:15FBH         LINE#         940
  C:15FBH         LINE#         941
  C:15FDH         LINE#         942
  C:15FEH         LINE#         943
  C:1610H         LINE#         944
  C:1610H         LINE#         945
  C:1612H         LINE#         946
  C:1628H         LINE#         947
  C:1644H         LINE#         949
  C:1644H         LINE#         950
  C:164DH         LINE#         951
  C:1650H         LINE#         952
  C:1650H         LINE#         953
  C:1652H         LINE#         954
  C:1653H         LINE#         955
  C:165CH         LINE#         956
  C:165CH         LINE#         957
  C:165CH         LINE#         958
  C:166DH         LINE#         959
  C:166DH         LINE#         960
  C:1670H         LINE#         961
  C:1670H         LINE#         963
  C:1673H         LINE#         964
  C:1673H         LINE#         965
  C:1673H         LINE#         966
  -------         ENDPROC       OTA_PROCESS
  -------         ENDMOD        OTA

  -------         MODULE        IAP
  C:0000H         SYMBOL        _ICE_DUMMY_
  D:0080H         PUBLIC        P0
  D:0090H         PUBLIC        P1
  D:00A0H         PUBLIC        P2
BL51 BANKED LINKER/LOCATER V6.22                                                      09/07/2017  13:20:04  PAGE 214


  D:00B0H         PUBLIC        P3
  B:00A8H.7       PUBLIC        EA
  D:00A8H         PUBLIC        IE
  D:00EBH         PUBLIC        TA
  C:2504H         PUBLIC        Flash_Release
  D:00B8H         PUBLIC        IP
  C:2500H         PUBLIC        Flash_Initial
  D:009DH         PUBLIC        PROG_ID
  D:009AH         PUBLIC        FLASHCTRL
  C:254EH         PUBLIC        _IAP_Erase
  C:2536H         PUBLIC        _IAP_BankSwitch
  D:0087H         PUBLIC        PCON
  D:009BH         PUBLIC        TERASE_ID
  D:0098H         PUBLIC        SCON
  D:0088H         PUBLIC        TCON
  C:25D9H         PUBLIC        _IAP_ReadData
  D:0094H         PUBLIC        CODEBANK
  D:00BAH         PUBLIC        RSFLAG
  C:2611H         PUBLIC        _IAP_WriteData
  C:253DH         PUBLIC        _IAP_Init
  D:00E8H         PUBLIC        EIE
  C:252FH         PUBLIC        IAP_Initialize
  C:3000H         PUBLIC        _Erase_Start
  D:00C8H         PUBLIC        T2CON
  C:309FH         PUBLIC        _WriteFlash_Start
  C:252BH         PUBLIC        PWE_ENABLE
  C:2508H         PUBLIC        Flash_Protect_Battery
  D:00D0H         PUBLIC        PSW
  D:00D8H         PUBLIC        WDCON
  -------         PROC          FLASH_INITIAL
  C:2500H         LINE#         54
  C:2500H         LINE#         55
  C:2500H         LINE#         56
  C:2503H         LINE#         57
  -------         ENDPROC       FLASH_INITIAL
  -------         PROC          FLASH_RELEASE
  C:2504H         LINE#         59
  C:2504H         LINE#         60
  C:2504H         LINE#         61
  C:2507H         LINE#         62
  -------         ENDPROC       FLASH_RELEASE
  -------         PROC          FLASH_PROTECT_BATTERY
  -------         DO            
  D:0007H         SYMBOL        tmp
  -------         ENDDO         
  C:2508H         LINE#         64
  C:2508H         LINE#         65
  C:2508H         LINE#         68
  C:250EH         LINE#         69
  C:251AH         LINE#         70
  C:251AH         LINE#         71
  C:2521H         LINE#         72
  C:2523H         LINE#         74
  C:252AH         LINE#         76
  C:252AH         LINE#         77
  -------         ENDPROC       FLASH_PROTECT_BATTERY
  -------         PROC          PWE_ENABLE
BL51 BANKED LINKER/LOCATER V6.22                                                      09/07/2017  13:20:04  PAGE 215


  C:252BH         LINE#         79
  C:252BH         LINE#         80
  C:252BH         LINE#         81
  C:252EH         LINE#         82
  -------         ENDPROC       PWE_ENABLE
  -------         PROC          _ERASE_START
  D:0004H         SYMBOL        u16Address
  -------         DO            
  I:0035H         SYMBOL        ptr
  D:001AH         SYMBOL        BackCODEBANK
  -------         ENDDO         
  C:3000H         LINE#         84
  C:3006H         LINE#         85
  C:3006H         LINE#         87
  C:3009H         LINE#         89
  C:301FH         LINE#         90
  C:301FH         LINE#         91
  C:3022H         LINE#         93
  C:3025H         LINE#         95
  C:3033H         LINE#         96
  C:3033H         LINE#         97
  C:3036H         LINE#         99
  C:303AH         LINE#         100
  C:303AH         LINE#         101
  C:3040H         LINE#         102
  C:3040H         LINE#         103
  C:3047H         LINE#         105
  C:304BH         LINE#         107
  C:304BH         LINE#         108
  C:304BH         LINE#         109
  C:304DH         LINE#         111
  C:304DH         LINE#         112
  C:3080H         LINE#         113
  C:3080H         LINE#         114
  C:308DH         LINE#         116
  C:3093H         LINE#         118
  C:3096H         LINE#         119
  C:3096H         LINE#         120
  C:3096H         LINE#         121
  C:3098H         LINE#         123
  C:3098H         LINE#         124
  C:309BH         LINE#         125
  C:309BH         LINE#         126
  C:309BH         LINE#         128
  C:309EH         LINE#         129
  -------         ENDPROC       _ERASE_START
  -------         PROC          _WRITEFLASH_START
  X:0A70H         SYMBOL        u16Address
  D:0001H         SYMBOL        pu8Buf
  X:0A75H         SYMBOL        u16Length
  -------         DO            
  I:0031H         SYMBOL        ptr
  I:0033H         SYMBOL        buf_ptr
  D:0008H         SYMBOL        len
  D:000AH         SYMBOL        BackCODEBANK
  -------         ENDDO         
  C:309FH         LINE#         131
BL51 BANKED LINKER/LOCATER V6.22                                                      09/07/2017  13:20:04  PAGE 216


  C:30A7H         LINE#         132
  C:30A7H         LINE#         135
  C:30B1H         LINE#         136
  C:30B4H         LINE#         138
  C:30B7H         LINE#         140
  C:30D0H         LINE#         141
  C:30D0H         LINE#         142
  C:30D3H         LINE#         144
  C:30D6H         LINE#         146
  C:30EAH         LINE#         147
  C:30EAH         LINE#         148
  C:30EDH         LINE#         150
  C:30F1H         LINE#         151
  C:30F1H         LINE#         152
  C:3102H         LINE#         153
  C:3102H         LINE#         154
  C:3109H         LINE#         155
  C:3112H         LINE#         157
  C:311FH         LINE#         158
  C:311FH         LINE#         159
  C:3137H         LINE#         160
  C:313DH         LINE#         161
  C:3145H         LINE#         162
  C:3147H         LINE#         164
  C:3147H         LINE#         165
  C:3147H         LINE#         166
  C:3149H         LINE#         168
  C:3149H         LINE#         169
  C:316FH         LINE#         170
  C:316FH         LINE#         171
  C:3176H         LINE#         172
  C:317FH         LINE#         174
  C:318CH         LINE#         175
  C:318CH         LINE#         176
  C:31A4H         LINE#         177
  C:31AAH         LINE#         178
  C:31B2H         LINE#         179
  C:31B4H         LINE#         181
  C:31B7H         LINE#         182
  C:31B7H         LINE#         183
  C:31B7H         LINE#         184
  C:31B9H         LINE#         186
  C:31B9H         LINE#         187
  C:31BCH         LINE#         188
  C:31BCH         LINE#         189
  C:31BCH         LINE#         191
  C:31BFH         LINE#         192
  -------         ENDPROC       _WRITEFLASH_START
  -------         PROC          IAP_INITIALIZE
  C:252FH         LINE#         211
  C:252FH         LINE#         212
  C:252FH         LINE#         214
  C:2532H         LINE#         215
  C:2535H         LINE#         216
  -------         ENDPROC       IAP_INITIALIZE
  -------         PROC          _IAP_BANKSWITCH
  D:0007H         SYMBOL        u8Bank
BL51 BANKED LINKER/LOCATER V6.22                                                      09/07/2017  13:20:04  PAGE 217


  C:2536H         LINE#         224
  C:2536H         LINE#         225
  C:2536H         LINE#         226
  C:2539H         LINE#         227
  C:253AH         LINE#         229
  C:253CH         LINE#         230
  -------         ENDPROC       _IAP_BANKSWITCH
  -------         PROC          _IAP_INIT
  D:0007H         SYMBOL        teType
  C:253DH         LINE#         238
  C:253DH         LINE#         239
  C:253DH         LINE#         240
  C:2540H         LINE#         241
  C:2540H         LINE#         242
  C:2543H         LINE#         243
  C:2546H         LINE#         244
  C:2547H         LINE#         246
  C:2547H         LINE#         247
  C:254AH         LINE#         248
  C:254DH         LINE#         249
  C:254DH         LINE#         250
  -------         ENDPROC       _IAP_INIT
  -------         PROC          _IAP_ERASE
  D:0004H         SYMBOL        u16Address
  -------         DO            
  D:001BH         SYMBOL        BackupEA
  -------         ENDDO         
  C:254EH         LINE#         258
  C:2554H         LINE#         259
  C:2554H         LINE#         260
  C:255AH         LINE#         262
  C:255CH         LINE#         264
  C:255FH         LINE#         266
  C:2562H         LINE#         267
  C:2565H         LINE#         268
  C:2568H         LINE#         270
  C:2573H         LINE#         271
  C:2573H         LINE#         273
  C:2577H         LINE#         274
  C:2577H         LINE#         275
  C:257AH         LINE#         276
  C:257DH         LINE#         277
  C:2580H         LINE#         278
  C:2582H         LINE#         280
  C:2582H         LINE#         281
  C:2585H         LINE#         282
  C:2588H         LINE#         283
  C:258BH         LINE#         284
  C:258BH         LINE#         286
  C:2593H         LINE#         287
  C:2593H         LINE#         288
  C:259BH         LINE#         289
  C:259BH         LINE#         290
  C:25A1H         LINE#         291
  C:25A1H         LINE#         292
  C:25A7H         LINE#         293
  C:25A7H         LINE#         294
BL51 BANKED LINKER/LOCATER V6.22                                                      09/07/2017  13:20:04  PAGE 218


  C:25ADH         LINE#         295
  C:25ADH         LINE#         296
  C:25B9H         LINE#         297
  C:25B9H         LINE#         298
  C:25C2H         LINE#         299
  C:25C2H         LINE#         300
  C:25C2H         LINE#         301
  C:25C2H         LINE#         302
  C:25C2H         LINE#         303
  C:25C2H         LINE#         304
  C:25C2H         LINE#         305
  C:25C2H         LINE#         307
  C:25C3H         LINE#         308
  C:25C4H         LINE#         309
  C:25C7H         LINE#         310
  C:25CAH         LINE#         311
  C:25CDH         LINE#         312
  C:25CEH         LINE#         313
  C:25CFH         LINE#         315
  C:25D2H         LINE#         317
  C:25D8H         LINE#         318
  -------         ENDPROC       _IAP_ERASE
  -------         PROC          _IAP_READDATA
  D:0006H         SYMBOL        u16Address
  D:0001H         SYMBOL        pu8Buf
  X:0A7CH         SYMBOL        u16Length
  -------         DO            
  D:0006H         SYMBOL        ptr
  D:000BH         SYMBOL        len
  -------         ENDDO         
  C:25D9H         LINE#         328
  C:25D9H         LINE#         329
  C:25D9H         LINE#         331
  C:25E3H         LINE#         333
  C:25E6H         LINE#         334
  C:25E9H         LINE#         335
  C:25ECH         LINE#         337
  C:25ECH         LINE#         339
  C:25F9H         LINE#         340
  C:25F9H         LINE#         341
  C:2602H         LINE#         342
  C:2607H         LINE#         343
  C:260EH         LINE#         344
  C:2610H         LINE#         345
  -------         ENDPROC       _IAP_READDATA
  -------         PROC          _IAP_WRITEDATA
  D:0004H         SYMBOL        u16Address
  D:0001H         SYMBOL        pu8Buf
  X:0A83H         SYMBOL        u16Length
  -------         DO            
  D:001CH         SYMBOL        BackupEA
  -------         ENDDO         
  C:2611H         LINE#         356
  C:2617H         LINE#         357
  C:2617H         LINE#         358
  C:261DH         LINE#         360
  C:261FH         LINE#         362
BL51 BANKED LINKER/LOCATER V6.22                                                      09/07/2017  13:20:04  PAGE 219


  C:2622H         LINE#         364
  C:2625H         LINE#         365
  C:2628H         LINE#         366
  C:262BH         LINE#         368
  C:2636H         LINE#         369
  C:2636H         LINE#         370
  C:263AH         LINE#         371
  C:263AH         LINE#         373
  C:263DH         LINE#         374
  C:2640H         LINE#         375
  C:2643H         LINE#         376
  C:2645H         LINE#         378
  C:2645H         LINE#         379
  C:2648H         LINE#         380
  C:264BH         LINE#         381
  C:264EH         LINE#         382
  C:264EH         LINE#         384
  C:2656H         LINE#         385
  C:2656H         LINE#         386
  C:265EH         LINE#         387
  C:265EH         LINE#         388
  C:2666H         LINE#         389
  C:2666H         LINE#         390
  C:266CH         LINE#         391
  C:266CH         LINE#         392
  C:2672H         LINE#         393
  C:2672H         LINE#         394
  C:267EH         LINE#         395
  C:267EH         LINE#         396
  C:2696H         LINE#         397
  C:2696H         LINE#         398
  C:2696H         LINE#         399
  C:2696H         LINE#         400
  C:2696H         LINE#         401
  C:2696H         LINE#         402
  C:2696H         LINE#         403
  C:2696H         LINE#         405
  C:2697H         LINE#         406
  C:2698H         LINE#         407
  C:269BH         LINE#         408
  C:269EH         LINE#         409
  C:26A1H         LINE#         410
  C:26A2H         LINE#         411
  C:26A3H         LINE#         413
  C:26A6H         LINE#         415
  C:26ACH         LINE#         416
  -------         ENDPROC       _IAP_WRITEDATA
  -------         ENDMOD        IAP

  -------         MODULE        ?C?COPY
  C:18B2H         PUBLIC        ?C?COPY
  -------         ENDMOD        ?C?COPY

  -------         MODULE        ?C?CLDPTR
  C:18D8H         PUBLIC        ?C?CLDPTR
  -------         ENDMOD        ?C?CLDPTR

BL51 BANKED LINKER/LOCATER V6.22                                                      09/07/2017  13:20:04  PAGE 220


  -------         MODULE        ?C?CLDOPTR
  C:18F1H         PUBLIC        ?C?CLDOPTR
  -------         ENDMOD        ?C?CLDOPTR

  -------         MODULE        ?C?CSTPTR
  C:191EH         PUBLIC        ?C?CSTPTR
  -------         ENDMOD        ?C?CSTPTR

  -------         MODULE        ?C?CSTOPTR
  C:1930H         PUBLIC        ?C?CSTOPTR
  -------         ENDMOD        ?C?CSTOPTR

  -------         MODULE        ?C?IMUL
  C:1952H         PUBLIC        ?C?IMUL
  -------         ENDMOD        ?C?IMUL

  -------         MODULE        ?C?UIDIV
  C:1964H         PUBLIC        ?C?UIDIV
  -------         ENDMOD        ?C?UIDIV

  -------         MODULE        ?C?IILDX
  C:19B9H         PUBLIC        ?C?IILDX
  -------         ENDMOD        ?C?IILDX

  -------         MODULE        ?C?ILDIX
  C:19CFH         PUBLIC        ?C?ILDIX
  -------         ENDMOD        ?C?ILDIX

  -------         MODULE        ?C?ILDOPTR
  C:19E5H         PUBLIC        ?C?ILDOPTR
  -------         ENDMOD        ?C?ILDOPTR

  -------         MODULE        ?C?LADD
  C:1A1DH         PUBLIC        ?C?LADD
  -------         ENDMOD        ?C?LADD

  -------         MODULE        ?C?LSUB
  C:1A2AH         PUBLIC        ?C?LSUB
  -------         ENDMOD        ?C?LSUB

  -------         MODULE        ?C?LMUL
  C:1A38H         PUBLIC        ?C?LMUL
  -------         ENDMOD        ?C?LMUL

  -------         MODULE        ?C?ULDIV
  C:1AC3H         PUBLIC        ?C?ULDIV
  -------         ENDMOD        ?C?ULDIV

  -------         MODULE        ?C?LOR
  C:1B55H         PUBLIC        ?C?LOR
  -------         ENDMOD        ?C?LOR

  -------         MODULE        ?C?SLCMP
  C:1B62H         PUBLIC        ?C?SLCMP
  -------         ENDMOD        ?C?SLCMP

  -------         MODULE        ?C?ULCMP
BL51 BANKED LINKER/LOCATER V6.22                                                      09/07/2017  13:20:04  PAGE 221


  C:1B78H         PUBLIC        ?C?ULCMP
  -------         ENDMOD        ?C?ULCMP

  -------         MODULE        ?C?ULSHR
  C:1B89H         PUBLIC        ?C?ULSHR
  -------         ENDMOD        ?C?ULSHR

  -------         MODULE        ?C?SLSHR
  C:1B9CH         PUBLIC        ?C?SLSHR
  -------         ENDMOD        ?C?SLSHR

  -------         MODULE        ?C?LSHL
  C:1BB0H         PUBLIC        ?C?LSHL
  -------         ENDMOD        ?C?LSHL

  -------         MODULE        ?C?LLDXDATA
  C:1BC3H         PUBLIC        ?C?LLDXDATA
  -------         ENDMOD        ?C?LLDXDATA

  -------         MODULE        ?C?LLDCODE
  C:1BCFH         PUBLIC        ?C?LLDCODE
  -------         ENDMOD        ?C?LLDCODE

  -------         MODULE        ?C?LLDXDATA0
  C:1BDFH         PUBLIC        ?C?LLDXDATA0
  -------         ENDMOD        ?C?LLDXDATA0

  -------         MODULE        ?C?LSTXDATA
  C:1BEBH         PUBLIC        ?C?LSTXDATA
  -------         ENDMOD        ?C?LSTXDATA

  -------         MODULE        ?C?LSTKXDATA
  C:1BF7H         PUBLIC        ?C?LSTKXDATA
  -------         ENDMOD        ?C?LSTKXDATA

  -------         MODULE        ?C?OFFXADD
  C:1C28H         PUBLIC        ?C?OFFXADD
  -------         ENDMOD        ?C?OFFXADD

  -------         MODULE        ?C?PLDXDATA
  C:1C34H         PUBLIC        ?C?PLDXDATA
  -------         ENDMOD        ?C?PLDXDATA

  -------         MODULE        ?C?PSTXDATA
  C:1C3DH         PUBLIC        ?C?PSTXDATA
  -------         ENDMOD        ?C?PSTXDATA

  -------         MODULE        ?C?PLDCODE
  C:1C46H         PUBLIC        ?C?PLDCODE
  -------         ENDMOD        ?C?PLDCODE

  -------         MODULE        ?C?CCASE
  C:1C52H         PUBLIC        ?C?CCASE
  -------         ENDMOD        ?C?CCASE

  -------         MODULE        ?C?LIMUL
  C:1C78H         PUBLIC        ?C?LIMUL
BL51 BANKED LINKER/LOCATER V6.22                                                      09/07/2017  13:20:04  PAGE 222


  -------         ENDMOD        ?C?LIMUL

  -------         MODULE        ?C?MEMCMP
  C:1E2BH         PUBLIC        ?C?MEMCMP
  -------         ENDMOD        ?C?MEMCMP

  -------         MODULE        ?C?MEMSET
  C:1E4FH         PUBLIC        ?C?MEMSET
  -------         ENDMOD        ?C?MEMSET

Program Size: data=54.5 xdata=2913 code=47368
LINK/LOCATE RUN COMPLETE.  0 WARNING(S),  0 ERROR(S)
