BL51 BANKED LINKER/LOCATER V6.22                                                        09/07/2017  13:21:10  PAGE 1


BL51 BANKED LINKER/LOCATER V6.22, INVOKED BY:
D:\KEIL\C51\BIN\BL51.EXE .\startup.obj, .\FlashChk.obj, .\INTERRUPT_OFFSET.obj, .\OTA_IAP.obj, ..\Library\A8107_BLE_LIB.
>> LIB, ..\OTA\OTA.LIB, ..\IAP\IAP.LIB, .\security.obj, .\servicegen.obj, ..\Proprietary\Proprietary.LIB, .\mcufunction.
>> obj, .\application_check.obj, .\interrupt_24G.obj, .\main_24G.obj, .\IEEE.obj, .\OTA_Data.obj TO Demo_Proprietary RAM
>> SIZE (256) NOOVERLAY CODE (0X0300-0XFFFF, ?PR?*OTA (0X400), ?C?LIB_CODE, ?PR?*IAP (0X2000), ?PR?_ERASE_START?IAP (0X3
>> 000), ?PR?_WRITEFLASH_START?IAP, ?PR?*INTERRUPT_24G, ?PR?*HOST, ?PR?*MAIN_24G) XDATA (0X0000-0X1FFF)


MEMORY MODEL: LARGE WITH FLOATING POINT ARITHMETIC


INPUT MODULES INCLUDED:
  .\startup.obj (?C_STARTUP)
  .\FlashChk.obj (FLASH_CHECK)
  .\INTERRUPT_OFFSET.obj (INTERRUPT_OFFSET)
  .\OTA_IAP.obj (OTA_IAP)
  .\security.obj (SECURITY)
  .\servicegen.obj (SERVICEGEN)
  .\mcufunction.obj (MCUFUNCTION)
  .\application_check.obj (APPLICATION_CHECK)
  .\interrupt_24G.obj (INTERRUPT_24G)
  .\main_24G.obj (MAIN_24G)
  .\IEEE.obj (IEEEE_ADDRESS)
  .\OTA_Data.obj (OTA_DATA)
  ..\Library\A8107_BLE_LIB.LIB (HOST)
  ..\Library\A8107_BLE_LIB.LIB (LINKLAYER)
  ..\Library\A8107_BLE_LIB.LIB (RFA8107)
  ..\OTA\OTA.LIB (OTA)
  ..\IAP\IAP.LIB (IAP)
  ..\Proprietary\Proprietary.LIB (PROPRIETARY)
  D:\KEIL\C51\LIB\C51FPL.LIB (?C?FPADD)
  D:\KEIL\C51\LIB\C51FPL.LIB (?C?FPMUL)
  D:\KEIL\C51\LIB\C51FPL.LIB (?C?FCAST)
  D:\KEIL\C51\LIB\C51FPL.LIB (?C?CASTF)
  D:\KEIL\C51\LIB\C51FPL.LIB (?C?FPGETOPN)
  D:\KEIL\C51\LIB\C51L.LIB (?C_INIT)
  D:\KEIL\C51\LIB\C51L.LIB (?C?COPY)
  D:\KEIL\C51\LIB\C51L.LIB (?C?CLDPTR)
  D:\KEIL\C51\LIB\C51L.LIB (?C?CLDOPTR)
  D:\KEIL\C51\LIB\C51L.LIB (?C?CSTPTR)
  D:\KEIL\C51\LIB\C51L.LIB (?C?CSTOPTR)
  D:\KEIL\C51\LIB\C51L.LIB (?C?IMUL)
  D:\KEIL\C51\LIB\C51L.LIB (?C?UIDIV)
  D:\KEIL\C51\LIB\C51L.LIB (?C?IILDX)
  D:\KEIL\C51\LIB\C51L.LIB (?C?ILDOPTR)
  D:\KEIL\C51\LIB\C51L.LIB (?C?LADD)
  D:\KEIL\C51\LIB\C51L.LIB (?C?LSUB)
  D:\KEIL\C51\LIB\C51L.LIB (?C?LMUL)
  D:\KEIL\C51\LIB\C51L.LIB (?C?ULDIV)
  D:\KEIL\C51\LIB\C51L.LIB (?C?LOR)
  D:\KEIL\C51\LIB\C51L.LIB (?C?LNEG)
  D:\KEIL\C51\LIB\C51L.LIB (?C?SLCMP)
  D:\KEIL\C51\LIB\C51L.LIB (?C?ULCMP)
  D:\KEIL\C51\LIB\C51L.LIB (?C?ULSHR)
  D:\KEIL\C51\LIB\C51L.LIB (?C?SLSHR)
  D:\KEIL\C51\LIB\C51L.LIB (?C?LSHL)
  D:\KEIL\C51\LIB\C51L.LIB (?C?LLDXDATA)
  D:\KEIL\C51\LIB\C51L.LIB (?C?LLDCODE)
BL51 BANKED LINKER/LOCATER V6.22                                                      09/07/2017  13:21:10  PAGE 2


  D:\KEIL\C51\LIB\C51L.LIB (?C?LLDXDATA0)
  D:\KEIL\C51\LIB\C51L.LIB (?C?LSTXDATA)
  D:\KEIL\C51\LIB\C51L.LIB (?C?LSTKXDATA)
  D:\KEIL\C51\LIB\C51L.LIB (?C?OFFXADD)
  D:\KEIL\C51\LIB\C51L.LIB (?C?PLDXDATA)
  D:\KEIL\C51\LIB\C51L.LIB (?C?PSTXDATA)
  D:\KEIL\C51\LIB\C51L.LIB (?C?PLDCODE)
  D:\KEIL\C51\LIB\C51L.LIB (?C?PLDPTR)
  D:\KEIL\C51\LIB\C51L.LIB (?C?PSTPTR)
  D:\KEIL\C51\LIB\C51L.LIB (?C?CCASE)
  D:\KEIL\C51\LIB\C51L.LIB (?C?LIMUL)
  D:\KEIL\C51\LIB\C51L.LIB (?C?MEMCMP)
  D:\KEIL\C51\LIB\C51L.LIB (?C?MEMSET)
  D:\KEIL\C51\LIB\C51L.LIB (?C?PLDIDATA)
  D:\KEIL\C51\LIB\C51L.LIB (?C?PSTIDATA)
  D:\KEIL\C51\LIB\C51L.LIB (?C?PLDPDATA)
  D:\KEIL\C51\LIB\C51L.LIB (?C?PSTPDATA)


LINK MAP OF MODULE:  Demo_Proprietary (?C_STARTUP)


            TYPE    BASE      LENGTH    RELOCATION   SEGMENT NAME
            -----------------------------------------------------

            * * * * * * *   D A T A   M E M O R Y   * * * * * * *
            REG     0000H     0008H     ABSOLUTE     "REG BANK 0"
            DATA    0008H     0003H     UNIT         ?DT?_WRITEFLASH_START?IAP
            DATA    000BH     0002H     UNIT         ?DT?_IAP_READDATA?IAP
            DATA    000DH     0001H     UNIT         ?DT?PRCSS_OPCODE_ATT_WRITE_REQUEST?HOST
            DATA    000EH     0001H     UNIT         ?DT?PRCSS_OPCODE_ATT_WRITE_COMMAND?HOST
            DATA    000FH     0001H     UNIT         ?DT?PRCSS_BLE_CODE_SMP_IDENTITY_ADDRESS_INFORMATION?HOST
            DATA    0010H     0001H     UNIT         ?DT?_CMD_FLASHBOND?HOST
            DATA    0011H     0001H     UNIT         ?DT?_ERSDATA_FLASHBOND?HOST
            DATA    0012H     0001H     UNIT         ?DT?_ERSINFO_FLASHBOND?HOST
            DATA    0013H     0001H     UNIT         ?DT?_MARK_PID_INFO_FLASHBOND?HOST
            DATA    0014H     0001H     UNIT         ?DT?_MARK_PID_DATA_FLASHBOND?HOST
            DATA    0015H     0001H     UNIT         ?DT?FIL_INFO_FLASHBONDWEXST_PBID?HOST
            DATA    0016H     0001H     UNIT         ?DT?OTA_KEEPBONDING?OTA
            DATA    0017H     0001H     UNIT         ?DT?ERASECKCODE?OTA
            DATA    0018H     0001H     UNIT         ?DT?ERASEAREA?OTA
            DATA    0019H     0001H     UNIT         ?DT?_ENTRYDATA?OTA
            DATA    001AH     0001H     UNIT         ?DT?_ERASE_START?IAP
            DATA    001BH     0001H     UNIT         ?DT?_IAP_ERASE?IAP
            DATA    001CH     0001H     UNIT         ?DT?_IAP_WRITEDATA?IAP
            IDATA   001DH     0002H     UNIT         ?ID?INITMCU?MCUFUNCTION
                    001FH     0001H                  *** GAP ***
            DATA    0020H     0001H     ABSOLUTE     
            BIT     0021H.0   0007H.2   UNIT         ?BI?LINKLAYER
            BIT     0028H.2   0000H.1   UNIT         ?BI?PRCSS_OPCODE_ATT_FIND_INFORMATION_REQUEST?HOST
            BIT     0028H.3   0000H.1   UNIT         ?BI?PRCSS_OPCODE_ATT_FIND_INFORMATION_RESPONSE?HOST
            BIT     0028H.4   0000H.1   UNIT         ?BI?PRCSS_OPCODE_ATT_READ_BY_TYPE_RESPONSE?HOST
            BIT     0028H.5   0000H.1   UNIT         ?BI?PRCSS_OPCODE_ATT_READ_BLOB_REQUEST?HOST
            BIT     0028H.6   0000H.1   UNIT         ?BI?PRCSS_OPCODE_ATT_HANDLE_VALUE_NOTIFICATION?HOST
            BIT     0028H.7   0000H.1   UNIT         ?BI?_BLE_SENDDATA?HOST
            BIT     0029H.0   0000H.1   UNIT         ?BI?ADVGO?LINKLAYER
            BIT     0029H.1   0000H.1   UNIT         ?BI?CONNECTESTABLISH?LINKLAYER
BL51 BANKED LINKER/LOCATER V6.22                                                      09/07/2017  13:21:10  PAGE 3


            BIT     0029H.2   0000H.1   UNIT         ?BI?MD_PROCEDURE?LINKLAYER
            BIT     0029H.3   0000H.1   UNIT         ?BI?A8107_RCSELECT?RFA8107
            BIT     0029H.4   0000H.1   UNIT         ?BI?OTA_PROCESS?OTA
                    0029H.5   0000H.3                *** GAP ***
            IDATA   002AH     0004H     UNIT         ?ID?_WRITEFLASH_START?IAP
            IDATA   002EH     0002H     UNIT         ?ID?_ERASE_START?IAP
            IDATA   0030H     0001H     UNIT         ?STACK

            * * * * * * *  X D A T A   M E M O R Y  * * * * * * *
            XDATA   0000H     006FH     ABSOLUTE     
            XDATA   006FH     0020H     ABSOLUTE     
            XDATA   008FH     0020H     ABSOLUTE     
            XDATA   00AFH     001EH     ABSOLUTE     
            XDATA   00CDH     0040H     ABSOLUTE     
            XDATA   010DH     0040H     ABSOLUTE     
            XDATA   014DH     0006H     ABSOLUTE     
            XDATA   0153H     0002H     ABSOLUTE     
            XDATA   0155H     0014H     ABSOLUTE     
            XDATA   0169H     0140H     ABSOLUTE     
            XDATA   02A9H     0020H     ABSOLUTE     
            XDATA   02C9H     0002H     ABSOLUTE     
            XDATA   02CBH     0002H     ABSOLUTE     
            XDATA   02CDH     0020H     ABSOLUTE     
            XDATA   02EDH     0008H     ABSOLUTE     
            XDATA   02F5H     0002H     ABSOLUTE     
            XDATA   02F7H     0008H     ABSOLUTE     
            XDATA   02FFH     0004H     ABSOLUTE     
            XDATA   0303H     0040H     ABSOLUTE     
            XDATA   0343H     0100H     ABSOLUTE     
            XDATA   0443H     0010H     ABSOLUTE     
            XDATA   0453H     0010H     ABSOLUTE     
            XDATA   0463H     0010H     ABSOLUTE     
            XDATA   0473H     0010H     ABSOLUTE     
            XDATA   0483H     0010H     ABSOLUTE     
            XDATA   0493H     0008H     ABSOLUTE     
            XDATA   049BH     0010H     ABSOLUTE     
            XDATA   04ABH     0010H     ABSOLUTE     
            XDATA   04BBH     0010H     ABSOLUTE     
            XDATA   04CBH     0010H     ABSOLUTE     
            XDATA   04DBH     0010H     ABSOLUTE     
            XDATA   04EBH     0020H     ABSOLUTE     
            XDATA   050BH     0020H     ABSOLUTE     
            XDATA   052BH     0008H     ABSOLUTE     
            XDATA   0533H     0010H     ABSOLUTE     
            XDATA   0543H     000AH     ABSOLUTE     
            XDATA   054DH     0001H     ABSOLUTE     
            XDATA   054EH     0001H     ABSOLUTE     
            XDATA   054FH     0001H     ABSOLUTE     
            XDATA   0550H     0001H     ABSOLUTE     
            XDATA   0551H     0001H     ABSOLUTE     
            XDATA   0552H     0001H     ABSOLUTE     
            XDATA   0553H     0001H     ABSOLUTE     
            XDATA   0554H     0001H     ABSOLUTE     
            XDATA   0555H     0001H     ABSOLUTE     
            XDATA   0556H     0001H     ABSOLUTE     
            XDATA   0557H     0001H     ABSOLUTE     
            XDATA   0558H     0001H     ABSOLUTE     
BL51 BANKED LINKER/LOCATER V6.22                                                      09/07/2017  13:21:10  PAGE 4


            XDATA   0559H     0001H     ABSOLUTE     
            XDATA   055AH     0001H     ABSOLUTE     
            XDATA   055BH     0001H     ABSOLUTE     
            XDATA   055CH     0001H     ABSOLUTE     
            XDATA   055DH     0001H     ABSOLUTE     
            XDATA   055EH     0001H     ABSOLUTE     
            XDATA   055FH     0001H     ABSOLUTE     
            XDATA   0560H     0001H     ABSOLUTE     
            XDATA   0561H     0001H     ABSOLUTE     
            XDATA   0562H     0001H     ABSOLUTE     
            XDATA   0563H     0001H     ABSOLUTE     
            XDATA   0564H     0001H     ABSOLUTE     
            XDATA   0565H     0001H     ABSOLUTE     
            XDATA   0566H     0001H     ABSOLUTE     
            XDATA   0567H     0001H     ABSOLUTE     
            XDATA   0568H     0001H     ABSOLUTE     
            XDATA   0569H     0001H     ABSOLUTE     
            XDATA   056AH     0001H     ABSOLUTE     
            XDATA   056BH     0001H     ABSOLUTE     
            XDATA   056CH     0001H     ABSOLUTE     
            XDATA   056DH     0001H     ABSOLUTE     
            XDATA   056EH     0001H     ABSOLUTE     
            XDATA   056FH     0001H     ABSOLUTE     
            XDATA   0570H     0001H     ABSOLUTE     
            XDATA   0571H     0001H     ABSOLUTE     
            XDATA   0572H     0001H     ABSOLUTE     
            XDATA   0573H     0001H     ABSOLUTE     
            XDATA   0574H     0001H     ABSOLUTE     
            XDATA   0575H     0001H     ABSOLUTE     
            XDATA   0576H     0001H     ABSOLUTE     
            XDATA   0577H     0001H     ABSOLUTE     
            XDATA   0578H     0001H     ABSOLUTE     
            XDATA   0579H     0001H     ABSOLUTE     
            XDATA   057AH     0001H     ABSOLUTE     
            XDATA   057BH     0001H     ABSOLUTE     
            XDATA   057CH     0001H     ABSOLUTE     
            XDATA   057DH     0001H     ABSOLUTE     
            XDATA   057EH     0001H     ABSOLUTE     
            XDATA   057FH     0001H     ABSOLUTE     
            XDATA   0580H     0001H     ABSOLUTE     
            XDATA   0581H     0001H     ABSOLUTE     
            XDATA   0582H     0001H     ABSOLUTE     
            XDATA   0583H     0001H     ABSOLUTE     
            XDATA   0584H     0001H     ABSOLUTE     
            XDATA   0585H     0001H     ABSOLUTE     
            XDATA   0586H     0001H     ABSOLUTE     
            XDATA   0587H     0002H     ABSOLUTE     
            XDATA   0589H     0002H     ABSOLUTE     
            XDATA   058BH     0002H     ABSOLUTE     
            XDATA   058DH     0002H     ABSOLUTE     
            XDATA   058FH     0002H     ABSOLUTE     
            XDATA   0591H     0002H     ABSOLUTE     
            XDATA   0593H     0002H     ABSOLUTE     
            XDATA   0595H     0002H     ABSOLUTE     
            XDATA   0597H     0002H     ABSOLUTE     
            XDATA   0599H     0002H     ABSOLUTE     
            XDATA   059BH     0002H     ABSOLUTE     
BL51 BANKED LINKER/LOCATER V6.22                                                      09/07/2017  13:21:10  PAGE 5


            XDATA   059DH     0002H     ABSOLUTE     
            XDATA   059FH     0002H     ABSOLUTE     
            XDATA   05A1H     0004H     ABSOLUTE     
            XDATA   05A5H     0004H     ABSOLUTE     
            XDATA   05A9H     0004H     ABSOLUTE     
            XDATA   05ADH     0004H     ABSOLUTE     
            XDATA   05B1H     0006H     ABSOLUTE     
            XDATA   05B7H     0004H     ABSOLUTE     
            XDATA   05BBH     0003H     ABSOLUTE     
            XDATA   05BEH     0001H     ABSOLUTE     
            XDATA   05BFH     0002H     ABSOLUTE     
            XDATA   05C1H     0002H     ABSOLUTE     
            XDATA   05C3H     0002H     ABSOLUTE     
            XDATA   05C5H     0002H     ABSOLUTE     
            XDATA   05C7H     0005H     ABSOLUTE     
            XDATA   05CCH     0001H     ABSOLUTE     
            XDATA   05CDH     0001H     ABSOLUTE     
            XDATA   05CEH     0001H     ABSOLUTE     
            XDATA   05CFH     0001H     ABSOLUTE     
            XDATA   05D0H     0002H     ABSOLUTE     
            XDATA   05D2H     0002H     ABSOLUTE     
            XDATA   05D4H     0002H     ABSOLUTE     
            XDATA   05D6H     0002H     ABSOLUTE     
            XDATA   05D8H     0002H     ABSOLUTE     
            XDATA   05DAH     0005H     ABSOLUTE     
            XDATA   05DFH     0002H     ABSOLUTE     
            XDATA   05E1H     0002H     ABSOLUTE     
            XDATA   05E3H     0001H     ABSOLUTE     
            XDATA   05E4H     0002H     ABSOLUTE     
            XDATA   05E6H     0005H     ABSOLUTE     
            XDATA   05EBH     0001H     ABSOLUTE     
            XDATA   05ECH     0001H     ABSOLUTE     
            XDATA   05EDH     0001H     ABSOLUTE     
            XDATA   05EEH     0001H     ABSOLUTE     
            XDATA   05EFH     0001H     ABSOLUTE     
            XDATA   05F0H     0006H     ABSOLUTE     
            XDATA   05F6H     0006H     ABSOLUTE     
            XDATA   05FCH     0001H     ABSOLUTE     
            XDATA   05FDH     0103H     UNIT         ?XD?ERASEAREA?OTA
            XDATA   0700H     00A6H     UNIT         ?XD?HOST
            XDATA   07A6H     0099H     UNIT         ?XD?SERVICEGEN
            XDATA   083FH     0048H     UNIT         ?XD?MAIN?MAIN_24G
            XDATA   0887H     0026H     UNIT         ?XD?_SMPC1?LINKLAYER
            XDATA   08ADH     0025H     UNIT         ?XD?PRCSS_LL_ENC_REQ?LINKLAYER
            XDATA   08D2H     0019H     UNIT         ?XD?PRCSS_OPCODE_ATT_READ_BY_GROUP_TYPE_REQUEST?HOST
            XDATA   08EBH     0018H     UNIT         ?XD?PRCSS_OPCODE_ATT_READ_BY_TYPE_REQUEST?HOST
            XDATA   0903H     0018H     UNIT         ?XD?PROPRIETARY
            XDATA   091BH     0016H     UNIT         ?XD?_SMPS1?LINKLAYER
            XDATA   0931H     0014H     UNIT         ?XD?PRCSS_BLE_CODE_SMP_IDENTITY_ADDRESS_INFORMATION?HOST
            XDATA   0945H     0011H     UNIT         ?XD?PRCSS_BLE_CODE_SMP_PAIRING_RANDOM?HOST
            XDATA   0956H     0011H     UNIT         ?XD?TXDATA_PROCESS?LINKLAYER
            XDATA   0967H     0010H     UNIT         ?XD?PRCSS_BLE_CODE_SMP_PAIRING_CONFIRM?HOST
            XDATA   0977H     0010H     UNIT         ?XD?SETBLE_TIMEINTERVAL_CONNECT?LINKLAYER
            XDATA   0987H     0010H     UNIT         ?XD?LINKLAYER
            XDATA   0997H     000FH     UNIT         ?XD?OTA_PROCESS?OTA
            XDATA   09A6H     000FH     UNIT         ?XD?_PROP_RUNRX?PROPRIETARY
            XDATA   09B5H     000DH     UNIT         ?XD?_SETBLE_CONNTXDATA_ATT_ERROR_RESPONSE?LINKLAYER
BL51 BANKED LINKER/LOCATER V6.22                                                      09/07/2017  13:21:10  PAGE 6


            XDATA   09C2H     000DH     UNIT         ?XD?_PROP_RUNTX?PROPRIETARY
            XDATA   09CFH     000CH     UNIT         ?XD?ADVGO?LINKLAYER
            XDATA   09DBH     000CH     UNIT         ?XD?_ENTRYCMD?OTA
            XDATA   09E7H     000CH     UNIT         ?XD?_ENTRYDATA?OTA
            XDATA   09F3H     000BH     UNIT         ?XD?_BLE_SENDDATA?HOST
            XDATA   09FEH     0009H     UNIT         ?XD?_CHKBLE_ATT_CHR_ACSSWR_BYUSER?APPLICATION_CHECK
            XDATA   0A07H     0009H     UNIT         ?XD?PRCSS_LL_FEATURE_REQ?LINKLAYER
            XDATA   0A10H     0008H     UNIT         ?XD?_CMD_FLASHBOND?HOST
            XDATA   0A18H     0008H     UNIT         ?XD?_BLE_SETCONNECTPARAMETERUPDATEREQUEST?LINKLAYER
            XDATA   0A20H     0007H     UNIT         ?XD?INITBLE_ATTSERVPARAMTER?LINKLAYER
            XDATA   0A27H     0007H     UNIT         ?XD?_WRITEFLASH_START?IAP
            XDATA   0A2EH     0007H     UNIT         ?XD?_IAP_READDATA?IAP
            XDATA   0A35H     0007H     UNIT         ?XD?_IAP_WRITEDATA?IAP
            XDATA   0A3CH     0006H     UNIT         ?XD?PRCSS_OPCODE_ATT_READ_BLOB_REQUEST?HOST
            XDATA   0A42H     0006H     UNIT         ?XD?PRCSS_OPCODE_ATT_WRITE_REQUEST?HOST
            XDATA   0A48H     0006H     UNIT         ?XD?PRCSS_OPCODE_ATT_WRITE_COMMAND?HOST
            XDATA   0A4EH     0006H     UNIT         ?XD?SETBLE_TIMEINTERVAL_WINOFFSET?LINKLAYER
            XDATA   0A54H     0006H     UNIT         ?XD?_SETBLE_CONNTXDATA?LINKLAYER
            XDATA   0A5AH     0006H     UNIT         ?XD?_SETBLE_CONNTXCTRL?LINKLAYER
            XDATA   0A60H     0006H     UNIT         ?XD?PRCSS_LL_VERSION_IND?LINKLAYER
            XDATA   0A66H     0006H     UNIT         ?XD?_PROP_CREATE?PROPRIETARY
            XDATA   0A6CH     0005H     UNIT         ?XD?PRCSS_OPCODE_ATT_FIND_INFORMATION_REQUEST?HOST
            XDATA   0A71H     0005H     UNIT         ?XD?PRCSS_OPCODE_ATT_FIND_BY_TYPE_VALUE_REQUEST?HOST
            XDATA   0A76H     0005H     UNIT         ?XD?_MARK_PID_INFO_FLASHBOND?HOST
            XDATA   0A7BH     0005H     UNIT         ?XD?_MARK_PID_DATA_FLASHBOND?HOST
            XDATA   0A80H     0005H     UNIT         ?XD?FIL_DATA_FLASHBONDWEXST_PBID?HOST
            XDATA   0A85H     0005H     UNIT         ?XD?INITBLE?LINKLAYER
            XDATA   0A8AH     0005H     UNIT         ?XD?_BLE_ADV_CMD?LINKLAYER
            XDATA   0A8FH     0004H     UNIT         ?XD?_SET_TIMER1_N_MS?MAIN_24G
            XDATA   0A93H     0004H     UNIT         ?XD?MAIN_24G
            XDATA   0A97H     0004H     UNIT         ?XD?PRCSS_OPCODE_ATT_READ_REQUEST?HOST
            XDATA   0A9BH     0004H     UNIT         ?XD?_ERSDATA_FLASHBOND?HOST
            XDATA   0A9FH     0004H     UNIT         ?XD?_ERSINFO_FLASHBOND?HOST
            XDATA   0AA3H     0004H     UNIT         ?XD?_BLE_PASSKEY_SET?HOST
            XDATA   0AA7H     0004H     UNIT         ?XD?RXDATA_PROCESS?LINKLAYER
            XDATA   0AABH     0004H     UNIT         ?XD?PRCSS_LL_CONNECTION_UPDATE_REQ?LINKLAYER
            XDATA   0AAFH     0004H     UNIT         ?XD?PRCSS_LL_START_ENC_RSP?LINKLAYER
            XDATA   0AB3H     0004H     UNIT         ?XD?SETRXWINDOWTIMING?RFA8107
            XDATA   0AB7H     0003H     UNIT         ?XD?_CHKBLE_ATT_CHR_ACSSRD_BYUSER?APPLICATION_CHECK
            XDATA   0ABAH     0003H     UNIT         ?XD?_WRITETXFIFO?MAIN_24G
            XDATA   0ABDH     0003H     UNIT         ?XD?_READRXFIFO?MAIN_24G
            XDATA   0AC0H     0003H     UNIT         ?XD?_SETADV_TO?LINKLAYER
            XDATA   0AC3H     0003H     UNIT         ?XD?PRCSS_LL_START_ENC_REQ?LINKLAYER
            XDATA   0AC6H     0003H     UNIT         ?XD?_WRITEHWFIFO?PROPRIETARY
            XDATA   0AC9H     0003H     UNIT         ?XD?_PROP_DELETE?PROPRIETARY
            XDATA   0ACCH     0003H     UNIT         ?XD?_PROP_START?PROPRIETARY
            XDATA   0ACFH     0002H     UNIT         ?XD?PRCSS_OPCODE_ATT_READ_BY_TYPE_RESPONSE?HOST
            XDATA   0AD1H     0002H     UNIT         ?XD?PRCSS_OPCODE_ATT_HANDLE_VALUE_NOTIFICATION?HOST
            XDATA   0AD3H     0002H     UNIT         ?XD?_SETADV_RUN_CTRL?LINKLAYER
            XDATA   0AD5H     0002H     UNIT         ?XD?CHECKBLETIMER?LINKLAYER
            XDATA   0AD7H     0002H     UNIT         ?XD?A8107_CAL?RFA8107
            XDATA   0AD9H     0002H     UNIT         ?XD?GET_INTERVAL_TIME_LEFT?PROPRIETARY
            XDATA   0ADBH     0001H     UNIT         ?XD?FIL_INFO_FLASHBONDWEXST_PBID?HOST
            XDATA   0ADCH     0001H     UNIT         ?XD?_BLE_INITIMMEDIATEALERTLEVEL?LINKLAYER
            XDATA   0ADDH     0001H     UNIT         ?XD?_BLE_INITLINKLOSSALERTLEVEL?LINKLAYER
            XDATA   0ADEH     0001H     UNIT         ?XD?MD_PROCEDURE?LINKLAYER
            XDATA   0ADFH     0001H     UNIT         ?XD?PRCSS_LL_PAUSE_ENC_REQ?LINKLAYER
BL51 BANKED LINKER/LOCATER V6.22                                                      09/07/2017  13:21:10  PAGE 7


            XDATA   0AE0H     0001H     UNIT         ?XD?SMPAES?LINKLAYER
            XDATA   0AE1H     0001H     UNIT         ?XD?CONSUMER_BONDINGRESULT_CLEAR?LINKLAYER
            XDATA   0AE2H     0001H     UNIT         ?XD?INITRF?RFA8107
            XDATA   0AE3H     0001H     UNIT         ?XD?_CHGROUPCAL?RFA8107
            XDATA   0AE4H     0001H     UNIT         ?XD?_BLE_SETTXPOWER?RFA8107
            XDATA   0AE5H     0001H     UNIT         ?XD?BATTERYDETECT?RFA8107
            XDATA   0AE6H     0001H     UNIT         ?XD?OTA_KEEPBONDING?OTA
            XDATA   0AE7H     0001H     UNIT         ?XD?OTA_UPDATASPEED?OTA
                    0AE8H     0418H                  *** GAP ***
            XDATA   0F00H     0001H     ABSOLUTE     
            XDATA   0F01H     0001H     ABSOLUTE     
            XDATA   0F02H     0001H     ABSOLUTE     
            XDATA   0F03H     0002H     ABSOLUTE     
            XDATA   0F05H     0002H     ABSOLUTE     
            XDATA   0F07H     0014H     ABSOLUTE     
            XDATA   0F1BH     0010H     ABSOLUTE     
            XDATA   0F2BH     0001H     ABSOLUTE     
            XDATA   0F2CH     0001H     ABSOLUTE     
            XDATA   0F2DH     0014H     ABSOLUTE     
            XDATA   0F41H     0001H     ABSOLUTE     
            XDATA   0F42H     0001H     ABSOLUTE     

            * * * * * * *   C O D E   M E M O R Y   * * * * * * *
            CODE    0000H     0004H     ABSOLUTE     
                    0004H     0007H                  *** GAP ***
            CODE    000BH     0003H     ABSOLUTE     
                    000EH     0005H                  *** GAP ***
            CODE    0013H     0003H     ABSOLUTE     
                    0016H     0005H                  *** GAP ***
            CODE    001BH     0003H     ABSOLUTE     
                    001EH     0005H                  *** GAP ***
            CODE    0023H     0003H     ABSOLUTE     
                    0026H     0005H                  *** GAP ***
            CODE    002BH     0003H     ABSOLUTE     
                    002EH     0005H                  *** GAP ***
            CODE    0033H     0003H     ABSOLUTE     
                    0036H     0005H                  *** GAP ***
            CODE    003BH     0003H     ABSOLUTE     
                    003EH     0005H                  *** GAP ***
            CODE    0043H     0003H     ABSOLUTE     
                    0046H     0005H                  *** GAP ***
            CODE    004BH     0003H     ABSOLUTE     
                    004EH     0005H                  *** GAP ***
            CODE    0053H     0003H     ABSOLUTE     
                    0056H     0005H                  *** GAP ***
            CODE    005BH     0003H     ABSOLUTE     
                    005EH     0005H                  *** GAP ***
            CODE    0063H     0003H     ABSOLUTE     
                    0066H     0005H                  *** GAP ***
            CODE    006BH     0003H     ABSOLUTE     
                    006EH     0005H                  *** GAP ***
            CODE    0073H     0003H     ABSOLUTE     
                    0076H     0005H                  *** GAP ***
            CODE    007BH     01B9H     ABSOLUTE     
                    0234H     00C4H                  *** GAP ***
            CODE    02F8H     0008H     ABSOLUTE     
            CODE    0300H     0003H     ABSOLUTE     
BL51 BANKED LINKER/LOCATER V6.22                                                      09/07/2017  13:21:10  PAGE 8


            CODE    0303H     0008H     UNIT         ?PR?_SETBLE_ADVLENGTH?LINKLAYER
            CODE    030BH     0003H     ABSOLUTE     
            CODE    030EH     0005H     UNIT         ?PR?ENABLETIMER0?RFA8107
            CODE    0313H     0003H     ABSOLUTE     
            CODE    0316H     0003H     UNIT         ?PR?PRCSS_LL_TERMINATE_IND?LINKLAYER
            CODE    0319H     0001H     UNIT         ?PR?PRCSS_LL_ENC_RSP?LINKLAYER
            CODE    031AH     0001H     UNIT         ?PR?PRCSS_LL_UNKNOWN_RSP?LINKLAYER
            CODE    031BH     0003H     ABSOLUTE     
            CODE    031EH     0003H     UNIT         ?PR?SETBLE_CONNDIS?LINKLAYER
            CODE    0321H     0001H     UNIT         ?PR?PRCSS_LL_FEATURE_RSP?LINKLAYER
            CODE    0322H     0001H     UNIT         ?PR?PRCSS_LL_REJECT_IND?LINKLAYER
            CODE    0323H     0003H     ABSOLUTE     
            CODE    0326H     0003H     UNIT         ?PR?BLE_AUTOPWRDOWN_DISABLE?LINKLAYER
            CODE    0329H     0001H     UNIT         ?PR?PRCSS_LL_SLAVE_FEATURE_REQ?LINKLAYER
            CODE    032AH     0001H     UNIT         ?PR?PRCSS_LL_CONNECT_PARAM_REQ?LINKLAYER
            CODE    032BH     0003H     ABSOLUTE     
            CODE    032EH     000DH     UNIT         ?PR?BLE_SETTERMINATE?LINKLAYER
            CODE    033BH     0003H     ABSOLUTE     
            CODE    033EH     0003H     UNIT         ?PR?BLE_WHITELIST_ENABLE?LINKLAYER
            CODE    0341H     0001H     UNIT         ?PR?PRCSS_LL_CONNECT_PARAM_RSP?LINKLAYER
            CODE    0342H     0001H     UNIT         ?PR?PRCSS_LL_REJECT_IND_EXT?LINKLAYER
            CODE    0343H     0003H     ABSOLUTE     
            CODE    0346H     0003H     UNIT         ?PR?BLE_WHITELIST_DISABLE?LINKLAYER
            CODE    0349H     0001H     UNIT         ?PR?PRCSS_LL_PING_REQ?LINKLAYER
            CODE    034AH     0001H     UNIT         ?PR?PRCSS_LL_PING_RSP?LINKLAYER
            CODE    034BH     0003H     ABSOLUTE     
            CODE    034EH     0003H     UNIT         ?PR?CONSUMER_ENCRYPTION_STRUCT?LINKLAYER
            CODE    0351H     0001H     UNIT         ?PR?PRCSS_LL_LENGTH_REQ?LINKLAYER
            CODE    0352H     0001H     UNIT         ?PR?PRCSS_LL_LENGTH_RSP?LINKLAYER
            CODE    0353H     0003H     ABSOLUTE     
            CODE    0356H     0003H     UNIT         ?PR?INTERRUPTDISABLE?RFA8107
                    0359H     0002H                  *** GAP ***
            CODE    035BH     0003H     ABSOLUTE     
            CODE    035EH     00A2H     UNIT         ?PR?_SETBLE_CONNTXDATA?LINKLAYER
            CODE    0400H     00B5H     UNIT         ?PR?OTA_KEEPBONDING?OTA
            CODE    04B5H     0016H     UNIT         ?PR?RESET4OTA?OTA
            CODE    04CBH     0026H     UNIT         ?PR?ERASECKCODE?OTA
            CODE    04F1H     00D2H     UNIT         ?PR?ERASEAREA?OTA
            CODE    05C3H     019BH     UNIT         ?PR?_ENTRYCMD?OTA
            CODE    075EH     0229H     UNIT         ?PR?_ENTRYDATA?OTA
            CODE    0987H     0020H     UNIT         ?PR?OTA_INITIALIZE?OTA
            CODE    09A7H     00D7H     UNIT         ?PR?OTA_UPDATASPEED?OTA
            CODE    0A7EH     0034H     UNIT         ?PR?_OTA_SETRECEIVEDATA?OTA
            CODE    0AB2H     0323H     UNIT         ?PR?OTA_PROCESS?OTA
            CODE    0DD5H     0162H     UNIT         ?PR?OTA
            CODE    0F37H     09E1H     UNIT         ?C?LIB_CODE
            CODE    1918H     0591H     UNIT         ?PR?PRCSS_LL_ENC_REQ?LINKLAYER
            CODE    1EA9H     014AH     UNIT         ?PR?BATTERYDETECT?RFA8107
            CODE    1FF3H     000DH     UNIT         ?PR?BLE_GETCONNECTPARAMETER?LINKLAYER
            CODE    2000H     0004H     UNIT         ?PR?FLASH_INITIAL?IAP
            CODE    2004H     0004H     UNIT         ?PR?FLASH_RELEASE?IAP
            CODE    2008H     0023H     UNIT         ?PR?FLASH_PROTECT_BATTERY?IAP
            CODE    202BH     0004H     UNIT         ?PR?PWE_ENABLE?IAP
            CODE    202FH     0007H     UNIT         ?PR?IAP_INITIALIZE?IAP
            CODE    2036H     0007H     UNIT         ?PR?_IAP_BANKSWITCH?IAP
            CODE    203DH     0011H     UNIT         ?PR?_IAP_INIT?IAP
            CODE    204EH     008BH     UNIT         ?PR?_IAP_ERASE?IAP
BL51 BANKED LINKER/LOCATER V6.22                                                      09/07/2017  13:21:10  PAGE 9


            CODE    20D9H     0038H     UNIT         ?PR?_IAP_READDATA?IAP
            CODE    2111H     009CH     UNIT         ?PR?_IAP_WRITEDATA?IAP
            CODE    21ADH     0A4EH     UNIT         ?CO?HOST
            CODE    2BFBH     038CH     UNIT         ?PR?TXDATA_PROCESS?LINKLAYER
            CODE    2F87H     0079H     UNIT         ?PR?GETBLE_LINKMESSAGE?LINKLAYER
            CODE    3000H     009FH     UNIT         ?PR?_ERASE_START?IAP
            CODE    309FH     0121H     UNIT         ?PR?_WRITEFLASH_START?IAP
            CODE    31C0H     0002H     UNIT         ?PR?INT1_ISR?INTERRUPT_24G
            CODE    31C2H     0073H     UNIT         ?PR?TIMER1_ISR?INTERRUPT_24G
            CODE    3235H     0002H     UNIT         ?PR?UART0ISR?INTERRUPT_24G
            CODE    3237H     0002H     UNIT         ?PR?TIMER2_ISR?INTERRUPT_24G
            CODE    3239H     0002H     UNIT         ?PR?INT2_ISR?INTERRUPT_24G
            CODE    323BH     0002H     UNIT         ?PR?SLEEPTIMER1_ISR?INTERRUPT_24G
            CODE    323DH     0002H     UNIT         ?PR?RTC_ISR?INTERRUPT_24G
            CODE    323FH     0068H     UNIT         ?PR?RFISR?INTERRUPT_24G
            CODE    32A7H     0002H     UNIT         ?PR?KEYINT_ISR?INTERRUPT_24G
            CODE    32A9H     0033H     UNIT         ?PR?_PRCSS_L2CAP_CID?HOST
            CODE    32DCH     00B9H     UNIT         ?PR?_PRCSS_BLE_OPCODE_ATT?HOST
            CODE    3395H     0051H     UNIT         ?PR?_PRCSS_BLE_CODE_SMP?HOST
            CODE    33E6H     0001H     UNIT         ?PR?PRCSS_L2CAP_CID_NULL_IDENTIFIER?HOST
            CODE    33E7H     0001H     UNIT         ?PR?PRCSS_L2CAP_CID_L2CAP_SIGNALING_CHANNEL?HOST
            CODE    33E8H     0001H     UNIT         ?PR?PRCSS_L2CAP_CID_CONNECTIONLESS_CHANNEL?HOST
            CODE    33E9H     0001H     UNIT         ?PR?PRCSS_L2CAP_CID_AMP_MANAGER_PROTOCOL?HOST
            CODE    33EAH     0025H     UNIT         ?PR?PRCSS_L2CAP_CID_ATTRIBUTE_PROTOCOL?HOST
            CODE    340FH     0036H     UNIT         ?PR?PRCSS_L2CAP_CID_LE_L2CAP_SIGNALING_CHANNEL?HOST
            CODE    3445H     000EH     UNIT         ?PR?PRCSS_L2CAP_CID_SECURITY_MANAGER_PROTOCOL?HOST
            CODE    3453H     0001H     UNIT         ?PR?PRCSS_OPCODE_ATT_NULL?HOST
            CODE    3454H     0036H     UNIT         ?PR?PRCSS_OPCODE_ATT_ERROR_RESPONSE?HOST
            CODE    348AH     001AH     UNIT         ?PR?PRCSS_OPCODE_ATT_EXCHANGE_MTU_REQUEST?HOST
            CODE    34A4H     0001H     UNIT         ?PR?PRCSS_OPCODE_ATT_EXCHANGE_MTU_RESPONSE?HOST
            CODE    34A5H     018AH     UNIT         ?PR?PRCSS_OPCODE_ATT_FIND_INFORMATION_REQUEST?HOST
            CODE    362FH     0140H     UNIT         ?PR?PRCSS_OPCODE_ATT_FIND_INFORMATION_RESPONSE?HOST
            CODE    376FH     016CH     UNIT         ?PR?PRCSS_OPCODE_ATT_FIND_BY_TYPE_VALUE_REQUEST?HOST
            CODE    38DBH     0058H     UNIT         ?PR?PRCSS_OPCODE_ATT_FIND_BY_TYPE_VALUE_RESPONSE?HOST
            CODE    3933H     02FAH     UNIT         ?PR?PRCSS_OPCODE_ATT_READ_BY_TYPE_REQUEST?HOST
            CODE    3C2DH     01D5H     UNIT         ?PR?PRCSS_OPCODE_ATT_READ_BY_TYPE_RESPONSE?HOST
            CODE    3E02H     00E1H     UNIT         ?PR?PRCSS_OPCODE_ATT_READ_REQUEST?HOST
            CODE    3EE3H     0001H     UNIT         ?PR?PRCSS_OPCODE_ATT_READ_RESPONSE?HOST
            CODE    3EE4H     0160H     UNIT         ?PR?PRCSS_OPCODE_ATT_READ_BLOB_REQUEST?HOST
            CODE    4044H     0001H     UNIT         ?PR?PRCSS_OPCODE_ATT_READ_BLOB_RESPONSE?HOST
            CODE    4045H     0009H     UNIT         ?PR?PRCSS_OPCODE_ATT_READ_MULTIPLE_REQUEST?HOST
            CODE    404EH     0001H     UNIT         ?PR?PRCSS_OPCODE_ATT_READ_MULTIPLE_RESPONSE?HOST
            CODE    404FH     036BH     UNIT         ?PR?PRCSS_OPCODE_ATT_READ_BY_GROUP_TYPE_REQUEST?HOST
            CODE    43BAH     0001H     UNIT         ?PR?PRCSS_OPCODE_ATT_READ_BY_GROUP_TYPE_RESPONSE?HOST
            CODE    43BBH     0396H     UNIT         ?PR?PRCSS_OPCODE_ATT_WRITE_REQUEST?HOST
            CODE    4751H     0001H     UNIT         ?PR?PRCSS_OPCODE_ATT_WRITE_RESPONSE?HOST
            CODE    4752H     0009H     UNIT         ?PR?PRCSS_OPCODE_ATT_PREPARE_WRITE_REQUEST?HOST
            CODE    475BH     0001H     UNIT         ?PR?PRCSS_OPCODE_ATT_PREPARE_WRITE_RESPONSE?HOST
            CODE    475CH     0009H     UNIT         ?PR?PRCSS_OPCODE_ATT_EXECUTE_WRITE_REQUEST?HOST
            CODE    4765H     0001H     UNIT         ?PR?PRCSS_OPCODE_ATT_EXECUTE_WRITE_RESPONSE?HOST
            CODE    4766H     0080H     UNIT         ?PR?PRCSS_OPCODE_ATT_HANDLE_VALUE_NOTIFICATION?HOST
            CODE    47E6H     0001H     UNIT         ?PR?PRCSS_OPCODE_ATT_HANDLE_VALUE_INDICATION?HOST
            CODE    47E7H     0003H     UNIT         ?PR?PRCSS_OPCODE_ATT_HANDLE_VALUE_CONFIRMATION?HOST
            CODE    47EAH     0391H     UNIT         ?PR?PRCSS_OPCODE_ATT_WRITE_COMMAND?HOST
            CODE    4B7BH     0001H     UNIT         ?PR?PRCSS_OPCODE_ATT_SIGNED_WRITE_COMMAND?HOST
            CODE    4B7CH     0001H     UNIT         ?PR?PRCSS_BLE_CODE_SMP_RESERVED?HOST
            CODE    4B7DH     00CEH     UNIT         ?PR?PRCSS_BLE_CODE_SMP_PAIRING_REQUEST?HOST
BL51 BANKED LINKER/LOCATER V6.22                                                      09/07/2017  13:21:10  PAGE 10


            CODE    4C4BH     0001H     UNIT         ?PR?PRCSS_BLE_CODE_SMP_PAIRING_RESPONSE?HOST
            CODE    4C4CH     007EH     UNIT         ?PR?PRCSS_BLE_CODE_SMP_PAIRING_CONFIRM?HOST
            CODE    4CCAH     00EDH     UNIT         ?PR?PRCSS_BLE_CODE_SMP_PAIRING_RANDOM?HOST
            CODE    4DB7H     0014H     UNIT         ?PR?PRCSS_BLE_CODE_SMP_PAIRING_FAILED?HOST
            CODE    4DCBH     000CH     UNIT         ?PR?PRCSS_BLE_CODE_SMP_ENCRYPTION_INFORMATION?HOST
            CODE    4DD7H     0031H     UNIT         ?PR?PRCSS_BLE_CODE_SMP_MASTER_IDENTIFICATION?HOST
            CODE    4E08H     0014H     UNIT         ?PR?PRCSS_BLE_CODE_SMP_IDENTITY_INFORMATION?HOST
            CODE    4E1CH     01B8H     UNIT         ?PR?PRCSS_BLE_CODE_SMP_IDENTITY_ADDRESS_INFORMATION?HOST
            CODE    4FD4H     0014H     UNIT         ?PR?PRCSS_BLE_CODE_SMP_SIGNING_INFORMATION?HOST
            CODE    4FE8H     001DH     UNIT         ?PR?PRCSS_BLE_CODE_SMP_SECURITY_REQUEST?HOST
            CODE    5005H     0015H     UNIT         ?PR?_GETBLE_ATTRIBUTE_TYPE_SIZE?HOST
            CODE    501AH     004EH     UNIT         ?PR?_CHKBLE_ATTRIBUTE_PERMISSION_READ?HOST
            CODE    5068H     004EH     UNIT         ?PR?_CHKBLE_ATTRIBUTE_PERMISSION_WRITE?HOST
            CODE    50B6H     06D5H     UNIT         ?PR?_CMD_FLASHBOND?HOST
            CODE    578BH     00C5H     UNIT         ?PR?_ERSDATA_FLASHBOND?HOST
            CODE    5850H     00C5H     UNIT         ?PR?_ERSINFO_FLASHBOND?HOST
            CODE    5915H     0052H     UNIT         ?PR?_MARK_PID_INFO_FLASHBOND?HOST
            CODE    5967H     0056H     UNIT         ?PR?_MARK_PID_DATA_FLASHBOND?HOST
            CODE    59BDH     00CFH     UNIT         ?PR?FIL_INFO_FLASHBONDWEXST_PBID?HOST
            CODE    5A8CH     00FCH     UNIT         ?PR?FIL_DATA_FLASHBONDWEXST_PBID?HOST
            CODE    5B88H     01F6H     UNIT         ?PR?_BLE_SENDDATA?HOST
            CODE    5D7EH     0009H     UNIT         ?PR?BLE_GETWRITEEVENT?HOST
            CODE    5D87H     0006H     UNIT         ?PR?BLE_GETWRITEEVENT_LENGTH?HOST
            CODE    5D8DH     002CH     UNIT         ?PR?BLE_ANCS_DISCOVER?HOST
            CODE    5DB9H     0020H     UNIT         ?PR?BLE_GETANCS_RESULT?HOST
            CODE    5DD9H     0040H     UNIT         ?PR?SETBLE_ANCS_DISCOVER?HOST
            CODE    5E19H     001BH     UNIT         ?PR?BLE_ANCS_NOTIFICATIONSOURCE_ENABLE?HOST
            CODE    5E34H     001BH     UNIT         ?PR?BLE_ANCS_NOTIFICATIONSOURCE_DISABLE?HOST
            CODE    5E4FH     0052H     UNIT         ?PR?SETBLE_ANCS_NOTIFICATINOSOURCE?HOST
            CODE    5EA1H     002AH     UNIT         ?PR?BLE_ANCS_DATASOURCE_ENABLE?HOST
            CODE    5ECBH     002AH     UNIT         ?PR?BLE_ANCS_DATASOURCE_DISABLE?HOST
            CODE    5EF5H     0052H     UNIT         ?PR?SETBLE_ANCS_DATASOURCE?HOST
            CODE    5F47H     0009H     UNIT         ?PR?BLE_GET_ANCS_NOFITICATION_ENVET?HOST
            CODE    5F50H     0006H     UNIT         ?PR?BLE_GET_ANCS_NOTIFICATION_LENGTH?HOST
            CODE    5F56H     008DH     UNIT         ?PR?_BLE_ANCS_SEND_CONTROL_POINT?HOST
            CODE    5FE3H     001BH     UNIT         ?PR?_GETBLE_ATTRIBUTE_VALUE_DYNMCLNGTH?HOST
            CODE    5FFEH     0023H     UNIT         ?PR?_BLE_PASSKEY_SET?HOST
            CODE    6021H     0010H     UNIT         ?PR?PRCSS_PASSKEY_PAIRING_CONFIRM?HOST
            CODE    6031H     0012H     UNIT         ?PR?_CHKIFBLE_ATT_CHR_ACSS_BYUSER?HOST
            CODE    6043H     0008H     UNIT         ?PR?BLE_GETIDENTIFICATIONRESULT?HOST
            CODE    604BH     0783H     UNIT         ?PR?HOST
            CODE    67CEH     002BH     UNIT         ?PR?_WRITETXFIFO?MAIN_24G
            CODE    67F9H     002CH     UNIT         ?PR?_READRXFIFO?MAIN_24G
            CODE    6825H     000AH     UNIT         ?PR?DISABLETIMER1?MAIN_24G
            CODE    682FH     000BH     UNIT         ?PR?ENABLETIMER1?MAIN_24G
            CODE    683AH     0039H     UNIT         ?PR?_SET_TIMER1_N_MS?MAIN_24G
            CODE    6873H     0444H     UNIT         ?PR?MAIN?MAIN_24G
            CODE    6CB7H     0043H     UNIT         ?PR?MAIN_24G
            CODE    6CFAH     07B0H     UNIT         ?PR?LINKLAYER
            CODE    74AAH     0513H     UNIT         ?PR?CONNECTESTABLISH?LINKLAYER
            CODE    79BDH     0043H     UNIT         ?PR?_SETADV_TO?LINKLAYER
            CODE    7A00H     0200H     ABSOLUTE     
            CODE    7C00H     0300H     ABSOLUTE     
            CODE    7F00H     00EAH     UNIT         ?PR?PROPRIETARY
            CODE    7FEAH     000AH     UNIT         ?PR?_CONSUMER_SETBONDING_USE_OLDKEY?LINKLAYER
            CODE    7FF4H     000CH     ABSOLUTE     
            CODE    8000H     077AH     UNIT         ?PR?ADVGO?LINKLAYER
BL51 BANKED LINKER/LOCATER V6.22                                                      09/07/2017  13:21:10  PAGE 11


            CODE    877AH     057AH     UNIT         ?CO?SERVICEGEN
            CODE    8CF4H     0302H     UNIT         ?PR?INITBLE?LINKLAYER
            CODE    8FF6H     0285H     UNIT         ?PR?BLE_SLAVE_PROCESS?LINKLAYER
            CODE    927BH     0255H     UNIT         ?PR?INITBLE_ATTSERVPARAMTER?LINKLAYER
            CODE    94D0H     0205H     UNIT         ?PR?ACKDATA_PROCESS?LINKLAYER
            CODE    96D5H     01EDH     UNIT         ?PR?SETBLE_TIMEINTERVAL_CONNECT?LINKLAYER
            CODE    98C2H     01CFH     UNIT         ?PR?SETRXWINDOWTIMING?RFA8107
            CODE    9A91H     01C1H     UNIT         ?PR?_PROP_RUNRX?PROPRIETARY
            CODE    9C52H     0191H     UNIT         ?C_INITSEG
            CODE    9DE3H     018EH     UNIT         ?PR?PRCSS_LL_START_ENC_RSP?LINKLAYER
            CODE    9F71H     0180H     UNIT         ?PR?MD_PROCEDURE?LINKLAYER
            CODE    A0F1H     0179H     UNIT         ?PR?RFA8107
            CODE    A26AH     015BH     UNIT         ?PR?_PROP_RUNTX?PROPRIETARY
            CODE    A3C5H     013BH     UNIT         ?PR?_PROP_START?PROPRIETARY
            CODE    A500H     0128H     UNIT         ?PR?_SMPC1?LINKLAYER
            CODE    A628H     0120H     UNIT         ?PR?_BLE_SETTXPOWER?RFA8107
            CODE    A748H     0106H     UNIT         ?PR?_PROP_CREATE?PROPRIETARY
            CODE    A84EH     00DBH     UNIT         ?PR?_BLE_SETCONNECTPARAMETERUPDATEREQUEST?LINKLAYER
            CODE    A929H     00CAH     UNIT         ?PR?_SETBLE_CONNTXCTRL?LINKLAYER
            CODE    A9F3H     00BEH     UNIT         ?PR?_SETADV_RUN_CTRL?LINKLAYER
            CODE    AAB1H     00BEH     UNIT         ?PR?_PROP_STOP?PROPRIETARY
            CODE    AB6FH     00B9H     UNIT         ?PR?INITBLESW?LINKLAYER
            CODE    AC28H     00AEH     UNIT         ?PR?PARTIAL_INITRF?RFA8107
            CODE    ACD6H     00ADH     UNIT         ?PR?RXDATA_PROCESS?LINKLAYER
            CODE    AD83H     00A1H     UNIT         ?PR?RXPACKET?LINKLAYER
            CODE    AE24H     00A0H     UNIT         ?PR?SETBLE_CHANNEL?LINKLAYER
            CODE    AEC4H     0099H     UNIT         ?PR?CHECKBLETIMER?LINKLAYER
            CODE    AF5DH     008DH     UNIT         ?PR?_PRCSS_LL_CONTROL_PDU?LINKLAYER
            CODE    AFEAH     008CH     UNIT         ?C_C51STARTUP
            CODE    B076H     008CH     UNIT         ?PR?PRCSS_LL_CONNECTION_UPDATE_REQ?LINKLAYER
            CODE    B102H     008BH     UNIT         ?PR?_BLE_ADV_CMD?LINKLAYER
            CODE    B18DH     0081H     UNIT         ?CO?RFA8107
            CODE    B20EH     007AH     UNIT         ?PR?PRCSS_LL_PAUSE_ENC_REQ?LINKLAYER
            CODE    B288H     0074H     UNIT         ?PR?CONSUMER_BONDINGRESULT_CLEAR?LINKLAYER
            CODE    B2FCH     0070H     UNIT         ?PR?A8107_CONFIG?RFA8107
            CODE    B36CH     006AH     UNIT         ?PR?SETBLE_TIMEINTERVAL_WINOFFSET?LINKLAYER
            CODE    B3D6H     0067H     UNIT         ?PR?A8107_RCSELECT?RFA8107
            CODE    B43DH     0066H     UNIT         ?PR?PRCSS_LL_CHANNEL_MAP_REQ?LINKLAYER
            CODE    B4A3H     0062H     UNIT         ?PR?INITMCU?MCUFUNCTION
            CODE    B505H     0062H     UNIT         ?PR?_BLE_INITIMMEDIATEALERTLEVEL?LINKLAYER
            CODE    B567H     0062H     UNIT         ?PR?_BLE_INITLINKLOSSALERTLEVEL?LINKLAYER
            CODE    B5C9H     0057H     UNIT         ?PR?GENERATIONLTK?LINKLAYER
            CODE    B620H     0057H     UNIT         ?PR?A8107_CAL?RFA8107
            CODE    B677H     0054H     UNIT         ?PR?INITBLESMP_RE?LINKLAYER
            CODE    B6CBH     0052H     UNIT         ?PR?SMPAES?LINKLAYER
            CODE    B71DH     0051H     UNIT         ?PR?DC_SHIFT?LINKLAYER
            CODE    B76EH     0050H     UNIT         ?PR?TIMER0ISR?RFA8107
            CODE    B7BEH     0050H     UNIT         ?PR?_PROP_DELETE?PROPRIETARY
            CODE    B80EH     004BH     UNIT         ?PR?_RF_TIMER500MS?RFA8107
            CODE    B859H     004AH     UNIT         ?PR?PRCSS_LL_START_ENC_REQ?LINKLAYER
            CODE    B8A3H     0049H     UNIT         ?PR?_SETBLE_SN_NESN?LINKLAYER
            CODE    B8ECH     0046H     UNIT         ?PR?SETBLE_CONNECTUPDATE?LINKLAYER
            CODE    B932H     0040H     UNIT         ?CO?LINKLAYER
            CODE    B972H     003BH     UNIT         ?PR?_A8107_RX_PKT_NUM?LINKLAYER
            CODE    B9ADH     003BH     UNIT         ?PR?_A8107_TX_PKT_NUM?LINKLAYER
            CODE    B9E8H     003BH     UNIT         ?PR?GET_INTERVAL_TIME_LEFT?PROPRIETARY
            CODE    BA23H     003AH     UNIT         ?PR?_SMPS1?LINKLAYER
BL51 BANKED LINKER/LOCATER V6.22                                                      09/07/2017  13:21:10  PAGE 12


            CODE    BA5DH     0039H     UNIT         ?PR?_SETADV_TIMING?LINKLAYER
            CODE    BA96H     0034H     UNIT         ?PR?_CHGROUPCAL?RFA8107
            CODE    BACAH     0033H     UNIT         ?PR?PRCSS_LL_FEATURE_REQ?LINKLAYER
            CODE    BAFDH     0030H     UNIT         ?CO?MAIN_24G
            CODE    BB2DH     002DH     UNIT         ?PR?BLE_AUTOPWRDOWN_ENABLE?LINKLAYER
            CODE    BB5AH     002BH     UNIT         ?PR?_SETBLE_CONNTXDATA_ATT_ERROR_RESPONSE?LINKLAYER
            CODE    BB85H     002BH     UNIT         ?PR?_WRITEHWFIFO?PROPRIETARY
            CODE    BBB0H     002AH     UNIT         ?PR?PRCSS_LL_PAUSE_ENC_RSP?LINKLAYER
            CODE    BBDAH     0029H     UNIT         ?PR?PRCSS_LL_VERSION_IND?LINKLAYER
            CODE    BC03H     0025H     UNIT         ?PR?SETBLE_LLTERMINATE?LINKLAYER
            CODE    BC28H     0025H     UNIT         ?PR?INITRF?RFA8107
            CODE    BC4DH     0023H     UNIT         ?PR?_SETBLE_CHECK_SN_NESN?LINKLAYER
            CODE    BC70H     0022H     UNIT         ?PR?CONSUMER_BONDING_SUCCESS?LINKLAYER
            CODE    BC92H     0020H     UNIT         ?PR?_SETADV_TYPE?LINKLAYER
            CODE    BCB2H     0020H     UNIT         ?PR?_BLE_SETWHITELIST?LINKLAYER
            CODE    BCD2H     001FH     UNIT         ?PR?INITTIMER0?RFA8107
            CODE    BCF1H     001FH     UNIT         ?PR?GET_INTERVAL_TIME?PROPRIETARY
            CODE    BD10H     001EH     UNIT         ?PR?RANDNUMBERGENERATOR?LINKLAYER
            CODE    BD2EH     001DH     UNIT         ?PR?SETBLE_LLBUSY?LINKLAYER
            CODE    BD4BH     001CH     UNIT         ?PR?GETRSSI?RFA8107
            CODE    BD67H     001BH     UNIT         ?PR?_INITCRYSTALCL?RFA8107
            CODE    BD82H     001BH     UNIT         ?PR?__DELAY5US?RFA8107
            CODE    BD9DH     0018H     UNIT         ?PR?_CONSUMER_SETBONDING_STATUS?LINKLAYER
            CODE    BDB5H     0018H     UNIT         ?PR?ENABLEPRTIMER1?PROPRIETARY
            CODE    BDCDH     0017H     UNIT         ?PR?_SETADV_CHANNEL?LINKLAYER
            CODE    BDE4H     0017H     UNIT         ?PR?_SETADV_RND_CTRL?LINKLAYER
            CODE    BDFBH     0017H     UNIT         ?PR?_SETADV_TO_CTRL?LINKLAYER
            CODE    BE12H     0017H     UNIT         ?PR?BLE_GETCONNECTUPDATERESULT?LINKLAYER
            CODE    BE29H     0015H     UNIT         ?PR?_CHKBLE_ATT_CHR_ACSSWR_BYUSER?APPLICATION_CHECK
            CODE    BE3EH     0015H     UNIT         ?PR?A8107_WRITEAESKEY?LINKLAYER
            CODE    BE53H     0015H     UNIT         ?PR?A8107_WRITEID?RFA8107
            CODE    BE68H     0014H     UNIT         ?PR?A8107_READAESDATA?LINKLAYER
            CODE    BE7CH     0014H     UNIT         ?PR?A8107_WRITEAESDATA?LINKLAYER
            CODE    BE90H     0011H     UNIT         ?PR?CONSUMER_GETBONDING_RESULT?LINKLAYER
            CODE    BEA1H     0010H     UNIT         ?PR?ERR_STATE?RFA8107
            CODE    BEB1H     0010H     UNIT         ?PR?INITCRC?RFA8107
            CODE    BEC1H     000FH     UNIT         ?PR?BLE_GETTERMINATERESULT?LINKLAYER
            CODE    BED0H     000FH     UNIT         ?PR?RF_RC_DISABLE?RFA8107
            CODE    BEDFH     000FH     UNIT         ?PR?PROP_INITIALIZE?PROPRIETARY
            CODE    BEEEH     000EH     UNIT         ?PR?TIMER1PRINIT?PROPRIETARY
            CODE    BEFCH     000DH     UNIT         ?PR?BLE_GETCONNECTSERVERADDRESS?LINKLAYER
            CODE    BF09H     000CH     UNIT         ?PR?INITBLESMP?LINKLAYER
            CODE    BF15H     000CH     UNIT         ?PR?RANDOMSEEDCOUNT?LINKLAYER
            CODE    BF21H     000BH     UNIT         ?CO?SECURITY
            CODE    BF2CH     000BH     UNIT         ?PR?_SETBLE_ADVPDU?LINKLAYER
            CODE    BF37H     000BH     UNIT         ?PR?CONNECT_ACK_ENABLE?LINKLAYER
            CODE    BF42H     000BH     UNIT         ?PR?TMR_INTERRUPT_DISABLE?LINKLAYER
            CODE    BF4DH     000BH     UNIT         ?PR?CONNECT_ACK_DISABLE?LINKLAYER
            CODE    BF58H     000BH     UNIT         ?PR?SETBLE_CONNDISSLV?LINKLAYER
            CODE    BF63H     000BH     UNIT         ?PR?SMPPASSKEY_INIT?LINKLAYER
            CODE    BF6EH     000AH     UNIT         ?PR?DISABLETIMER0?RFA8107
            CODE    BF78H     000AH     UNIT         ?PR?DISABLEPRTIMER1?PROPRIETARY
            CODE    BF82H     0009H     UNIT         ?PR?_CHKBLE_ATT_CHR_ACSSRD_BYUSER?APPLICATION_CHECK
            CODE    BF8BH     0009H     UNIT         ?PR?BLE_GETLINKLOSSCOUNT?LINKLAYER
            CODE    BF94H     0009H     UNIT         ?PR?_CONSUMER_PAIRING_RULE_SELECT?LINKLAYER
            CODE    BF9DH     0009H     UNIT         ?PR?RF_GETRSSIRESULT?RFA8107
            CODE    BFA6H     0008H     UNIT         ?PR?TMR_INTERRUPT_ENABLE?LINKLAYER
BL51 BANKED LINKER/LOCATER V6.22                                                      09/07/2017  13:21:10  PAGE 13


            CODE    BFAEH     0007H     UNIT         ?PR?BLE_GETEMPTYCOUNT?LINKLAYER
            CODE    BFB5H     0006H     UNIT         ?PR?ADV_ACK_ENABLE?LINKLAYER
            CODE    BFBBH     0006H     UNIT         ?PR?ADV_ACK_DISABLE?LINKLAYER
            CODE    BFC1H     0006H     UNIT         ?PR?BLE_GETPWRSTATE?LINKLAYER
            CODE    BFC7H     0006H     UNIT         ?PR?BLE_GETWHITELIST_STATUS?LINKLAYER
            CODE    BFCDH     0006H     UNIT         ?PR?BLE_GETDISCONNECTREASON?LINKLAYER
            CODE    BFD3H     0006H     UNIT         ?PR?_STROBECMD?RFA8107
            CODE    BFD9H     0006H     UNIT         ?PR?RF_GETBATTERYRESULT?RFA8107
            CODE    BFDFH     0006H     UNIT         ?PR?PROP_GETRFMODE?PROPRIETARY
            CODE    BFE5H     0003H     UNIT         ?PR?INTERRUPTENABLE?RFA8107
            CODE    BFE8H     0003H     UNIT         ?PR?DISABLERXWINS?PROPRIETARY
                    BFEBH     4013H                  *** GAP ***
            CODE    FFFEH     0002H     ABSOLUTE     



SYMBOL TABLE OF MODULE:  Demo_Proprietary (?C_STARTUP)

  VALUE           TYPE          NAME
  ----------------------------------

  -------         MODULE        ?C_STARTUP
  C:AFEAH         SEGMENT       ?C_C51STARTUP
  I:0030H         SEGMENT       ?STACK
  C:0002H         PUBLIC        ?C_STARTUP
  C:AFEAH         PUBLIC        STARTUP1
  D:00E0H         SYMBOL        ACC
  D:00F0H         SYMBOL        B
  D:0083H         SYMBOL        DPH
  D:0082H         SYMBOL        DPL
  N:007BH         SYMBOL        IAP_PROCESS_ADDRESS
  N:0000H         SYMBOL        IBPSTACK
  N:0100H         SYMBOL        IBPSTACKTOP
  N:0080H         SYMBOL        IDATALEN
  C:AFEDH         SYMBOL        IDATALOOP
  N:0300H         SYMBOL        INTERRUPT_OFFSET
  N:0000H         SYMBOL        PBPSTACK
  N:0100H         SYMBOL        PBPSTACKTOP
  N:0000H         SYMBOL        PDATALEN
  N:0000H         SYMBOL        PDATASTART
  N:0000H         SYMBOL        PPAGE
  N:0000H         SYMBOL        PPAGEENABLE
  D:00A0H         SYMBOL        PPAGE_SFR
  D:0081H         SYMBOL        SP
  N:0000H         SYMBOL        XBPSTACK
  N:0000H         SYMBOL        XBPSTACKTOP
  N:0000H         SYMBOL        XDATALEN
  N:0000H         SYMBOL        XDATASTART
  C:0002H         LINE#         132
  C:AFEAH         LINE#         139
  C:AFECH         LINE#         140
  C:AFEDH         LINE#         141
  C:AFEEH         LINE#         142
  C:AFF0H         LINE#         191
  C:AFF3H         LINE#         202
  -------         ENDMOD        ?C_STARTUP

BL51 BANKED LINKER/LOCATER V6.22                                                      09/07/2017  13:21:10  PAGE 14


  -------         MODULE        FLASH_CHECK
  N:0000H         SYMBOL        FLASH_CHECK
  -------         ENDMOD        FLASH_CHECK

  -------         MODULE        INTERRUPT_OFFSET
  N:007BH         SYMBOL        IAP_PROCESS_ADDRESS
  N:0300H         SYMBOL        INTERRUPT_OFFSET
  C:000BH         LINE#         5
  C:0013H         LINE#         7
  C:001BH         LINE#         9
  C:0023H         LINE#         11
  C:002BH         LINE#         13
  C:0033H         LINE#         15
  C:003BH         LINE#         17
  C:0043H         LINE#         19
  C:004BH         LINE#         21
  C:0053H         LINE#         23
  C:005BH         LINE#         25
  C:0063H         LINE#         27
  C:006BH         LINE#         29
  C:0073H         LINE#         31
  -------         ENDMOD        INTERRUPT_OFFSET

  -------         MODULE        OTA_IAP
  D:00E0H         SYMBOL        ACC
  N:0038H         SYMBOL        BDCOUNTH
  N:0037H         SYMBOL        BDCOUNTL
  N:0040H         SYMBOL        BUFFER
  D:0094H         SYMBOL        CODEBANK
  D:0083H         SYMBOL        DPH
  D:0082H         SYMBOL        DPL
  D:00E8H         SYMBOL        EIE
  D:0091H         SYMBOL        EIF
  D:009AH         SYMBOL        FLASHCTRL
  D:009BH         SYMBOL        FLASHTMR
  C:0212H         SYMBOL        F_BATTERYDETECT
  C:020BH         SYMBOL        F_CLRPWE
  C:01CAH         SYMBOL        F_ERASESECTOR
  C:01FBH         SYMBOL        F_FLASHCONTROL
  C:01F1H         SYMBOL        F_FLASHSETTING
  C:016FH         SYMBOL        F_READ16BYTES
  C:0204H         SYMBOL        F_SETPWE
  C:022FH         SYMBOL        F_SHORT_DELAY
  C:013DH         SYMBOL        F_UPDATE256BYTES
  C:017CH         SYMBOL        F_VERIFY16BYTES
  C:0195H         SYMBOL        F_WRITE16BYTES
  C:0192H         SYMBOL        F_WRITE_A_BYTES
  N:007BH         SYMBOL        IAP_PROCESS_ADDRESS
  D:00A8H         SYMBOL        IE
  N:0300H         SYMBOL        INTERRUPT_OFFSET
  C:007BH         SYMBOL        OTA_BEGIN
  C:0300H         SYMBOL        OTA_END
  D:00D1H         SYMBOL        P0OE
  D:00D2H         SYMBOL        P0PUN
  D:0087H         SYMBOL        PCON
  N:003AH         SYMBOL        READDATA
  D:00BAH         SYMBOL        RSFLAG
BL51 BANKED LINKER/LOCATER V6.22                                                      09/07/2017  13:21:10  PAGE 15


  N:0032H         SYMBOL        SOURCEBANK
  N:0030H         SYMBOL        SOURCEDPH
  N:0031H         SYMBOL        SOURCEDPL
  D:0081H         SYMBOL        SP
  D:00EBH         SYMBOL        TA
  N:0035H         SYMBOL        TARGETBANK
  N:0033H         SYMBOL        TARGETDPH
  N:0034H         SYMBOL        TARGETDPL
  N:0039H         SYMBOL        TRYCOUNT
  N:0036H         SYMBOL        UPDATEDPH
  D:00D8H         SYMBOL        WDCON
  C:01B2H         SYMBOL        _CHECK_R3_OTA_DATA2_
  C:01E7H         SYMBOL        _CHECK_R3_OTA_DATA_
  C:01A8H         SYMBOL        _CHECK_WDT2_
  C:01DDH         SYMBOL        _CHECK_WDT_
  C:01EDH         SYMBOL        _ERASESECTOR_START
  C:021EH         SYMBOL        _F_BATTERYDETECTLOOP
  C:0225H         SYMBOL        _F_BATTERYDETECT_BDF_0
  C:022AH         SYMBOL        _F_BATTERYDETECT_BDF_1
  C:01EEH         SYMBOL        _F_ERASESECTOR_END
  C:01E5H         SYMBOL        _F_ERASESECTOR_STOP
  C:0173H         SYMBOL        _F_READ16BYTES_LOOP
  C:0231H         SYMBOL        _F_SHORT_DELAY_LOOP
  C:016CH         SYMBOL        _F_UPDATE256BYTES_FAIL
  C:0141H         SYMBOL        _F_UPDATE256BYTES_LOOP
  C:0169H         SYMBOL        _F_UPDATE256BYTES_PASS
  C:018FH         SYMBOL        _F_VERIFY16BYTES_FAIL
  C:0180H         SYMBOL        _F_VERIFY16BYTES_LOOP
  C:018CH         SYMBOL        _F_VERIFY16BYTES_PASS
  C:01C7H         SYMBOL        _F_WRITE16BYTES_END
  C:01BCH         SYMBOL        _F_WRITE16BYTES_LOOP
  C:01C3H         SYMBOL        _F_WRITE16BYTES_NEXT
  C:01B0H         SYMBOL        _F_WRITE16BYTES_STOP
  C:01C2H         SYMBOL        _F_WRITE16BYTES_WRITE
  C:01B8H         SYMBOL        _F_WRITE_A_BYTES_START
  C:01B8H         SYMBOL        _F_WRITE_START
  C:0090H         SYMBOL        _OTA_BATTERYDETECT
  C:00CCH         SYMBOL        _OTA_PROCESS
  C:00AEH         SYMBOL        _OTA_PROCESS_CHECK_BANK_CODE_LH
  C:00A8H         SYMBOL        _OTA_PROCESS_CHECK_CODE_H
  C:00A3H         SYMBOL        _OTA_PROCESS_CHECK_CODE_L
  C:00C6H         SYMBOL        _OTA_PROCESS_END
  C:00D9H         SYMBOL        _OTA_PROCESS_ERASE
  C:011AH         SYMBOL        _OTA_PROCESS_FAIL
  C:00CAH         SYMBOL        _OTA_PROCESS_FINISH
  C:00D1H         SYMBOL        _OTA_PROCESS_LOOP
  C:00D4H         SYMBOL        _OTA_PROCESS_LOOP_RETRY
  C:0116H         SYMBOL        _OTA_PROCESS_NEXT
  C:00CAH         SYMBOL        _OTA_PROCESS_RESET
  C:0107H         SYMBOL        _OTA_PROCESS_UPDATE
  C:00F8H         SYMBOL        _OTA_PROCESS_UPDATE_0000_7F00
  C:00EAH         SYMBOL        _OTA_PROCESS_UPDATE_8000_FF00
  C:00A0H         SYMBOL        _OTA_START
  C:007BH         LINE#         65
  C:007EH         LINE#         66
  C:0081H         LINE#         67
  C:0084H         LINE#         68
BL51 BANKED LINKER/LOCATER V6.22                                                      09/07/2017  13:21:10  PAGE 16


  C:0086H         LINE#         70
  C:0088H         LINE#         71
  C:008AH         LINE#         73
  C:008DH         LINE#         74
  C:0090H         LINE#         76
  C:0092H         LINE#         77
  C:0094H         LINE#         78
  C:0097H         LINE#         79
  C:0099H         LINE#         80
  C:009BH         LINE#         81
  C:009EH         LINE#         82
  C:00A0H         LINE#         85
  C:00A3H         LINE#         87
  C:00A4H         LINE#         88
  C:00A5H         LINE#         89
  C:00A8H         LINE#         92
  C:00AAH         LINE#         93
  C:00ABH         LINE#         94
  C:00AEH         LINE#         97
  C:00B1H         LINE#         98
  C:00B4H         LINE#         99
  C:00B5H         LINE#         100
  C:00B6H         LINE#         101
  C:00B9H         LINE#         102
  C:00BBH         LINE#         103
  C:00BCH         LINE#         104
  C:00BFH         LINE#         105
  C:00C1H         LINE#         106
  C:00C4H         LINE#         108
  C:00C6H         LINE#         111
  C:00C8H         LINE#         112
  C:00CAH         LINE#         116
  C:00CCH         LINE#         119
  C:00CEH         LINE#         120
  C:00D1H         LINE#         123
  C:00D4H         LINE#         125
  C:00D7H         LINE#         126
  C:00D9H         LINE#         129
  C:00DCH         LINE#         130
  C:00DFH         LINE#         131
  C:00E1H         LINE#         132
  C:00E3H         LINE#         138
  C:00E5H         LINE#         139
  C:00E6H         LINE#         140
  C:00E8H         LINE#         141
  C:00EAH         LINE#         144
  C:00EDH         LINE#         145
  C:00F0H         LINE#         146
  C:00F3H         LINE#         147
  C:00F6H         LINE#         148
  C:00F8H         LINE#         151
  C:00FBH         LINE#         152
  C:00FDH         LINE#         153
  C:00FFH         LINE#         154
  C:0101H         LINE#         155
  C:0104H         LINE#         156
  C:0107H         LINE#         159
BL51 BANKED LINKER/LOCATER V6.22                                                      09/07/2017  13:21:10  PAGE 17


  C:0109H         LINE#         160
  C:010BH         LINE#         162
  C:010DH         LINE#         163
  C:0110H         LINE#         164
  C:0112H         LINE#         165
  C:0114H         LINE#         166
  C:0116H         LINE#         169
  C:0118H         LINE#         170
  C:011AH         LINE#         173
  C:011CH         LINE#         174
  C:011EH         LINE#         175
  C:0121H         LINE#         176
  C:0124H         LINE#         177
  C:0126H         LINE#         178
  C:0127H         LINE#         179
  C:0129H         LINE#         180
  C:012CH         LINE#         181
  C:012FH         LINE#         182
  C:0132H         LINE#         183
  C:0135H         LINE#         184
  C:0137H         LINE#         185
  C:0139H         LINE#         186
  C:013BH         LINE#         187
  C:013DH         LINE#         195
  C:013FH         LINE#         196
  C:0141H         LINE#         199
  C:0144H         LINE#         200
  C:0146H         LINE#         201
  C:0149H         LINE#         202
  C:014BH         LINE#         204
  C:014EH         LINE#         205
  C:0150H         LINE#         206
  C:0153H         LINE#         207
  C:0155H         LINE#         208
  C:0157H         LINE#         210
  C:015AH         LINE#         211
  C:015CH         LINE#         212
  C:015FH         LINE#         213
  C:0161H         LINE#         214
  C:0163H         LINE#         216
  C:0164H         LINE#         217
  C:0166H         LINE#         218
  C:0167H         LINE#         220
  C:0169H         LINE#         222
  C:016BH         LINE#         223
  C:016CH         LINE#         225
  C:016EH         LINE#         226
  C:016FH         LINE#         233
  C:0171H         LINE#         234
  C:0173H         LINE#         236
  C:0175H         LINE#         237
  C:0176H         LINE#         238
  C:0177H         LINE#         239
  C:0178H         LINE#         240
  C:0179H         LINE#         241
  C:017BH         LINE#         242
  C:017CH         LINE#         249
BL51 BANKED LINKER/LOCATER V6.22                                                      09/07/2017  13:21:10  PAGE 18


  C:017EH         LINE#         250
  C:0180H         LINE#         252
  C:0182H         LINE#         253
  C:0184H         LINE#         254
  C:0185H         LINE#         255
  C:0188H         LINE#         256
  C:0189H         LINE#         257
  C:018AH         LINE#         258
  C:018CH         LINE#         260
  C:018EH         LINE#         261
  C:018FH         LINE#         264
  C:0191H         LINE#         265
  C:0192H         LINE#         272
  C:0193H         LINE#         273
  C:0195H         LINE#         280
  C:0197H         LINE#         281
  C:0199H         LINE#         283
  C:019BH         LINE#         284
  C:019CH         LINE#         285
  C:019EH         LINE#         286
  C:01A0H         LINE#         288
  C:01A2H         LINE#         289
  C:01A4H         LINE#         290
  C:01A6H         LINE#         292
  C:01A8H         LINE#         295
  C:01AAH         LINE#         296
  C:01ACH         LINE#         297
  C:01AEH         LINE#         298
  C:01B0H         LINE#         301
  C:01B2H         LINE#         304
  C:01B4H         LINE#         305
  C:01B5H         LINE#         306
  C:01B6H         LINE#         307
  C:01B8H         LINE#         311
  C:01BAH         LINE#         312
  C:01BCH         LINE#         314
  C:01BDH         LINE#         315
  C:01C0H         LINE#         316
  C:01C2H         LINE#         318
  C:01C3H         LINE#         320
  C:01C4H         LINE#         321
  C:01C5H         LINE#         322
  C:01C7H         LINE#         325
  C:01C9H         LINE#         326
  C:01CAH         LINE#         332
  C:01CCH         LINE#         333
  C:01CEH         LINE#         335
  C:01D0H         LINE#         336
  C:01D1H         LINE#         337
  C:01D3H         LINE#         338
  C:01D5H         LINE#         340
  C:01D7H         LINE#         341
  C:01D9H         LINE#         342
  C:01DBH         LINE#         343
  C:01DDH         LINE#         346
  C:01DFH         LINE#         347
  C:01E1H         LINE#         348
BL51 BANKED LINKER/LOCATER V6.22                                                      09/07/2017  13:21:10  PAGE 19


  C:01E3H         LINE#         349
  C:01E5H         LINE#         352
  C:01E7H         LINE#         355
  C:01E9H         LINE#         356
  C:01EAH         LINE#         357
  C:01EBH         LINE#         358
  C:01EDH         LINE#         361
  C:01EEH         LINE#         363
  C:01F0H         LINE#         364
  C:01F1H         LINE#         370
  C:01F4H         LINE#         371
  C:01F7H         LINE#         372
  C:01FAH         LINE#         373
  C:01FBH         LINE#         379
  C:01FEH         LINE#         380
  C:0201H         LINE#         381
  C:0203H         LINE#         382
  C:0204H         LINE#         388
  C:0206H         LINE#         389
  C:0208H         LINE#         390
  C:020AH         LINE#         391
  C:020BH         LINE#         397
  C:020DH         LINE#         398
  C:020FH         LINE#         399
  C:0211H         LINE#         400
  C:0212H         LINE#         412
  C:0215H         LINE#         413
  C:0217H         LINE#         414
  C:0218H         LINE#         415
  C:021BH         LINE#         416
  C:021DH         LINE#         417
  C:021EH         LINE#         419
  C:021FH         LINE#         420
  C:0222H         LINE#         421
  C:0225H         LINE#         423
  C:0227H         LINE#         424
  C:0229H         LINE#         425
  C:022AH         LINE#         428
  C:022CH         LINE#         429
  C:022EH         LINE#         430
  C:022FH         LINE#         433
  C:0231H         LINE#         435
  C:0233H         LINE#         436
  C:0300H         LINE#         443
  -------         ENDMOD        OTA_IAP

  -------         MODULE        SECURITY
  C:0000H         SYMBOL        _ICE_DUMMY_
  C:BF21H         PUBLIC        RSP_PAIRING_REQUEST
  -------         ENDMOD        SECURITY

  -------         MODULE        SERVICEGEN
  C:0000H         SYMBOL        _ICE_DUMMY_
  C:8ACAH         PUBLIC        ATT_PERMISSION_HDL_GAP_APPEARANCE
  C:8AEAH         PUBLIC        ATT_PERMISSION_HDL_OTA_OTA_DATA_CLIENT_CHARACTERISTIC_CONFIGURATION_INIT
  C:89C3H         PUBLIC        ATT_HDL_OTA_DATA_ERROR_STATUS_CLIENT_CHARACTERISTIC_CONFIGURATION_INIT
  C:87E2H         PUBLIC        ATT_HDL_GAP_CHARACTERISTIC_APPEARANCE
BL51 BANKED LINKER/LOCATER V6.22                                                      09/07/2017  13:21:10  PAGE 20


  C:8ADAH         PUBLIC        ATT_PERMISSION_HDL_DIS_MANUFACTURER_NAME_STRING
  C:8876H         PUBLIC        ATT_HDL_DIS_CHARACTERISTIC_MANUFACTURER_NAME_STRING
  C:87CDH         PUBLIC        ATT_HDL_GAP_DEVICE_NAME_INIT
  X:07A6H         PUBLIC        att_HDL_OTA_OTA_CMD_CONTROL_POINT_CLIENT_CHARACTERISTIC_CONFIGURATION
  C:8ADCH         PUBLIC        ATT_PERMISSION_HDL_DIS_SYSTEM_ID
  X:07A8H         PUBLIC        att_HDL_OTA_OTA_DATA
  C:889EH         PUBLIC        ATT_HDL_DIS_CHARACTERISTIC_SYSTEM_ID
  C:8AD4H         PUBLIC        ATT_PERMISSION_HDL_GATT_CLIENT_CHARACTERISTIC_CONFIGURATION_INIT
  C:8AE0H         PUBLIC        ATT_PERMISSION_HDL_DIS_MODEL_NUMBER_STRING
  X:07BCH         PUBLIC        att_HDL_BAS_CLIENT_CHARACTERISTIC_CONFIGURATION
  C:8840H         PUBLIC        ATT_HDL_GATT_SERVICE_CHANGED_INIT
  C:87BAH         PUBLIC        ATT_HDL_INVALID
  C:88D4H         PUBLIC        ATT_HDL_DIS_CHARACTERISTIC_MODEL_NUMBER_STRING
  C:8AE6H         PUBLIC        ATT_PERMISSION_HDL_DIS_PNP_ID
  C:89FEH         PUBLIC        ATT_HDL_USER_DEFINE_01_PRIMARY_SERVICE
  C:87ECH         PUBLIC        ATT_HDL_GAP_APPEARANCE
  C:8972H         PUBLIC        ATT_HDL_OTA_OTA_DATA_CLIENT_CHARACTERISTIC_CONFIGURATION_INIT
  C:8932H         PUBLIC        ATT_HDL_DIS_CHARACTERISTIC_PNP_ID
  C:8AE2H         PUBLIC        ATT_PERMISSION_HDL_DIS_HARDWARE_REVISION_STRING
  X:07BEH         PUBLIC        att_HDL_BAS_BATTERY_LEVEL
  X:07BFH         PUBLIC        att_HDL_GAP_RECONNECTION_ADDRESS
  C:88F5H         PUBLIC        ATT_HDL_DIS_CHARACTERISTIC_HARDWARE_REVISION_STRING
  C:8880H         PUBLIC        ATT_HDL_DIS_MANUFACTURER_NAME_STRING
  C:8ACEH         PUBLIC        ATT_PERMISSION_HDL_GAP_PERIPHERAL_PRIVACY_FLAG
  C:894FH         PUBLIC        ATT_HDL_OTA_CHARACTERISTIC_OTA_DATA
  C:88A8H         PUBLIC        ATT_HDL_DIS_SYSTEM_ID
  C:8808H         PUBLIC        ATT_HDL_GAP_CHARACTERISTIC_PERIPHERAL_PRIVACY_FLAG
  C:8AF4H         PUBLIC        ATT_PERMISSION_HDL_OTA_DATA_ERROR_STATUS_INIT
  C:8AF2H         PUBLIC        ATT_PERMISSION_HDL_OTA_OTA_CMD_USER_DESCRIPTION
  C:886AH         PUBLIC        ATT_HDL_DIS_SERIAL_NUMBER_STRING_PRESENTATION_FORMAT
  C:8849H         PUBLIC        ATT_HDL_GATT_CLIENT_CHARACTERISTIC_CONFIGURATION_INIT
  C:88DEH         PUBLIC        ATT_HDL_DIS_MODEL_NUMBER_STRING
  X:07C5H         PUBLIC        att_HDL_USER_DEFINE_01_DATAN01
  C:893CH         PUBLIC        ATT_HDL_DIS_PNP_ID
  X:07D9H         PUBLIC        att_HDL_USER_DEFINE_01_DATAN02
  C:8ADEH         PUBLIC        ATT_PERMISSION_HDL_DIS_FIRMWARE_REVISION_STRING
  C:89E7H         PUBLIC        ATT_HDL_BAS_CHARACTERISTIC_BATTERY_LEVEL
  C:88FFH         PUBLIC        ATT_HDL_DIS_HARDWARE_REVISION_STRING
  C:88B5H         PUBLIC        ATT_HDL_DIS_CHARACTERISTIC_FIRMWARE_REVISION_STRING
  C:87F3H         PUBLIC        ATT_HDL_GAP_CHARACTERISTIC_RECONNECTION_ADDRESS
  C:8A28H         PUBLIC        ATT_HDL_USER_DEFINE_01_DATAN01_CLIENT_CHARACTERISTIC_CONFIGURATION_INIT
  C:8A75H         PUBLIC        ATT_HDL_USER_DEFINE_01_DATAN02_CLIENT_CHARACTERISTIC_CONFIGURATION_INIT
  X:07EDH         PUBLIC        att_HDL_USER_DEFINE_01_DATAW01
  X:0801H         PUBLIC        att_HDL_USER_DEFINE_01_DATAW02
  C:8812H         PUBLIC        ATT_HDL_GAP_PERIPHERAL_PRIVACY_FLAG
  C:8AF0H         PUBLIC        ATT_PERMISSION_HDL_OTA_OTA_CMD_CP_CLIENT_CHARACTERISTIC_CONFIGURATION_INIT
  C:8AE8H         PUBLIC        ATT_PERMISSION_HDL_OTA_OTA_DATA_INIT
  C:89A4H         PUBLIC        ATT_HDL_OTA_OTA_CMD_USER_DESCRIPTION
  C:89BAH         PUBLIC        ATT_HDL_OTA_DATA_ERROR_STATUS_INIT
  C:8AE4H         PUBLIC        ATT_PERMISSION_HDL_DIS_SOFTWARE_REVISION_STRING
  C:8A05H         PUBLIC        ATT_HDL_USER_DEFINE_01_CHARACTERISTIC_DATAN01
  C:8AFCH         PUBLIC        ATT_PERMISSION_HDL_BAS_CLIENT_CHARACTERISTIC_CONFIGURATION_INIT
  C:8A52H         PUBLIC        ATT_HDL_USER_DEFINE_01_CHARACTERISTIC_DATAN02
  C:882FH         PUBLIC        ATT_HDL_GATT_PRIMARY_SERVICE
  C:8B0AH         PUBLIC        ATT_PERMISSION_HDL_USER_DEFINE_01_DATAR01
  C:8913H         PUBLIC        ATT_HDL_DIS_CHARACTERISTIC_SOFTWARE_REVISION_STRING
  C:88BFH         PUBLIC        ATT_HDL_DIS_FIRMWARE_REVISION_STRING
BL51 BANKED LINKER/LOCATER V6.22                                                      09/07/2017  13:21:10  PAGE 21


  C:8A9FH         PUBLIC        ATT_HDL_USER_DEFINE_01_CHARACTERISTIC_DATAR01
  X:0815H         PUBLIC        att_HDL_OTA_OTA_CMD_CONTROL_POINT
  C:8AFAH         PUBLIC        ATT_PERMISSION_HDL_BAS_BATTERY_LEVEL_INIT
  C:8ACCH         PUBLIC        ATT_PERMISSION_HDL_GAP_RECONNECTION_ADDRESS_INIT
  C:8A2FH         PUBLIC        ATT_HDL_USER_DEFINE_01_CHARACTERISTIC_DATAW01
  C:8A7CH         PUBLIC        ATT_HDL_USER_DEFINE_01_CHARACTERISTIC_DATAW02
  C:899DH         PUBLIC        ATT_HDL_OTA_OTA_CMD_CONTROL_POINT_CLIENT_CHARACTERISTIC_CONFIGURATION_INIT
  C:8959H         PUBLIC        ATT_HDL_OTA_OTA_DATA_INIT
  C:891DH         PUBLIC        ATT_HDL_DIS_SOFTWARE_REVISION_STRING
  C:8AECH         PUBLIC        ATT_PERMISSION_HDL_OTA_OTA_DATA_DESCRIPTION
  C:89F7H         PUBLIC        ATT_HDL_BAS_CLIENT_CHARACTERISTIC_CONFIGURATION_INIT
  C:8AA9H         PUBLIC        ATT_HDL_USER_DEFINE_01_DATAR01
  C:8AFEH         PUBLIC        ATT_PERMISSION_HDL_USER_DEFINE_01_DATAN01_INIT
  C:8892H         PUBLIC        ATT_HDL_DIS_MANUFACTURER_NAME_STRING_PRESENTATION_FORMAT
  C:877AH         PUBLIC        ADV_DATA_INITIAL
  C:8B04H         PUBLIC        ATT_PERMISSION_HDL_USER_DEFINE_01_DATAN02_INIT
  C:8986H         PUBLIC        ATT_HDL_OTA_CHARACTERISTIC_OTA_CMD_CONTROL_POINT
  C:8AC6H         PUBLIC        ATT_PERMISSION_CHARACTERISTIC
  C:89F1H         PUBLIC        ATT_HDL_BAS_BATTERY_LEVEL_INIT
  C:87FDH         PUBLIC        ATT_HDL_GAP_RECONNECTION_ADDRESS_INIT
  C:8CF1H         PUBLIC        ATTRIBUTE_SERVER_BOND_PARAM
  X:081DH         PUBLIC        att_HDL_OTA_DATA_ERROR_STATUS_CLIENT_CHARACTERISTIC_CONFIGURATION
  C:8B02H         PUBLIC        ATT_PERMISSION_HDL_USER_DEFINE_01_DATAW01_INIT
  C:88E9H         PUBLIC        ATT_HDL_DIS_MODEL_NUMBER_STRING_PRESENTATION_FORMAT
  C:8B08H         PUBLIC        ATT_PERMISSION_HDL_USER_DEFINE_01_DATAW02_INIT
  C:89B0H         PUBLIC        ATT_HDL_OTA_CHARACTERISTIC_OTA_DATA_ERROR_STATUS
  C:8AD0H         PUBLIC        ATT_PERMISSION_HDL_GAP_PERIPHERAL_PREFERRED_CONNECTION_PARAMETERS
  C:8818H         PUBLIC        ATT_HDL_GAP_CHARACTERISTIC_PERIPHERAL_PREFERRED_CONNECTION_PARAMETERS
  C:8AF8H         PUBLIC        ATT_PERMISSION_HDL_OTA_DATA_ERROR_STATUS_USER_DESCRIPTION
  X:081FH         PUBLIC        att_HDL_GAP_DEVICE_NAME
  C:8979H         PUBLIC        ATT_HDL_OTA_OTA_DATA_DESCRIPTION
  C:8907H         PUBLIC        ATT_HDL_DIS_HARDWARE_REVISION_STRING_PRESENTATION_FORMAT
  C:8AC4H         PUBLIC        ATT_PERMISSION_PRIMARY_SERVICE
  C:8A0FH         PUBLIC        ATT_HDL_USER_DEFINE_01_DATAN01_INIT
  C:89E0H         PUBLIC        ATT_HDL_BAS_PRIMARY_SERVICE
  C:8A5CH         PUBLIC        ATT_HDL_USER_DEFINE_01_DATAN02_INIT
  X:082FH         PUBLIC        att_HDL_GATT_SERVICE_CHANGED
  C:87BCH         PUBLIC        ATT_HDL_GAP_PRIMARY_SERVICE
  C:8B00H         PUBLIC        ATT_PERMISSION_HDL_USER_DEFINE_01_DATAN01_CLIENT_CHARACT_CONFIG_INIT
  C:8AEEH         PUBLIC        ATT_PERMISSION_HDL_OTA_OTA_CMD_CONTROL_POINT_INIT
  C:8B06H         PUBLIC        ATT_PERMISSION_HDL_USER_DEFINE_01_DATAN02_CLIENT_CHARACT_CONFIG_INIT
  C:8AD6H         PUBLIC        ATT_PERMISSION_HDL_DIS_SERIAL_NUMBER_STRING
  X:0833H         PUBLIC        att_HDL_OTA_OTA_DATA_CLIENT_CHARACTERISTIC_CONFIGURATION
  C:8A39H         PUBLIC        ATT_HDL_USER_DEFINE_01_DATAW01_INIT
  C:8857H         PUBLIC        ATT_HDL_DIS_CHARACTERISTIC_SERIAL_NUMBER_STRING
  C:8A86H         PUBLIC        ATT_HDL_USER_DEFINE_01_DATAW02_INIT
  C:8850H         PUBLIC        ATT_HDL_DIS_PRIMARY_SERVICE
  C:8822H         PUBLIC        ATT_HDL_GAP_PERIPHERAL_PREFERRED_CONNECTION_PARAMETERS
  C:8C65H         PUBLIC        ATTRIBUTE_SERVER_PERMISSION
  C:88C8H         PUBLIC        ATT_HDL_DIS_FIRMWARE_REVISION_STRING_PRESENTATION_FORMAT
  C:87C3H         PUBLIC        ATT_HDL_GAP_CHARACTERISTIC_DEVICE_NAME
  C:879AH         PUBLIC        SCAN_RESPONSE_DATA_INITIAL
  C:89CAH         PUBLIC        ATT_HDL_OTA_DATA_ERROR_STATUS_USER_DESCRIPTION
  C:8948H         PUBLIC        ATT_HDL_OTA_PRIMARY_SERVICE
  C:8B96H         PUBLIC        ATTRIBUTE_SERVER_param
  X:0835H         PUBLIC        att_HDL_GATT_CLIENT_CHARACTERISTIC_CONFIGURATION
  C:8836H         PUBLIC        ATT_HDL_GATT_CHARACTERISTIC_SERVICE_CHANGED
BL51 BANKED LINKER/LOCATER V6.22                                                      09/07/2017  13:21:10  PAGE 22


  C:8990H         PUBLIC        ATT_HDL_OTA_OTA_CMD_CONTROL_POINT_INIT
  C:8861H         PUBLIC        ATT_HDL_DIS_SERIAL_NUMBER_STRING
  C:8AF6H         PUBLIC        ATT_PERMISSION_HDL_OTA_DATA_ERROR_STATUS_CLIENT_CHARACTERISTIC_CONFIGURATION_INIT
  C:8926H         PUBLIC        ATT_HDL_DIS_SOFTWARE_REVISION_STRING_PRESENTATION_FORMAT
  C:8B0CH         PUBLIC        ATTRIBUTE_SERVER
  X:0837H         PUBLIC        att_HDL_USER_DEFINE_01_DATAN01_CLIENT_CHARACTERISTIC_CONFIGURATION
  X:0839H         PUBLIC        att_HDL_USER_DEFINE_01_DATAN02_CLIENT_CHARACTERISTIC_CONFIGURATION
  C:8AC2H         PUBLIC        ATT_PERMISSION_NULL
  C:8AC8H         PUBLIC        ATT_PERMISSION_HDL_GAP_DEVICE_NAME_INIT
  C:8CEFH         PUBLIC        ATTRIBUTE_SERVER_BOND
  C:8AD8H         PUBLIC        ATT_PERMISSION_CHARACTERISTIC_PRESENTATION_FORMAT
  X:083BH         PUBLIC        att_HDL_OTA_DATA_ERROR_STATUS
  C:8AD2H         PUBLIC        ATT_PERMISSION_HDL_GATT_SERVICE_CHANGED_INIT
  -------         ENDMOD        SERVICEGEN

  -------         MODULE        MCUFUNCTION
  C:0000H         SYMBOL        _ICE_DUMMY_
  D:00E3H         PUBLIC        P3WUN
  D:0080H         PUBLIC        P0
  D:0090H         PUBLIC        P1
  D:00A0H         PUBLIC        P2
  D:00B0H         PUBLIC        P3
  D:00A8H         PUBLIC        IE
  D:00D1H         PUBLIC        P0OE
  D:00D9H         PUBLIC        P1OE
  D:00A1H         PUBLIC        P2OE
  D:00E1H         PUBLIC        P3OE
  D:00B8H         PUBLIC        IP
  D:0087H         PUBLIC        PCON
  D:0098H         PUBLIC        SCON
  D:0088H         PUBLIC        TCON
  D:00BAH         PUBLIC        RSFLAG
  D:00E8H         PUBLIC        EIE
  D:00C8H         PUBLIC        T2CON
  D:00D2H         PUBLIC        P0PUN
  D:00DAH         PUBLIC        P1PUN
  D:00A2H         PUBLIC        P2PUN
  D:00B9H         PUBLIC        PCONE
  D:00E2H         PUBLIC        P3PUN
  D:00D0H         PUBLIC        PSW
  D:00D3H         PUBLIC        P0WUN
  C:B4A3H         PUBLIC        InitMCU
  D:00DBH         PUBLIC        P1WUN
  D:00A3H         PUBLIC        P2WUN
  -------         PROC          INITMCU
  -------         DO            
  I:001DH         SYMBOL        i
  -------         ENDDO         
  C:B4A3H         LINE#         18
  C:B4A3H         LINE#         19
  C:B4A3H         LINE#         22
  C:B4A6H         LINE#         23
  C:B4A9H         LINE#         24
  C:B4ABH         LINE#         25
  C:B4AEH         LINE#         27
  C:B4B1H         LINE#         28
  C:B4B3H         LINE#         29
BL51 BANKED LINKER/LOCATER V6.22                                                      09/07/2017  13:21:10  PAGE 23


  C:B4B5H         LINE#         30
  C:B4B8H         LINE#         32
  C:B4BBH         LINE#         33
  C:B4BDH         LINE#         34
  C:B4BFH         LINE#         35
  C:B4C2H         LINE#         37
  C:B4C5H         LINE#         38
  C:B4C7H         LINE#         39
  C:B4C9H         LINE#         40
  C:B4CCH         LINE#         43
  C:B4DEH         LINE#         44
  C:B4ECH         LINE#         48
  C:B4EFH         LINE#         49
  C:B4F7H         LINE#         50
  C:B4FAH         LINE#         53
  C:B504H         LINE#         54
  -------         ENDPROC       INITMCU
  -------         ENDMOD        MCUFUNCTION

  -------         MODULE        APPLICATION_CHECK
  C:0000H         SYMBOL        _ICE_DUMMY_
  C:BF82H         PUBLIC        _ChkBLE_ATT_Chr_AcssRd_ByUser
  C:BE29H         PUBLIC        _ChkBLE_ATT_Chr_AcssWr_ByUser
  -------         PROC          _CHKBLE_ATT_CHR_ACSSRD_BYUSER
  D:0001H         SYMBOL        AddrAttHandle
  -------         DO            
  D:0007H         SYMBOL        Rsp_Error
  X:0AB7H         SYMBOL        p
  -------         ENDDO         
  C:BF82H         LINE#         19
  C:BF82H         LINE#         20
  C:BF82H         LINE#         24
  C:BF84H         LINE#         27
  C:BF8AH         LINE#         44
  C:BF8AH         LINE#         45
  -------         ENDPROC       _CHKBLE_ATT_CHR_ACSSRD_BYUSER
  -------         PROC          _CHKBLE_ATT_CHR_ACSSWR_BYUSER
  D:0001H         SYMBOL        AddrAttHandle
  X:0A01H         SYMBOL        wrDataBuf
  -------         DO            
  D:0007H         SYMBOL        Rsp_Error
  X:0A04H         SYMBOL        p
  -------         ENDDO         
  C:BE29H         LINE#         53
  C:BE29H         LINE#         54
  C:BE29H         LINE#         58
  C:BE2BH         LINE#         61
  C:BE31H         LINE#         62
  C:BE3DH         LINE#         78
  C:BE3DH         LINE#         79
  -------         ENDPROC       _CHKBLE_ATT_CHR_ACSSWR_BYUSER
[...]
  -------         PROC          PROP_INITIALIZE
  C:BEDFH         LINE#         122
  C:BEDFH         LINE#         123
  C:BEDFH         LINE#         124
  C:BEE4H         LINE#         125
  -------         ENDPROC       PROP_INITIALIZE
  -------         PROC          _PROP_CREATE
  X:0A66H         SYMBOL        tsParam
  X:0A69H         SYMBOL        pvHandle
  -------         DO            
  D:0007H         SYMBOL        j
  -------         ENDDO         
  C:A748H         LINE#         128
  C:A74EH         LINE#         129
  C:A74EH         LINE#         132
  C:A750H         LINE#         133
  C:A759H         LINE#         134
  C:A759H         LINE#         135
  C:A76EH         LINE#         137
  C:A77CH         LINE#         138
  C:A77FH         LINE#         140
  C:A788H         LINE#         141
  C:A78BH         LINE#         142
  C:A79DH         LINE#         144
  C:A7A0H         LINE#         145
  C:A7B9H         LINE#         147
  C:A7BCH         LINE#         148
  C:A7C4H         LINE#         149
  C:A7C7H         LINE#         151
  C:A7C7H         LINE#         152
  C:A7D7H         LINE#         154
  C:A7DDH         LINE#         155
  C:A7DDH         LINE#         156
  C:A7DDH         LINE#         158
  C:A7E6H         LINE#         159
BL51 BANKED LINKER/LOCATER V6.22                                                      09/07/2017  13:21:10  PAGE 214


  C:A7E9H         LINE#         161
  C:A7ECH         LINE#         162
  C:A7EEH         LINE#         163
  C:A7F2H         LINE#         164
  C:A7F2H         LINE#         165
  C:A7F2H         LINE#         166
  C:A7FAH         LINE#         167
  C:A7FDH         LINE#         171
  C:A803H         LINE#         172
  C:A803H         LINE#         173
  C:A808H         LINE#         174
  C:A80CH         LINE#         175
  C:A80CH         LINE#         177
  C:A80CH         LINE#         179
  C:A80CH         LINE#         181
  C:A821H         LINE#         182
  C:A82BH         LINE#         183
  C:A831H         LINE#         184
  C:A848H         LINE#         185
  C:A84BH         LINE#         186
  C:A84BH         LINE#         187
  C:A84BH         LINE#         188
  C:A84DH         LINE#         189
  -------         ENDPROC       _PROP_CREATE
  -------         PROC          _PROP_DELETE
  X:0AC9H         SYMBOL        pvHandle
  C:B7BEH         LINE#         191
  C:B7C4H         LINE#         192
  C:B7C4H         LINE#         193
  C:B7E6H         LINE#         194
  C:B7E6H         LINE#         195
  C:B7F0H         LINE#         196
  C:B808H         LINE#         197
  C:B80BH         LINE#         198
  C:B80BH         LINE#         199
  C:B80DH         LINE#         200
  -------         ENDPROC       _PROP_DELETE
  -------         PROC          _PROP_START
  D:0001H         SYMBOL        pvHandle
  X:0ACCH         SYMBOL        u8Channel
  -------         DO            
  D:0006H         SYMBOL        tmp
  X:0ACDH         SYMBOL        tmp1
  -------         ENDDO         
  C:A3C5H         LINE#         202
  C:A3CAH         LINE#         203
  C:A3CAH         LINE#         206
  C:A3E5H         LINE#         207
  C:A3E5H         LINE#         208
  C:A3EEH         LINE#         210
  C:A3F5H         LINE#         211
  C:A3F9H         LINE#         212
  C:A3FDH         LINE#         213
  C:A3FDH         LINE#         214
  C:A408H         LINE#         215
  C:A40AH         LINE#         217
  C:A40AH         LINE#         218
BL51 BANKED LINKER/LOCATER V6.22                                                      09/07/2017  13:21:10  PAGE 215


  C:A40FH         LINE#         219
  C:A419H         LINE#         221
  C:A420H         LINE#         222
  C:A420H         LINE#         224
  C:A430H         LINE#         225
  C:A430H         LINE#         226
  C:A439H         LINE#         227
  C:A439H         LINE#         228
  C:A443H         LINE#         229
  C:A44CH         LINE#         231
  C:A44FH         LINE#         233
  C:A455H         LINE#         234
  C:A458H         LINE#         236
  C:A45BH         LINE#         237
  C:A464H         LINE#         238
  C:A470H         LINE#         239
  C:A473H         LINE#         240
  C:A47CH         LINE#         241
  C:A486H         LINE#         242
  C:A48EH         LINE#         243
  C:A498H         LINE#         244
  C:A4A2H         LINE#         246
  C:A4AAH         LINE#         247
  C:A4B2H         LINE#         248
  C:A4BAH         LINE#         249
  C:A4C2H         LINE#         251
  C:A4CAH         LINE#         252
  C:A4D2H         LINE#         253
  C:A4DAH         LINE#         254
  C:A4E2H         LINE#         255
  C:A4E8H         LINE#         257
  C:A4EEH         LINE#         258
  C:A4F2H         LINE#         259
  C:A4F5H         LINE#         261
  C:A4F7H         LINE#         262
  C:A4F7H         LINE#         263
  C:A4FAH         LINE#         264
  C:A4FAH         LINE#         265
  C:A4FDH         LINE#         266
  C:A4FDH         LINE#         267
  C:A4FFH         LINE#         268
  -------         ENDPROC       _PROP_START
  -------         PROC          _PROP_STOP
  D:0001H         SYMBOL        pvHandle
  C:AAB1H         LINE#         270
  C:AAB1H         LINE#         271
  C:AAB1H         LINE#         272
  C:AACCH         LINE#         273
  C:AACCH         LINE#         274
  C:AAD2H         LINE#         275
  C:AAD2H         LINE#         276
  C:AAD7H         LINE#         277
  C:AAD7H         LINE#         278
  C:AADAH         LINE#         279
  C:AAE2H         LINE#         280
  C:AAEAH         LINE#         281
  C:AAF2H         LINE#         282
BL51 BANKED LINKER/LOCATER V6.22                                                      09/07/2017  13:21:10  PAGE 216


  C:AAFAH         LINE#         284
  C:AAFDH         LINE#         285
  C:AB04H         LINE#         286
  C:AB0CH         LINE#         287
  C:AB0FH         LINE#         288
  C:AB16H         LINE#         289
  C:AB1EH         LINE#         290
  C:AB27H         LINE#         291
  C:AB2EH         LINE#         292
  C:AB36H         LINE#         294
  C:AB3CH         LINE#         296
  C:AB41H         LINE#         297
  C:AB45H         LINE#         298
  C:AB49H         LINE#         299
  C:AB4BH         LINE#         300
  C:AB4BH         LINE#         301
  C:AB4EH         LINE#         302
  C:AB4EH         LINE#         304
  C:AB4EH         LINE#         305
  C:AB5BH         LINE#         306
  C:AB5BH         LINE#         307
  C:AB63H         LINE#         308
  C:AB69H         LINE#         309
  C:AB69H         LINE#         310
  C:AB69H         LINE#         311
  C:AB6CH         LINE#         312
  C:AB6CH         LINE#         313
  C:AB6EH         LINE#         314
  -------         ENDPROC       _PROP_STOP
  -------         PROC          _PROP_RUNTX
  D:0001H         SYMBOL        pvHandle
  X:09C5H         SYMBOL        pu8TxBuf
  X:09C8H         SYMBOL        u8TxLen
  -------         DO            
  D:0006H         SYMBOL        tmp
  X:09C9H         SYMBOL        tmp1
  X:09CBH         SYMBOL        TxTimes
  -------         ENDDO         
  C:A26AH         LINE#         316
  C:A26AH         LINE#         317
  C:A26AH         LINE#         321
  C:A285H         LINE#         322
  C:A285H         LINE#         323
  C:A296H         LINE#         324
  C:A296H         LINE#         325
  C:A29AH         LINE#         326
  C:A2A1H         LINE#         327
  C:A2A5H         LINE#         328
  C:A2A9H         LINE#         329
  C:A2A9H         LINE#         330
  C:A2B0H         LINE#         331
  C:A2C0H         LINE#         332
  C:A2C6H         LINE#         333
  C:A2D1H         LINE#         335
  C:A2D2H         LINE#         336
  C:A2D4H         LINE#         338
  C:A2D4H         LINE#         339
BL51 BANKED LINKER/LOCATER V6.22                                                      09/07/2017  13:21:10  PAGE 217


  C:A2DBH         LINE#         340
  C:A2E0H         LINE#         341
  C:A2E8H         LINE#         343
  C:A2EFH         LINE#         344
  C:A2EFH         LINE#         346
  C:A300H         LINE#         347
  C:A309H         LINE#         348
  C:A348H         LINE#         350
  C:A356H         LINE#         352
  C:A363H         LINE#         353
  C:A363H         LINE#         354
  C:A373H         LINE#         355
  C:A379H         LINE#         356
  C:A37FH         LINE#         357
  C:A382H         LINE#         358
  C:A385H         LINE#         360
  C:A393H         LINE#         361
  C:A396H         LINE#         363
  C:A39CH         LINE#         364
  C:A3ADH         LINE#         366
  C:A3B3H         LINE#         367
  C:A3B9H         LINE#         369
  C:A3BCH         LINE#         370
  C:A3BCH         LINE#         371
  C:A3BFH         LINE#         372
  C:A3BFH         LINE#         373
  C:A3C2H         LINE#         374
  C:A3C2H         LINE#         375
  C:A3C4H         LINE#         376
  -------         ENDPROC       _PROP_RUNTX
  -------         PROC          _PROP_RUNRX
  D:0001H         SYMBOL        pvHandle
  X:09A9H         SYMBOL        pu8RxBuf
  X:09ACH         SYMBOL        u8RxLen
  -------         DO            
  D:0003H         SYMBOL        flag
  X:09ADH         SYMBOL        tmp
  X:09AFH         SYMBOL        tmp1
  X:09B1H         SYMBOL        RxTimes
  -------         ENDDO         
  C:9A91H         LINE#         378
  C:9A91H         LINE#         379
  C:9A91H         LINE#         384
  C:9AACH         LINE#         385
  C:9AACH         LINE#         386
  C:9ABDH         LINE#         387
  C:9ABDH         LINE#         388
  C:9AC9H         LINE#         389
  C:9AD0H         LINE#         390
  C:9AD4H         LINE#         391
  C:9AD8H         LINE#         392
  C:9AD8H         LINE#         393
  C:9ADEH         LINE#         394
  C:9AEEH         LINE#         395
  C:9AF6H         LINE#         396
  C:9B05H         LINE#         398
  C:9B06H         LINE#         399
BL51 BANKED LINKER/LOCATER V6.22                                                      09/07/2017  13:21:10  PAGE 218


  C:9B08H         LINE#         401
  C:9B08H         LINE#         402
  C:9B0EH         LINE#         403
  C:9B1BH         LINE#         404
  C:9B23H         LINE#         406
  C:9B2AH         LINE#         407
  C:9B2AH         LINE#         409
  C:9B3BH         LINE#         410
  C:9B44H         LINE#         412
  C:9B52H         LINE#         414
  C:9B80H         LINE#         415
  C:9B80H         LINE#         416
  C:9B82H         LINE#         417
  C:9B8DH         LINE#         419
  C:9B93H         LINE#         420
  C:9B99H         LINE#         421
  C:9B9CH         LINE#         422
  C:9B9FH         LINE#         424
  C:9BA8H         LINE#         425
  C:9BABH         LINE#         427
  C:9BB1H         LINE#         429
  C:9BC2H         LINE#         431
  C:9BC8H         LINE#         432
  C:9BC8H         LINE#         433
  C:9BD5H         LINE#         434
  C:9BD5H         LINE#         435
  C:9BD7H         LINE#         436
  C:9BD7H         LINE#         437
  C:9BD7H         LINE#         438
  C:9BD7H         LINE#         439
  C:9BDAH         LINE#         441
  C:9BE1H         LINE#         443
  C:9BE4H         LINE#         444
  C:9BE4H         LINE#         445
  C:9BEBH         LINE#         446
  C:9BEBH         LINE#         447
  C:9BF4H         LINE#         448
  C:9BF6H         LINE#         450
  C:9BF6H         LINE#         451
  C:9C0FH         LINE#         452
  C:9C35H         LINE#         453
  C:9C3CH         LINE#         454
  C:9C3CH         LINE#         455
  C:9C3CH         LINE#         456
  C:9C42H         LINE#         457
  C:9C49H         LINE#         458
  C:9C49H         LINE#         459
  C:9C4CH         LINE#         460
  C:9C4CH         LINE#         461
  C:9C4FH         LINE#         462
  C:9C4FH         LINE#         463
  C:9C51H         LINE#         464
  -------         ENDPROC       _PROP_RUNRX
  -------         PROC          PROP_GETRFMODE
  C:BFDFH         LINE#         467
  C:BFDFH         LINE#         468
  C:BFDFH         LINE#         469
BL51 BANKED LINKER/LOCATER V6.22                                                      09/07/2017  13:21:10  PAGE 219


  C:BFE4H         LINE#         470
  -------         ENDPROC       PROP_GETRFMODE
  -------         PROC          DISABLERXWINS
  C:BFE8H         LINE#         472
  C:BFE8H         LINE#         473
  C:BFE8H         LINE#         474
  -------         ENDPROC       DISABLERXWINS
  -------         PROC          GET_INTERVAL_TIME
  -------         DO            
  D:0006H         SYMBOL        tmp
  -------         ENDDO         
  C:BCF1H         LINE#         477
  C:BCF1H         LINE#         478
  C:BCF1H         LINE#         481
  C:BCF8H         LINE#         482
  C:BCFEH         LINE#         483
  C:BD02H         LINE#         484
  C:BD07H         LINE#         486
  C:BD0FH         LINE#         487
  C:BD0FH         LINE#         488
  -------         ENDPROC       GET_INTERVAL_TIME
  -------         PROC          GET_INTERVAL_TIME_LEFT
  -------         DO            
  X:0AD9H         SYMBOL        tmp
  D:0006H         SYMBOL        tmp1
  -------         ENDDO         
  C:B9E8H         LINE#         490
  C:B9E8H         LINE#         491
  C:B9E8H         LINE#         495
  C:B9EFH         LINE#         496
  C:B9F9H         LINE#         497
  C:B9FDH         LINE#         498
  C:BA02H         LINE#         500
  C:BA11H         LINE#         501
  C:BA15H         LINE#         502
  C:BA22H         LINE#         503
  C:BA22H         LINE#         504
  -------         ENDPROC       GET_INTERVAL_TIME_LEFT
  -------         ENDMOD        PROPRIETARY

  -------         MODULE        ?C?FPADD
  C:0F3EH         PUBLIC        ?C?FPADD
  C:0F3AH         PUBLIC        ?C?FPSUB
  -------         ENDMOD        ?C?FPADD

  -------         MODULE        ?C?FPMUL
  C:102FH         PUBLIC        ?C?FPMUL
  -------         ENDMOD        ?C?FPMUL

  -------         MODULE        ?C?FCAST
  C:113FH         PUBLIC        ?C?FCASTC
  C:113AH         PUBLIC        ?C?FCASTI
  C:1135H         PUBLIC        ?C?FCASTL
  -------         ENDMOD        ?C?FCAST

  -------         MODULE        ?C?CASTF
  C:1173H         PUBLIC        ?C?CASTF
BL51 BANKED LINKER/LOCATER V6.22                                                      09/07/2017  13:21:10  PAGE 220


  -------         ENDMOD        ?C?CASTF

  -------         MODULE        ?C?COPY
  C:12C4H         PUBLIC        ?C?COPY
  -------         ENDMOD        ?C?COPY

  -------         MODULE        ?C?CLDPTR
  C:12EAH         PUBLIC        ?C?CLDPTR
  -------         ENDMOD        ?C?CLDPTR

  -------         MODULE        ?C?CLDOPTR
  C:1303H         PUBLIC        ?C?CLDOPTR
  -------         ENDMOD        ?C?CLDOPTR

  -------         MODULE        ?C?CSTPTR
  C:1330H         PUBLIC        ?C?CSTPTR
  -------         ENDMOD        ?C?CSTPTR

  -------         MODULE        ?C?CSTOPTR
  C:1342H         PUBLIC        ?C?CSTOPTR
  -------         ENDMOD        ?C?CSTOPTR

  -------         MODULE        ?C?IMUL
  C:1364H         PUBLIC        ?C?IMUL
  -------         ENDMOD        ?C?IMUL

  -------         MODULE        ?C?UIDIV
  C:1376H         PUBLIC        ?C?UIDIV
  -------         ENDMOD        ?C?UIDIV

  -------         MODULE        ?C?IILDX
  C:13CBH         PUBLIC        ?C?IILDX
  -------         ENDMOD        ?C?IILDX

  -------         MODULE        ?C?ILDOPTR
  C:13E1H         PUBLIC        ?C?ILDOPTR
  -------         ENDMOD        ?C?ILDOPTR

  -------         MODULE        ?C?LADD
  C:1419H         PUBLIC        ?C?LADD
  -------         ENDMOD        ?C?LADD

  -------         MODULE        ?C?LSUB
  C:1426H         PUBLIC        ?C?LSUB
  -------         ENDMOD        ?C?LSUB

  -------         MODULE        ?C?LMUL
  C:1434H         PUBLIC        ?C?LMUL
  -------         ENDMOD        ?C?LMUL

  -------         MODULE        ?C?ULDIV
  C:14BFH         PUBLIC        ?C?ULDIV
  -------         ENDMOD        ?C?ULDIV

  -------         MODULE        ?C?LOR
  C:1551H         PUBLIC        ?C?LOR
  -------         ENDMOD        ?C?LOR
BL51 BANKED LINKER/LOCATER V6.22                                                      09/07/2017  13:21:10  PAGE 221



  -------         MODULE        ?C?LNEG
  C:155EH         PUBLIC        ?C?LNEG
  -------         ENDMOD        ?C?LNEG

  -------         MODULE        ?C?SLCMP
  C:156CH         PUBLIC        ?C?SLCMP
  -------         ENDMOD        ?C?SLCMP

  -------         MODULE        ?C?ULCMP
  C:1582H         PUBLIC        ?C?ULCMP
  -------         ENDMOD        ?C?ULCMP

  -------         MODULE        ?C?ULSHR
  C:1593H         PUBLIC        ?C?ULSHR
  -------         ENDMOD        ?C?ULSHR

  -------         MODULE        ?C?SLSHR
  C:15A6H         PUBLIC        ?C?SLSHR
  -------         ENDMOD        ?C?SLSHR

  -------         MODULE        ?C?LSHL
  C:15BAH         PUBLIC        ?C?LSHL
  -------         ENDMOD        ?C?LSHL

  -------         MODULE        ?C?LLDXDATA
  C:15CDH         PUBLIC        ?C?LLDXDATA
  -------         ENDMOD        ?C?LLDXDATA

  -------         MODULE        ?C?LLDCODE
  C:15D9H         PUBLIC        ?C?LLDCODE
  -------         ENDMOD        ?C?LLDCODE

  -------         MODULE        ?C?LLDXDATA0
  C:15E9H         PUBLIC        ?C?LLDXDATA0
  -------         ENDMOD        ?C?LLDXDATA0

  -------         MODULE        ?C?LSTXDATA
  C:15F5H         PUBLIC        ?C?LSTXDATA
  -------         ENDMOD        ?C?LSTXDATA

  -------         MODULE        ?C?LSTKXDATA
  C:1601H         PUBLIC        ?C?LSTKXDATA
  -------         ENDMOD        ?C?LSTKXDATA

  -------         MODULE        ?C?OFFXADD
  C:1632H         PUBLIC        ?C?OFFXADD
  -------         ENDMOD        ?C?OFFXADD

  -------         MODULE        ?C?PLDXDATA
  C:163EH         PUBLIC        ?C?PLDXDATA
  -------         ENDMOD        ?C?PLDXDATA

  -------         MODULE        ?C?PSTXDATA
  C:1647H         PUBLIC        ?C?PSTXDATA
  -------         ENDMOD        ?C?PSTXDATA

BL51 BANKED LINKER/LOCATER V6.22                                                      09/07/2017  13:21:10  PAGE 222


  -------         MODULE        ?C?PLDCODE
  C:1650H         PUBLIC        ?C?PLDCODE
  -------         ENDMOD        ?C?PLDCODE

  -------         MODULE        ?C?PLDPTR
  C:165CH         PUBLIC        ?C?PLDPTR
  -------         ENDMOD        ?C?PLDPTR

  -------         MODULE        ?C?PSTPTR
  C:167CH         PUBLIC        ?C?PSTPTR
  -------         ENDMOD        ?C?PSTPTR

  -------         MODULE        ?C?CCASE
  C:16CBH         PUBLIC        ?C?CCASE
  -------         ENDMOD        ?C?CCASE

  -------         MODULE        ?C?LIMUL
  C:16F1H         PUBLIC        ?C?LIMUL
  -------         ENDMOD        ?C?LIMUL

  -------         MODULE        ?C?MEMCMP
  C:18A4H         PUBLIC        ?C?MEMCMP
  -------         ENDMOD        ?C?MEMCMP

  -------         MODULE        ?C?MEMSET
  C:18C8H         PUBLIC        ?C?MEMSET
  -------         ENDMOD        ?C?MEMSET

  -------         MODULE        ?C?PLDIDATA
  C:18F4H         PUBLIC        ?C?PLDIDATA
  -------         ENDMOD        ?C?PLDIDATA

  -------         MODULE        ?C?PSTIDATA
  C:18FDH         PUBLIC        ?C?PSTIDATA
  -------         ENDMOD        ?C?PSTIDATA

  -------         MODULE        ?C?PLDPDATA
  C:1906H         PUBLIC        ?C?PLDPDATA
  -------         ENDMOD        ?C?PLDPDATA

  -------         MODULE        ?C?PSTPDATA
  C:190FH         PUBLIC        ?C?PSTPDATA
  -------         ENDMOD        ?C?PSTPDATA

Program Size: data=47.5 xdata=2859 code=48858
LINK/LOCATE RUN COMPLETE.  0 WARNING(S),  0 ERROR(S)
