BL51 BANKED LINKER/LOCATER V6.22                                                        11/05/2018  10:15:37  PAGE 1


BL51 BANKED LINKER/LOCATER V6.22, INVOKED BY:
D:\KEIL_V5\C51\BIN\BL51.EXE .\startup.obj, .\FlashChk.obj, .\INTERRUPT_OFFSET.obj, .\OTA_IAP.obj, ..\Library\A8107_BLE_L
>> IB.LIB, ..\OTA\OTA.LIB, ..\IAP\IAP.LIB, .\security.obj, .\servicegen.obj, .\mcufunction.obj, .\application_check.obj,
>>  .\interrupt.obj, .\main_demo.obj, .\IEEE.obj, .\OTA_Data.obj, .\LcdFun.obj, .\RcADC_Table.obj, ..\RCADC\A8508_A8126_
>> RCADC_LIB.LIB TO Demo RAMSIZE (256) NOOVERLAY CODE (0X0300-0XFFFF, ?PR?*OTA (0X400), ?C?LIB_CODE, ?PR?*IAP (0X2000), 
>> ?PR?_ERASE_START?IAP (0X3000), ?PR?_WRITEFLASH_START?IAP, ?PR?*INTERRUPT, ?PR?*HOST, ?PR?*MAIN_DEMO) XDATA (0X0000-0X
>> 1FFF)


MEMORY MODEL: LARGE WITH FLOATING POINT ARITHMETIC


INPUT MODULES INCLUDED:
  .\startup.obj (?C_STARTUP)
  .\FlashChk.obj (FLASH_CHECK)
  .\INTERRUPT_OFFSET.obj (INTERRUPT_OFFSET)
  .\OTA_IAP.obj (OTA_IAP)
  .\security.obj (SECURITY)
  .\servicegen.obj (SERVICEGEN)
  .\mcufunction.obj (MCUFUNCTION)
  .\application_check.obj (APPLICATION_CHECK)
  .\interrupt.obj (INTERRUPT)
  .\main_demo.obj (MAIN_DEMO)
  .\IEEE.obj (IEEEE_ADDRESS)
  .\OTA_Data.obj (OTA_DATA)
  .\LcdFun.obj (LCDFUN)
  .\RcADC_Table.obj (RCADC_TABLE)
  ..\RCADC\A8508_A8126_RCADC_LIB.LIB (RCADC)
  ..\Library\A8107_BLE_LIB.LIB (HOST)
  ..\Library\A8107_BLE_LIB.LIB (LINKLAYER)
  ..\Library\A8107_BLE_LIB.LIB (RFA8107)
  ..\OTA\OTA.LIB (OTA)
  ..\IAP\IAP.LIB (IAP)
  D:\KEIL_V5\C51\LIB\C51FPL.LIB (?C?FPADD)
  D:\KEIL_V5\C51\LIB\C51FPL.LIB (?C?FPMUL)
  D:\KEIL_V5\C51\LIB\C51FPL.LIB (?C?FPDIV)
  D:\KEIL_V5\C51\LIB\C51FPL.LIB (?C?FCAST)
  D:\KEIL_V5\C51\LIB\C51FPL.LIB (?C?CASTF)
  D:\KEIL_V5\C51\LIB\C51FPL.LIB (?C?FPGETOPN)
  D:\KEIL_V5\C51\LIB\C51L.LIB (?C_INIT)
  D:\KEIL_V5\C51\LIB\C51L.LIB (?C?COPY)
  D:\KEIL_V5\C51\LIB\C51L.LIB (?C?SCDIV)
  D:\KEIL_V5\C51\LIB\C51L.LIB (?C?CLDPTR)
  D:\KEIL_V5\C51\LIB\C51L.LIB (?C?CLDOPTR)
  D:\KEIL_V5\C51\LIB\C51L.LIB (?C?CSTPTR)
  D:\KEIL_V5\C51\LIB\C51L.LIB (?C?CSTOPTR)
  D:\KEIL_V5\C51\LIB\C51L.LIB (?C?IMUL)
  D:\KEIL_V5\C51\LIB\C51L.LIB (?C?UIDIV)
  D:\KEIL_V5\C51\LIB\C51L.LIB (?C?SIDIV)
  D:\KEIL_V5\C51\LIB\C51L.LIB (?C?IILDX)
  D:\KEIL_V5\C51\LIB\C51L.LIB (?C?ILDOPTR)
  D:\KEIL_V5\C51\LIB\C51L.LIB (?C?LADD)
  D:\KEIL_V5\C51\LIB\C51L.LIB (?C?LSUB)
  D:\KEIL_V5\C51\LIB\C51L.LIB (?C?LMUL)
  D:\KEIL_V5\C51\LIB\C51L.LIB (?C?ULDIV)
  D:\KEIL_V5\C51\LIB\C51L.LIB (?C?LOR)
  D:\KEIL_V5\C51\LIB\C51L.LIB (?C?LNEG)
  D:\KEIL_V5\C51\LIB\C51L.LIB (?C?SLCMP)
BL51 BANKED LINKER/LOCATER V6.22                                                      11/05/2018  10:15:37  PAGE 2


  D:\KEIL_V5\C51\LIB\C51L.LIB (?C?ULCMP)
  D:\KEIL_V5\C51\LIB\C51L.LIB (?C?ULSHR)
  D:\KEIL_V5\C51\LIB\C51L.LIB (?C?SLSHR)
  D:\KEIL_V5\C51\LIB\C51L.LIB (?C?LSHL)
  D:\KEIL_V5\C51\LIB\C51L.LIB (?C?LLDOPTR)
  D:\KEIL_V5\C51\LIB\C51L.LIB (?C?LSTPTR)
  D:\KEIL_V5\C51\LIB\C51L.LIB (?C?LSTOPTR)
  D:\KEIL_V5\C51\LIB\C51L.LIB (?C?LLDXDATA)
  D:\KEIL_V5\C51\LIB\C51L.LIB (?C?LLDCODE)
  D:\KEIL_V5\C51\LIB\C51L.LIB (?C?LLDXDATA0)
  D:\KEIL_V5\C51\LIB\C51L.LIB (?C?LLDPTR0)
  D:\KEIL_V5\C51\LIB\C51L.LIB (?C?LSTXDATA)
  D:\KEIL_V5\C51\LIB\C51L.LIB (?C?LSTKXDATA)
  D:\KEIL_V5\C51\LIB\C51L.LIB (?C?OFFXADD)
  D:\KEIL_V5\C51\LIB\C51L.LIB (?C?PLDXDATA)
  D:\KEIL_V5\C51\LIB\C51L.LIB (?C?PSTXDATA)
  D:\KEIL_V5\C51\LIB\C51L.LIB (?C?PLDCODE)
  D:\KEIL_V5\C51\LIB\C51L.LIB (?C?CCASE)
  D:\KEIL_V5\C51\LIB\C51L.LIB (?C?LIMUL)
  D:\KEIL_V5\C51\LIB\C51L.LIB (ABS)
  D:\KEIL_V5\C51\LIB\C51L.LIB (?C?MEMCMP)
  D:\KEIL_V5\C51\LIB\C51L.LIB (?C?MEMSET)
  D:\KEIL_V5\C51\LIB\C51L.LIB (MALLOC)
  D:\KEIL_V5\C51\LIB\C51L.LIB (FREE)
  D:\KEIL_V5\C51\LIB\C51L.LIB (?C?LLDIDATA)
  D:\KEIL_V5\C51\LIB\C51L.LIB (?C?LLDPDATA)
  D:\KEIL_V5\C51\LIB\C51L.LIB (?C?LLDIDATA0)
  D:\KEIL_V5\C51\LIB\C51L.LIB (?C?LLDPDATA0)
  D:\KEIL_V5\C51\LIB\C51L.LIB (?C?LLDCODE0)
  D:\KEIL_V5\C51\LIB\C51L.LIB (?C?LSTIDATA)
  D:\KEIL_V5\C51\LIB\C51L.LIB (?C?LSTPDATA)
  D:\KEIL_V5\C51\LIB\C51L.LIB (INIT_MEM)


LINK MAP OF MODULE:  Demo (?C_STARTUP)


            TYPE    BASE      LENGTH    RELOCATION   SEGMENT NAME
            -----------------------------------------------------

            * * * * * * *   D A T A   M E M O R Y   * * * * * * *
            REG     0000H     0008H     ABSOLUTE     "REG BANK 0"
            DATA    0008H     0003H     UNIT         ?DT?_WRITEFLASH_START?IAP
            DATA    000BH     0002H     UNIT         ?DT?_IAP_READDATA?IAP
            DATA    000DH     0001H     UNIT         ?DT?PRCSS_OPCODE_ATT_WRITE_REQUEST?HOST
            DATA    000EH     0001H     UNIT         ?DT?PRCSS_OPCODE_ATT_EXECUTE_WRITE_REQUEST?HOST
            DATA    000FH     0001H     UNIT         ?DT?PRCSS_OPCODE_ATT_WRITE_COMMAND?HOST
            DATA    0010H     0001H     UNIT         ?DT?PRCSS_BLE_CODE_SMP_IDENTITY_ADDRESS_INFORMATION?HOST
            DATA    0011H     0001H     UNIT         ?DT?_CMD_FLASHBOND?HOST
            DATA    0012H     0001H     UNIT         ?DT?_ERSDATA_FLASHBOND?HOST
            DATA    0013H     0001H     UNIT         ?DT?_ERSINFO_FLASHBOND?HOST
            DATA    0014H     0001H     UNIT         ?DT?_MARK_PID_INFO_FLASHBOND?HOST
            DATA    0015H     0001H     UNIT         ?DT?_MARK_PID_DATA_FLASHBOND?HOST
            DATA    0016H     0001H     UNIT         ?DT?FIL_INFO_FLASHBONDWEXST_PBID?HOST
            DATA    0017H     0001H     UNIT         ?DT?OTA_KEEPBONDING?OTA
            DATA    0018H     0001H     UNIT         ?DT?ERASECKCODE?OTA
            DATA    0019H     0001H     UNIT         ?DT?ERASEAREA?OTA
BL51 BANKED LINKER/LOCATER V6.22                                                      11/05/2018  10:15:37  PAGE 3


            DATA    001AH     0001H     UNIT         ?DT?_ENTRYDATA?OTA
            DATA    001BH     0001H     UNIT         ?DT?_ERASE_START?IAP
            DATA    001CH     0001H     UNIT         ?DT?_IAP_ERASE?IAP
            DATA    001DH     0001H     UNIT         ?DT?_IAP_WRITEDATA?IAP
            IDATA   001EH     0002H     UNIT         ?ID?INITMCU?MCUFUNCTION
            DATA    0020H     0001H     ABSOLUTE     
            BIT     0021H.0   0007H.2   UNIT         ?BI?LINKLAYER
            BIT     0028H.2   0000H.1   UNIT         ?BI?PRCSS_OPCODE_ATT_FIND_INFORMATION_REQUEST?HOST
            BIT     0028H.3   0000H.1   UNIT         ?BI?PRCSS_OPCODE_ATT_FIND_INFORMATION_RESPONSE?HOST
            BIT     0028H.4   0000H.1   UNIT         ?BI?PRCSS_OPCODE_ATT_READ_BY_TYPE_RESPONSE?HOST
            BIT     0028H.5   0000H.1   UNIT         ?BI?PRCSS_OPCODE_ATT_READ_BLOB_REQUEST?HOST
            BIT     0028H.6   0000H.1   UNIT         ?BI?PRCSS_OPCODE_ATT_HANDLE_VALUE_NOTIFICATION?HOST
            BIT     0028H.7   0000H.1   UNIT         ?BI?_BLE_SENDDATA?HOST
            BIT     0029H.0   0000H.1   UNIT         ?BI?ADVGO?LINKLAYER
            BIT     0029H.1   0000H.1   UNIT         ?BI?CONNECTESTABLISH?LINKLAYER
            BIT     0029H.2   0000H.1   UNIT         ?BI?MD_PROCEDURE?LINKLAYER
            BIT     0029H.3   0000H.1   UNIT         ?BI?A8107_RCSELECT?RFA8107
            BIT     0029H.4   0000H.1   UNIT         ?BI?OTA_PROCESS?OTA
                    0029H.5   0000H.3                *** GAP ***
            IDATA   002AH     0004H     UNIT         ?ID?_WRITEFLASH_START?IAP
            IDATA   002EH     0002H     UNIT         ?ID?_ERASE_START?IAP
            IDATA   0030H     0001H     UNIT         ?STACK

            * * * * * * *  X D A T A   M E M O R Y  * * * * * * *
            XDATA   0000H     006FH     ABSOLUTE     
            XDATA   006FH     0020H     ABSOLUTE     
            XDATA   008FH     0020H     ABSOLUTE     
            XDATA   00AFH     001EH     ABSOLUTE     
            XDATA   00CDH     0040H     ABSOLUTE     
            XDATA   010DH     0040H     ABSOLUTE     
            XDATA   014DH     0006H     ABSOLUTE     
            XDATA   0153H     0002H     ABSOLUTE     
            XDATA   0155H     0014H     ABSOLUTE     
            XDATA   0169H     0140H     ABSOLUTE     
            XDATA   02A9H     0020H     ABSOLUTE     
            XDATA   02C9H     0002H     ABSOLUTE     
            XDATA   02CBH     0002H     ABSOLUTE     
            XDATA   02CDH     0020H     ABSOLUTE     
            XDATA   02EDH     0008H     ABSOLUTE     
            XDATA   02F5H     0002H     ABSOLUTE     
            XDATA   02F7H     0008H     ABSOLUTE     
            XDATA   02FFH     0004H     ABSOLUTE     
            XDATA   0303H     0040H     ABSOLUTE     
            XDATA   0343H     0100H     ABSOLUTE     
            XDATA   0443H     0010H     ABSOLUTE     
            XDATA   0453H     0010H     ABSOLUTE     
            XDATA   0463H     0010H     ABSOLUTE     
            XDATA   0473H     0010H     ABSOLUTE     
            XDATA   0483H     0010H     ABSOLUTE     
            XDATA   0493H     0008H     ABSOLUTE     
            XDATA   049BH     0010H     ABSOLUTE     
            XDATA   04ABH     0010H     ABSOLUTE     
            XDATA   04BBH     0010H     ABSOLUTE     
            XDATA   04CBH     0010H     ABSOLUTE     
            XDATA   04DBH     0010H     ABSOLUTE     
            XDATA   04EBH     0020H     ABSOLUTE     
            XDATA   050BH     0020H     ABSOLUTE     
BL51 BANKED LINKER/LOCATER V6.22                                                      11/05/2018  10:15:37  PAGE 4


            XDATA   052BH     0008H     ABSOLUTE     
            XDATA   0533H     0010H     ABSOLUTE     
            XDATA   0543H     000AH     ABSOLUTE     
            XDATA   054DH     0001H     ABSOLUTE     
            XDATA   054EH     0001H     ABSOLUTE     
            XDATA   054FH     0001H     ABSOLUTE     
            XDATA   0550H     0001H     ABSOLUTE     
            XDATA   0551H     0001H     ABSOLUTE     
            XDATA   0552H     0001H     ABSOLUTE     
            XDATA   0553H     0001H     ABSOLUTE     
            XDATA   0554H     0001H     ABSOLUTE     
            XDATA   0555H     0001H     ABSOLUTE     
            XDATA   0556H     0001H     ABSOLUTE     
            XDATA   0557H     0001H     ABSOLUTE     
            XDATA   0558H     0001H     ABSOLUTE     
            XDATA   0559H     0001H     ABSOLUTE     
            XDATA   055AH     0001H     ABSOLUTE     
            XDATA   055BH     0001H     ABSOLUTE     
            XDATA   055CH     0001H     ABSOLUTE     
            XDATA   055DH     0001H     ABSOLUTE     
            XDATA   055EH     0001H     ABSOLUTE     
            XDATA   055FH     0001H     ABSOLUTE     
            XDATA   0560H     0001H     ABSOLUTE     
            XDATA   0561H     0001H     ABSOLUTE     
            XDATA   0562H     0001H     ABSOLUTE     
            XDATA   0563H     0001H     ABSOLUTE     
            XDATA   0564H     0001H     ABSOLUTE     
            XDATA   0565H     0001H     ABSOLUTE     
            XDATA   0566H     0001H     ABSOLUTE     
            XDATA   0567H     0001H     ABSOLUTE     
            XDATA   0568H     0001H     ABSOLUTE     
            XDATA   0569H     0001H     ABSOLUTE     
            XDATA   056AH     0001H     ABSOLUTE     
            XDATA   056BH     0001H     ABSOLUTE     
            XDATA   056CH     0001H     ABSOLUTE     
            XDATA   056DH     0001H     ABSOLUTE     
            XDATA   056EH     0001H     ABSOLUTE     
            XDATA   056FH     0001H     ABSOLUTE     
            XDATA   0570H     0001H     ABSOLUTE     
            XDATA   0571H     0001H     ABSOLUTE     
            XDATA   0572H     0001H     ABSOLUTE     
            XDATA   0573H     0001H     ABSOLUTE     
            XDATA   0574H     0001H     ABSOLUTE     
            XDATA   0575H     0001H     ABSOLUTE     
            XDATA   0576H     0001H     ABSOLUTE     
            XDATA   0577H     0001H     ABSOLUTE     
            XDATA   0578H     0001H     ABSOLUTE     
            XDATA   0579H     0001H     ABSOLUTE     
            XDATA   057AH     0001H     ABSOLUTE     
            XDATA   057BH     0001H     ABSOLUTE     
            XDATA   057CH     0001H     ABSOLUTE     
            XDATA   057DH     0001H     ABSOLUTE     
            XDATA   057EH     0001H     ABSOLUTE     
            XDATA   057FH     0001H     ABSOLUTE     
            XDATA   0580H     0001H     ABSOLUTE     
            XDATA   0581H     0001H     ABSOLUTE     
            XDATA   0582H     0001H     ABSOLUTE     
BL51 BANKED LINKER/LOCATER V6.22                                                      11/05/2018  10:15:37  PAGE 5


            XDATA   0583H     0001H     ABSOLUTE     
            XDATA   0584H     0001H     ABSOLUTE     
            XDATA   0585H     0001H     ABSOLUTE     
            XDATA   0586H     0001H     ABSOLUTE     
            XDATA   0587H     0002H     ABSOLUTE     
            XDATA   0589H     0002H     ABSOLUTE     
            XDATA   058BH     0002H     ABSOLUTE     
            XDATA   058DH     0002H     ABSOLUTE     
            XDATA   058FH     0002H     ABSOLUTE     
            XDATA   0591H     0002H     ABSOLUTE     
            XDATA   0593H     0002H     ABSOLUTE     
            XDATA   0595H     0002H     ABSOLUTE     
            XDATA   0597H     0002H     ABSOLUTE     
            XDATA   0599H     0002H     ABSOLUTE     
            XDATA   059BH     0002H     ABSOLUTE     
            XDATA   059DH     0002H     ABSOLUTE     
            XDATA   059FH     0002H     ABSOLUTE     
            XDATA   05A1H     0004H     ABSOLUTE     
            XDATA   05A5H     0004H     ABSOLUTE     
            XDATA   05A9H     0004H     ABSOLUTE     
            XDATA   05ADH     0004H     ABSOLUTE     
            XDATA   05B1H     0006H     ABSOLUTE     
            XDATA   05B7H     0004H     ABSOLUTE     
            XDATA   05BBH     0003H     ABSOLUTE     
            XDATA   05BEH     0001H     ABSOLUTE     
            XDATA   05BFH     0002H     ABSOLUTE     
            XDATA   05C1H     0002H     ABSOLUTE     
            XDATA   05C3H     0002H     ABSOLUTE     
            XDATA   05C5H     0002H     ABSOLUTE     
            XDATA   05C7H     0005H     ABSOLUTE     
            XDATA   05CCH     0001H     ABSOLUTE     
            XDATA   05CDH     0001H     ABSOLUTE     
            XDATA   05CEH     0001H     ABSOLUTE     
            XDATA   05CFH     0001H     ABSOLUTE     
            XDATA   05D0H     0002H     ABSOLUTE     
            XDATA   05D2H     0002H     ABSOLUTE     
            XDATA   05D4H     0002H     ABSOLUTE     
            XDATA   05D6H     0002H     ABSOLUTE     
            XDATA   05D8H     0002H     ABSOLUTE     
            XDATA   05DAH     0005H     ABSOLUTE     
            XDATA   05DFH     0002H     ABSOLUTE     
            XDATA   05E1H     0002H     ABSOLUTE     
            XDATA   05E3H     0001H     ABSOLUTE     
            XDATA   05E4H     0002H     ABSOLUTE     
            XDATA   05E6H     0005H     ABSOLUTE     
            XDATA   05EBH     0001H     ABSOLUTE     
            XDATA   05ECH     0001H     ABSOLUTE     
            XDATA   05EDH     0001H     ABSOLUTE     
            XDATA   05EEH     0001H     ABSOLUTE     
            XDATA   05EFH     0001H     ABSOLUTE     
            XDATA   05F0H     0006H     ABSOLUTE     
            XDATA   05F6H     0006H     ABSOLUTE     
            XDATA   05FCH     0001H     ABSOLUTE     
            XDATA   05FDH     0103H     UNIT         ?XD?ERASEAREA?OTA
            XDATA   0700H     00D5H     UNIT         ?XD?SERVICEGEN
            XDATA   07D5H     00A6H     UNIT         ?XD?HOST
            XDATA   087BH     0053H     UNIT         ?XD?LINKLAYER
BL51 BANKED LINKER/LOCATER V6.22                                                      11/05/2018  10:15:37  PAGE 6


            XDATA   08CEH     0026H     UNIT         ?XD?_SMPC1?LINKLAYER
            XDATA   08F4H     0025H     UNIT         ?XD?PRCSS_LL_ENC_REQ?LINKLAYER
            XDATA   0919H     001CH     UNIT         ?XD?_DATAPROCESS?RCADC
            XDATA   0935H     0019H     UNIT         ?XD?PRCSS_OPCODE_ATT_READ_BY_GROUP_TYPE_REQUEST?HOST
            XDATA   094EH     0018H     UNIT         ?XD?MAIN?MAIN_DEMO
            XDATA   0966H     0018H     UNIT         ?XD?PRCSS_OPCODE_ATT_READ_BY_TYPE_REQUEST?HOST
            XDATA   097EH     0016H     UNIT         ?XD?_SMPS1?LINKLAYER
            XDATA   0994H     0014H     UNIT         ?XD?PRCSS_BLE_CODE_SMP_IDENTITY_ADDRESS_INFORMATION?HOST
            XDATA   09A8H     0012H     UNIT         ?XD?ADVGO?LINKLAYER
            XDATA   09BAH     0011H     UNIT         ?XD?PRCSS_BLE_CODE_SMP_PAIRING_RANDOM?HOST
            XDATA   09CBH     0011H     UNIT         ?XD?TXDATA_PROCESS?LINKLAYER
            XDATA   09DCH     0010H     UNIT         ?XD?_CALCULATETEMP?RCADC
            XDATA   09ECH     0010H     UNIT         ?XD?PRCSS_BLE_CODE_SMP_PAIRING_CONFIRM?HOST
            XDATA   09FCH     0010H     UNIT         ?XD?SETBLE_TIMEINTERVAL_CONNECT?LINKLAYER
            XDATA   0A0CH     000FH     UNIT         ?XD?OTA_PROCESS?OTA
            XDATA   0A1BH     000DH     UNIT         ?XD?MAIN_DEMO
            XDATA   0A28H     000DH     UNIT         ?XD?_SETBLE_CONNTXDATA_ATT_ERROR_RESPONSE?LINKLAYER
            XDATA   0A35H     000CH     UNIT         ?XD?_ENTRYCMD?OTA
            XDATA   0A41H     000CH     UNIT         ?XD?_ENTRYDATA?OTA
            XDATA   0A4DH     000BH     UNIT         ?XD?_BLE_SENDDATA?HOST
            XDATA   0A58H     0009H     UNIT         ?XD?_CHKBLE_ATT_CHR_ACSSWR_BYUSER?APPLICATION_CHECK
            XDATA   0A61H     0009H     UNIT         ?XD?PRCSS_LL_FEATURE_REQ?LINKLAYER
            XDATA   0A6AH     0008H     UNIT         ?XD?_CMD_FLASHBOND?HOST
            XDATA   0A72H     0008H     UNIT         ?XD?_BLE_SETCONNECTPARAMETERUPDATEREQUEST?LINKLAYER
            XDATA   0A7AH     0008H     UNIT         ?XD?INIT_MEM
            XDATA   0A82H     0007H     UNIT         ?XD?PRCSS_OPCODE_ATT_EXECUTE_WRITE_REQUEST?HOST
            XDATA   0A89H     0007H     UNIT         ?XD?INITBLE_ATTSERVPARAMTER?LINKLAYER
            XDATA   0A90H     0007H     UNIT         ?XD?_WRITEFLASH_START?IAP
            XDATA   0A97H     0007H     UNIT         ?XD?_IAP_READDATA?IAP
            XDATA   0A9EH     0007H     UNIT         ?XD?_IAP_WRITEDATA?IAP
            XDATA   0AA5H     0006H     UNIT         ?XD?PRCSS_OPCODE_ATT_READ_BLOB_REQUEST?HOST
            XDATA   0AABH     0006H     UNIT         ?XD?PRCSS_OPCODE_ATT_WRITE_REQUEST?HOST
            XDATA   0AB1H     0006H     UNIT         ?XD?PRCSS_OPCODE_ATT_WRITE_COMMAND?HOST
            XDATA   0AB7H     0006H     UNIT         ?XD?SETBLE_TIMEINTERVAL_WINOFFSET?LINKLAYER
            XDATA   0ABDH     0006H     UNIT         ?XD?_SETBLE_CONNTXDATA?LINKLAYER
            XDATA   0AC3H     0006H     UNIT         ?XD?_SETBLE_CONNTXCTRL?LINKLAYER
            XDATA   0AC9H     0006H     UNIT         ?XD?PRCSS_LL_VERSION_IND?LINKLAYER
            XDATA   0ACFH     0006H     UNIT         ?XD?_MALLOC?MALLOC
            XDATA   0AD5H     0006H     UNIT         ?XD?_FREE?FREE
            XDATA   0ADBH     0005H     UNIT         ?XD?_A8507_24BRCADC?RCADC
            XDATA   0AE0H     0005H     UNIT         ?XD?PRCSS_OPCODE_ATT_FIND_INFORMATION_REQUEST?HOST
            XDATA   0AE5H     0005H     UNIT         ?XD?PRCSS_OPCODE_ATT_FIND_BY_TYPE_VALUE_REQUEST?HOST
            XDATA   0AEAH     0005H     UNIT         ?XD?_MARK_PID_INFO_FLASHBOND?HOST
            XDATA   0AEFH     0005H     UNIT         ?XD?_MARK_PID_DATA_FLASHBOND?HOST
            XDATA   0AF4H     0005H     UNIT         ?XD?FIL_DATA_FLASHBONDWEXST_PBID?HOST
            XDATA   0AF9H     0005H     UNIT         ?XD?INITBLE?LINKLAYER
            XDATA   0AFEH     0005H     UNIT         ?XD?_BLE_ADV_CMD?LINKLAYER
            XDATA   0B03H     0004H     UNIT         ?XD?GET_TEMPERATURE?RCADC
            XDATA   0B07H     0004H     UNIT         ?XD?RCADC
            XDATA   0B0BH     0004H     UNIT         ?XD?_KNL_MEMCPY?HOST
            XDATA   0B0FH     0004H     UNIT         ?XD?_KNL_MEMCPYINV?HOST
            XDATA   0B13H     0004H     UNIT         ?XD?_KNL_CODECPY?HOST
            XDATA   0B17H     0004H     UNIT         ?XD?_KNL_CODECPYINV?HOST
            XDATA   0B1BH     0004H     UNIT         ?XD?_KNL_MEMCOMP?HOST
            XDATA   0B1FH     0004H     UNIT         ?XD?PRCSS_OPCODE_ATT_READ_REQUEST?HOST
            XDATA   0B23H     0004H     UNIT         ?XD?_ERSDATA_FLASHBOND?HOST
            XDATA   0B27H     0004H     UNIT         ?XD?_ERSINFO_FLASHBOND?HOST
BL51 BANKED LINKER/LOCATER V6.22                                                      11/05/2018  10:15:37  PAGE 7


            XDATA   0B2BH     0004H     UNIT         ?XD?_BLE_PASSKEY_SET?HOST
            XDATA   0B2FH     0004H     UNIT         ?XD?RXDATA_PROCESS?LINKLAYER
            XDATA   0B33H     0004H     UNIT         ?XD?PRCSS_LL_CONNECTION_UPDATE_REQ?LINKLAYER
            XDATA   0B37H     0004H     UNIT         ?XD?PRCSS_LL_START_ENC_RSP?LINKLAYER
            XDATA   0B3BH     0004H     UNIT         ?XD?SETRXWINDOWTIMING?RFA8107
            XDATA   0B3FH     0003H     UNIT         ?XD?_CHKBLE_ATT_CHR_ACSSRD_BYUSER?APPLICATION_CHECK
            XDATA   0B42H     0003H     UNIT         ?XD?PRCSS_OPCODE_ATT_PREPARE_WRITE_REQUEST?HOST
            XDATA   0B45H     0003H     UNIT         ?XD?_SETADV_TO?LINKLAYER
            XDATA   0B48H     0003H     UNIT         ?XD?PRCSS_LL_START_ENC_REQ?LINKLAYER
            XDATA   0B4BH     0002H     UNIT         ?XD?PRCSS_OPCODE_ATT_READ_BY_TYPE_RESPONSE?HOST
            XDATA   0B4DH     0002H     UNIT         ?XD?PRCSS_OPCODE_ATT_HANDLE_VALUE_NOTIFICATION?HOST
            XDATA   0B4FH     0002H     UNIT         ?XD?_SETADV_RUN_CTRL?LINKLAYER
            XDATA   0B51H     0002H     UNIT         ?XD?CHECKBLETIMER?LINKLAYER
            XDATA   0B53H     0002H     UNIT         ?XD?A8107_CONFIG?RFA8107
            XDATA   0B55H     0002H     UNIT         ?XD?A8107_CAL?RFA8107
            XDATA   0B57H     0001H     UNIT         ?XD?FIL_INFO_FLASHBONDWEXST_PBID?HOST
            XDATA   0B58H     0001H     UNIT         ?XD?_BLE_INITIMMEDIATEALERTLEVEL?LINKLAYER
            XDATA   0B59H     0001H     UNIT         ?XD?_BLE_INITLINKLOSSALERTLEVEL?LINKLAYER
            XDATA   0B5AH     0001H     UNIT         ?XD?MD_PROCEDURE?LINKLAYER
            XDATA   0B5BH     0001H     UNIT         ?XD?PRCSS_LL_PAUSE_ENC_REQ?LINKLAYER
            XDATA   0B5CH     0001H     UNIT         ?XD?SMPAES?LINKLAYER
            XDATA   0B5DH     0001H     UNIT         ?XD?CONSUMER_BONDINGRESULT_CLEAR?LINKLAYER
            XDATA   0B5EH     0001H     UNIT         ?XD?INITRF?RFA8107
            XDATA   0B5FH     0001H     UNIT         ?XD?_CHGROUPCAL?RFA8107
            XDATA   0B60H     0001H     UNIT         ?XD?_BLE_SETTXPOWER?RFA8107
            XDATA   0B61H     0001H     UNIT         ?XD?BATTERYDETECT?RFA8107
            XDATA   0B62H     0001H     UNIT         ?XD?OTA_KEEPBONDING?OTA
            XDATA   0B63H     0001H     UNIT         ?XD?OTA_UPDATASPEED?OTA
                    0B64H     039CH                  *** GAP ***
            XDATA   0F00H     0001H     ABSOLUTE     
            XDATA   0F01H     0001H     ABSOLUTE     
            XDATA   0F02H     0001H     ABSOLUTE     
            XDATA   0F03H     0002H     ABSOLUTE     
            XDATA   0F05H     0002H     ABSOLUTE     
            XDATA   0F07H     0014H     ABSOLUTE     
            XDATA   0F1BH     0010H     ABSOLUTE     
            XDATA   0F2BH     0001H     ABSOLUTE     
            XDATA   0F2CH     0001H     ABSOLUTE     
            XDATA   0F2DH     0014H     ABSOLUTE     
            XDATA   0F41H     0001H     ABSOLUTE     
            XDATA   0F42H     0001H     ABSOLUTE     

            * * * * * * *   C O D E   M E M O R Y   * * * * * * *
            CODE    0000H     0004H     ABSOLUTE     
                    0004H     0007H                  *** GAP ***
            CODE    000BH     0003H     ABSOLUTE     
                    000EH     0005H                  *** GAP ***
            CODE    0013H     0003H     ABSOLUTE     
                    0016H     0005H                  *** GAP ***
            CODE    001BH     0003H     ABSOLUTE     
                    001EH     0005H                  *** GAP ***
            CODE    0023H     0003H     ABSOLUTE     
                    0026H     0005H                  *** GAP ***
            CODE    002BH     0003H     ABSOLUTE     
                    002EH     0005H                  *** GAP ***
            CODE    0033H     0003H     ABSOLUTE     
                    0036H     0005H                  *** GAP ***
BL51 BANKED LINKER/LOCATER V6.22                                                      11/05/2018  10:15:37  PAGE 8


            CODE    003BH     0003H     ABSOLUTE     
                    003EH     0005H                  *** GAP ***
            CODE    0043H     0003H     ABSOLUTE     
                    0046H     0005H                  *** GAP ***
            CODE    004BH     0003H     ABSOLUTE     
                    004EH     0005H                  *** GAP ***
            CODE    0053H     0003H     ABSOLUTE     
                    0056H     0005H                  *** GAP ***
            CODE    005BH     0003H     ABSOLUTE     
                    005EH     0005H                  *** GAP ***
            CODE    0063H     0003H     ABSOLUTE     
                    0066H     0005H                  *** GAP ***
            CODE    006BH     0003H     ABSOLUTE     
                    006EH     0005H                  *** GAP ***
            CODE    0073H     0003H     ABSOLUTE     
                    0076H     0005H                  *** GAP ***
            CODE    007BH     01B9H     ABSOLUTE     
                    0234H     00C4H                  *** GAP ***
            CODE    02F8H     0008H     ABSOLUTE     
            CODE    0300H     0003H     ABSOLUTE     
            CODE    0303H     0008H     UNIT         ?PR?_SETBLE_ADVLENGTH?LINKLAYER
            CODE    030BH     0003H     ABSOLUTE     
            CODE    030EH     0005H     UNIT         ?PR?ENABLETIMER0?RFA8107
            CODE    0313H     0003H     ABSOLUTE     
            CODE    0316H     0003H     UNIT         ?PR?PRCSS_LL_TERMINATE_IND?LINKLAYER
            CODE    0319H     0001H     UNIT         ?PR?PRCSS_LL_ENC_RSP?LINKLAYER
            CODE    031AH     0001H     UNIT         ?PR?PRCSS_LL_UNKNOWN_RSP?LINKLAYER
            CODE    031BH     0003H     ABSOLUTE     
            CODE    031EH     0003H     UNIT         ?PR?SETBLE_CONNDIS?LINKLAYER
            CODE    0321H     0001H     UNIT         ?PR?PRCSS_LL_FEATURE_RSP?LINKLAYER
            CODE    0322H     0001H     UNIT         ?PR?PRCSS_LL_REJECT_IND?LINKLAYER
            CODE    0323H     0003H     ABSOLUTE     
            CODE    0326H     0003H     UNIT         ?PR?BLE_AUTOPWRDOWN_DISABLE?LINKLAYER
            CODE    0329H     0001H     UNIT         ?PR?PRCSS_LL_SLAVE_FEATURE_REQ?LINKLAYER
            CODE    032AH     0001H     UNIT         ?PR?PRCSS_LL_CONNECT_PARAM_REQ?LINKLAYER
            CODE    032BH     0003H     ABSOLUTE     
            CODE    032EH     000DH     UNIT         ?PR?BLE_SETTERMINATE?LINKLAYER
            CODE    033BH     0003H     ABSOLUTE     
            CODE    033EH     0003H     UNIT         ?PR?BLE_WHITELIST_ENABLE?LINKLAYER
            CODE    0341H     0001H     UNIT         ?PR?PRCSS_LL_CONNECT_PARAM_RSP?LINKLAYER
            CODE    0342H     0001H     UNIT         ?PR?PRCSS_LL_REJECT_IND_EXT?LINKLAYER
            CODE    0343H     0003H     ABSOLUTE     
            CODE    0346H     0003H     UNIT         ?PR?BLE_WHITELIST_DISABLE?LINKLAYER
            CODE    0349H     0001H     UNIT         ?PR?PRCSS_LL_PING_REQ?LINKLAYER
            CODE    034AH     0001H     UNIT         ?PR?PRCSS_LL_PING_RSP?LINKLAYER
            CODE    034BH     0003H     ABSOLUTE     
            CODE    034EH     0003H     UNIT         ?PR?CONSUMER_ENCRYPTION_STRUCT?LINKLAYER
            CODE    0351H     0001H     UNIT         ?PR?PRCSS_LL_LENGTH_REQ?LINKLAYER
            CODE    0352H     0001H     UNIT         ?PR?PRCSS_LL_LENGTH_RSP?LINKLAYER
            CODE    0353H     0003H     ABSOLUTE     
            CODE    0356H     0003H     UNIT         ?PR?INTERRUPTDISABLE?RFA8107
                    0359H     0002H                  *** GAP ***
            CODE    035BH     0003H     ABSOLUTE     
            CODE    035EH     00A2H     UNIT         ?PR?_SETBLE_CONNTXDATA?LINKLAYER
            CODE    0400H     00B5H     UNIT         ?PR?OTA_KEEPBONDING?OTA
            CODE    04B5H     0016H     UNIT         ?PR?RESET4OTA?OTA
            CODE    04CBH     0026H     UNIT         ?PR?ERASECKCODE?OTA
BL51 BANKED LINKER/LOCATER V6.22                                                      11/05/2018  10:15:37  PAGE 9


            CODE    04F1H     00D2H     UNIT         ?PR?ERASEAREA?OTA
            CODE    05C3H     019BH     UNIT         ?PR?_ENTRYCMD?OTA
            CODE    075EH     0229H     UNIT         ?PR?_ENTRYDATA?OTA
            CODE    0987H     0020H     UNIT         ?PR?OTA_INITIALIZE?OTA
            CODE    09A7H     00D7H     UNIT         ?PR?OTA_UPDATASPEED?OTA
            CODE    0A7EH     0034H     UNIT         ?PR?_OTA_SETRECEIVEDATA?OTA
            CODE    0AB2H     0323H     UNIT         ?PR?OTA_PROCESS?OTA
            CODE    0DD5H     0162H     UNIT         ?PR?OTA
            CODE    0F37H     0B2EH     UNIT         ?C?LIB_CODE
            CODE    1A65H     0591H     UNIT         ?PR?PRCSS_LL_ENC_REQ?LINKLAYER
            CODE    1FF6H     000AH     UNIT         ?PR?_CONSUMER_SETBONDING_USE_OLDKEY?LINKLAYER
            CODE    2000H     0004H     UNIT         ?PR?FLASH_INITIAL?IAP
            CODE    2004H     0004H     UNIT         ?PR?FLASH_RELEASE?IAP
            CODE    2008H     0023H     UNIT         ?PR?FLASH_PROTECT_BATTERY?IAP
            CODE    202BH     0004H     UNIT         ?PR?PWE_ENABLE?IAP
            CODE    202FH     0007H     UNIT         ?PR?IAP_INITIALIZE?IAP
            CODE    2036H     0007H     UNIT         ?PR?_IAP_BANKSWITCH?IAP
            CODE    203DH     0011H     UNIT         ?PR?_IAP_INIT?IAP
            CODE    204EH     008BH     UNIT         ?PR?_IAP_ERASE?IAP
            CODE    20D9H     0038H     UNIT         ?PR?_IAP_READDATA?IAP
            CODE    2111H     009CH     UNIT         ?PR?_IAP_WRITEDATA?IAP
            CODE    21ADH     0B3EH     UNIT         ?CO?HOST
            CODE    2CEBH     0304H     UNIT         ?PR?INITBLE?LINKLAYER
            CODE    2FEFH     0011H     UNIT         ?PR?CONSUMER_GETBONDING_RESULT?LINKLAYER
            CODE    3000H     009FH     UNIT         ?PR?_ERASE_START?IAP
            CODE    309FH     0121H     UNIT         ?PR?_WRITEFLASH_START?IAP
            CODE    31C0H     0002H     UNIT         ?PR?INT1_ISR?INTERRUPT
            CODE    31C2H     0002H     UNIT         ?PR?TIMER1_ISR?INTERRUPT
            CODE    31C4H     0002H     UNIT         ?PR?UART0ISR?INTERRUPT
            CODE    31C6H     0002H     UNIT         ?PR?TIMER2_ISR?INTERRUPT
            CODE    31C8H     0002H     UNIT         ?PR?INT2_ISR?INTERRUPT
            CODE    31CAH     0002H     UNIT         ?PR?SLEEPTIMER1_ISR?INTERRUPT
            CODE    31CCH     0002H     UNIT         ?PR?RTC_ISR?INTERRUPT
            CODE    31CEH     0068H     UNIT         ?PR?RFISR?INTERRUPT
            CODE    3236H     0002H     UNIT         ?PR?KEYINT_ISR?INTERRUPT
            CODE    3238H     0033H     UNIT         ?PR?_PRCSS_L2CAP_CID?HOST
            CODE    326BH     00B9H     UNIT         ?PR?_PRCSS_BLE_OPCODE_ATT?HOST
            CODE    3324H     0051H     UNIT         ?PR?_PRCSS_BLE_CODE_SMP?HOST
            CODE    3375H     0033H     UNIT         ?PR?_KNL_MEMCPY?HOST
            CODE    33A8H     0036H     UNIT         ?PR?_KNL_MEMCPYINV?HOST
            CODE    33DEH     0034H     UNIT         ?PR?_KNL_CODECPY?HOST
            CODE    3412H     0037H     UNIT         ?PR?_KNL_CODECPYINV?HOST
            CODE    3449H     0038H     UNIT         ?PR?_KNL_MEMCOMP?HOST
            CODE    3481H     0001H     UNIT         ?PR?PRCSS_L2CAP_CID_NULL_IDENTIFIER?HOST
            CODE    3482H     0001H     UNIT         ?PR?PRCSS_L2CAP_CID_L2CAP_SIGNALING_CHANNEL?HOST
            CODE    3483H     0001H     UNIT         ?PR?PRCSS_L2CAP_CID_CONNECTIONLESS_CHANNEL?HOST
            CODE    3484H     0001H     UNIT         ?PR?PRCSS_L2CAP_CID_AMP_MANAGER_PROTOCOL?HOST
            CODE    3485H     0025H     UNIT         ?PR?PRCSS_L2CAP_CID_ATTRIBUTE_PROTOCOL?HOST
            CODE    34AAH     003CH     UNIT         ?PR?PRCSS_L2CAP_CID_LE_L2CAP_SIGNALING_CHANNEL?HOST
            CODE    34E6H     000EH     UNIT         ?PR?PRCSS_L2CAP_CID_SECURITY_MANAGER_PROTOCOL?HOST
            CODE    34F4H     0001H     UNIT         ?PR?PRCSS_OPCODE_ATT_NULL?HOST
            CODE    34F5H     003EH     UNIT         ?PR?PRCSS_OPCODE_ATT_ERROR_RESPONSE?HOST
            CODE    3533H     0016H     UNIT         ?PR?PRCSS_OPCODE_ATT_EXCHANGE_MTU_REQUEST?HOST
            CODE    3549H     0001H     UNIT         ?PR?PRCSS_OPCODE_ATT_EXCHANGE_MTU_RESPONSE?HOST
            CODE    354AH     01A3H     UNIT         ?PR?PRCSS_OPCODE_ATT_FIND_INFORMATION_REQUEST?HOST
            CODE    36EDH     0143H     UNIT         ?PR?PRCSS_OPCODE_ATT_FIND_INFORMATION_RESPONSE?HOST
            CODE    3830H     016AH     UNIT         ?PR?PRCSS_OPCODE_ATT_FIND_BY_TYPE_VALUE_REQUEST?HOST
BL51 BANKED LINKER/LOCATER V6.22                                                      11/05/2018  10:15:37  PAGE 10


            CODE    399AH     005BH     UNIT         ?PR?PRCSS_OPCODE_ATT_FIND_BY_TYPE_VALUE_RESPONSE?HOST
            CODE    39F5H     0359H     UNIT         ?PR?PRCSS_OPCODE_ATT_READ_BY_TYPE_REQUEST?HOST
            CODE    3D4EH     021BH     UNIT         ?PR?PRCSS_OPCODE_ATT_READ_BY_TYPE_RESPONSE?HOST
            CODE    3F69H     00FAH     UNIT         ?PR?PRCSS_OPCODE_ATT_READ_REQUEST?HOST
            CODE    4063H     0001H     UNIT         ?PR?PRCSS_OPCODE_ATT_READ_RESPONSE?HOST
            CODE    4064H     0176H     UNIT         ?PR?PRCSS_OPCODE_ATT_READ_BLOB_REQUEST?HOST
            CODE    41DAH     0001H     UNIT         ?PR?PRCSS_OPCODE_ATT_READ_BLOB_RESPONSE?HOST
            CODE    41DBH     0009H     UNIT         ?PR?PRCSS_OPCODE_ATT_READ_MULTIPLE_REQUEST?HOST
            CODE    41E4H     0001H     UNIT         ?PR?PRCSS_OPCODE_ATT_READ_MULTIPLE_RESPONSE?HOST
            CODE    41E5H     038BH     UNIT         ?PR?PRCSS_OPCODE_ATT_READ_BY_GROUP_TYPE_REQUEST?HOST
            CODE    4570H     0001H     UNIT         ?PR?PRCSS_OPCODE_ATT_READ_BY_GROUP_TYPE_RESPONSE?HOST
            CODE    4571H     0391H     UNIT         ?PR?PRCSS_OPCODE_ATT_WRITE_REQUEST?HOST
            CODE    4902H     0001H     UNIT         ?PR?PRCSS_OPCODE_ATT_WRITE_RESPONSE?HOST
            CODE    4903H     0133H     UNIT         ?PR?PRCSS_OPCODE_ATT_PREPARE_WRITE_REQUEST?HOST
            CODE    4A36H     0001H     UNIT         ?PR?PRCSS_OPCODE_ATT_PREPARE_WRITE_RESPONSE?HOST
            CODE    4A37H     0384H     UNIT         ?PR?PRCSS_OPCODE_ATT_EXECUTE_WRITE_REQUEST?HOST
            CODE    4DBBH     0001H     UNIT         ?PR?PRCSS_OPCODE_ATT_EXECUTE_WRITE_RESPONSE?HOST
            CODE    4DBCH     0084H     UNIT         ?PR?PRCSS_OPCODE_ATT_HANDLE_VALUE_NOTIFICATION?HOST
            CODE    4E40H     0001H     UNIT         ?PR?PRCSS_OPCODE_ATT_HANDLE_VALUE_INDICATION?HOST
            CODE    4E41H     0003H     UNIT         ?PR?PRCSS_OPCODE_ATT_HANDLE_VALUE_CONFIRMATION?HOST
            CODE    4E44H     03A0H     UNIT         ?PR?PRCSS_OPCODE_ATT_WRITE_COMMAND?HOST
            CODE    51E4H     0001H     UNIT         ?PR?PRCSS_OPCODE_ATT_SIGNED_WRITE_COMMAND?HOST
            CODE    51E5H     0001H     UNIT         ?PR?PRCSS_BLE_CODE_SMP_RESERVED?HOST
            CODE    51E6H     00D6H     UNIT         ?PR?PRCSS_BLE_CODE_SMP_PAIRING_REQUEST?HOST
            CODE    52BCH     0001H     UNIT         ?PR?PRCSS_BLE_CODE_SMP_PAIRING_RESPONSE?HOST
            CODE    52BDH     0088H     UNIT         ?PR?PRCSS_BLE_CODE_SMP_PAIRING_CONFIRM?HOST
            CODE    5345H     00F8H     UNIT         ?PR?PRCSS_BLE_CODE_SMP_PAIRING_RANDOM?HOST
            CODE    543DH     0014H     UNIT         ?PR?PRCSS_BLE_CODE_SMP_PAIRING_FAILED?HOST
            CODE    5451H     000CH     UNIT         ?PR?PRCSS_BLE_CODE_SMP_ENCRYPTION_INFORMATION?HOST
            CODE    545DH     003BH     UNIT         ?PR?PRCSS_BLE_CODE_SMP_MASTER_IDENTIFICATION?HOST
            CODE    5498H     0019H     UNIT         ?PR?PRCSS_BLE_CODE_SMP_IDENTITY_INFORMATION?HOST
            CODE    54B1H     01CCH     UNIT         ?PR?PRCSS_BLE_CODE_SMP_IDENTITY_ADDRESS_INFORMATION?HOST
            CODE    567DH     0019H     UNIT         ?PR?PRCSS_BLE_CODE_SMP_SIGNING_INFORMATION?HOST
            CODE    5696H     0022H     UNIT         ?PR?PRCSS_BLE_CODE_SMP_SECURITY_REQUEST?HOST
            CODE    56B8H     0015H     UNIT         ?PR?_GETBLE_ATTRIBUTE_TYPE_SIZE?HOST
            CODE    56CDH     004EH     UNIT         ?PR?_CHKBLE_ATTRIBUTE_PERMISSION_READ?HOST
            CODE    571BH     004EH     UNIT         ?PR?_CHKBLE_ATTRIBUTE_PERMISSION_WRITE?HOST
            CODE    5769H     0752H     UNIT         ?PR?_CMD_FLASHBOND?HOST
            CODE    5EBBH     00C3H     UNIT         ?PR?_ERSDATA_FLASHBOND?HOST
            CODE    5F7EH     00C3H     UNIT         ?PR?_ERSINFO_FLASHBOND?HOST
            CODE    6041H     0057H     UNIT         ?PR?_MARK_PID_INFO_FLASHBOND?HOST
            CODE    6098H     005BH     UNIT         ?PR?_MARK_PID_DATA_FLASHBOND?HOST
            CODE    60F3H     00D5H     UNIT         ?PR?FIL_INFO_FLASHBONDWEXST_PBID?HOST
            CODE    61C8H     0113H     UNIT         ?PR?FIL_DATA_FLASHBONDWEXST_PBID?HOST
            CODE    62DBH     020AH     UNIT         ?PR?_BLE_SENDDATA?HOST
            CODE    64E5H     0009H     UNIT         ?PR?BLE_GETWRITEEVENT?HOST
            CODE    64EEH     0006H     UNIT         ?PR?BLE_GETWRITEEVENT_LENGTH?HOST
            CODE    64F4H     002CH     UNIT         ?PR?BLE_ANCS_DISCOVER?HOST
            CODE    6520H     0020H     UNIT         ?PR?BLE_GETANCS_RESULT?HOST
            CODE    6540H     0051H     UNIT         ?PR?SETBLE_ANCS_DISCOVER?HOST
            CODE    6591H     001FH     UNIT         ?PR?BLE_ANCS_NOTIFICATIONSOURCE_ENABLE?HOST
            CODE    65B0H     001FH     UNIT         ?PR?BLE_ANCS_NOTIFICATIONSOURCE_DISABLE?HOST
            CODE    65CFH     0054H     UNIT         ?PR?SETBLE_ANCS_NOTIFICATINOSOURCE?HOST
            CODE    6623H     0028H     UNIT         ?PR?BLE_ANCS_DATASOURCE_ENABLE?HOST
            CODE    664BH     0028H     UNIT         ?PR?BLE_ANCS_DATASOURCE_DISABLE?HOST
            CODE    6673H     0054H     UNIT         ?PR?SETBLE_ANCS_DATASOURCE?HOST
            CODE    66C7H     0009H     UNIT         ?PR?BLE_GET_ANCS_NOFITICATION_ENVET?HOST
BL51 BANKED LINKER/LOCATER V6.22                                                      11/05/2018  10:15:37  PAGE 11


            CODE    66D0H     0006H     UNIT         ?PR?BLE_GET_ANCS_NOTIFICATION_LENGTH?HOST
            CODE    66D6H     0094H     UNIT         ?PR?_BLE_ANCS_SEND_CONTROL_POINT?HOST
            CODE    676AH     001BH     UNIT         ?PR?_GETBLE_ATTRIBUTE_VALUE_DYNMCLNGTH?HOST
            CODE    6785H     0023H     UNIT         ?PR?_BLE_PASSKEY_SET?HOST
            CODE    67A8H     0010H     UNIT         ?PR?PRCSS_PASSKEY_PAIRING_CONFIRM?HOST
            CODE    67B8H     0012H     UNIT         ?PR?_CHKIFBLE_ATT_CHR_ACSS_BYUSER?HOST
            CODE    67CAH     0008H     UNIT         ?PR?BLE_GETIDENTIFICATIONRESULT?HOST
            CODE    67D2H     07A2H     UNIT         ?PR?HOST
            CODE    6F74H     035BH     UNIT         ?PR?MAIN?MAIN_DEMO
            CODE    72CFH     0032H     UNIT         ?PR?MAIN_DEMO
            CODE    7301H     0697H     UNIT         ?CO?SERVICEGEN
            CODE    7998H     0067H     UNIT         ?PR?A8107_RCSELECT?RFA8107
                    79FFH     0001H                  *** GAP ***
            CODE    7A00H     0200H     ABSOLUTE     
            CODE    7C00H     0300H     ABSOLUTE     
            CODE    7F00H     00E1H     UNIT         ?PR?RCADC
            CODE    7FE1H     0010H     UNIT         ?PR?ERR_STATE?RFA8107
            CODE    7FF1H     0003H     UNIT         ?PR?INTERRUPTENABLE?RFA8107
            CODE    7FF4H     000CH     ABSOLUTE     
            CODE    8000H     0834H     UNIT         ?PR?ADVGO?LINKLAYER
            CODE    8834H     07C9H     UNIT         ?PR?LINKLAYER
            CODE    8FFDH     0534H     UNIT         ?PR?CONNECTESTABLISH?LINKLAYER
            CODE    9531H     038CH     UNIT         ?PR?TXDATA_PROCESS?LINKLAYER
            CODE    98BDH     0378H     UNIT         ?CO?RCADC_TABLE
            CODE    9C35H     0285H     UNIT         ?PR?BLE_SLAVE_PROCESS?LINKLAYER
            CODE    9EBAH     0255H     UNIT         ?PR?INITBLE_ATTSERVPARAMTER?LINKLAYER
            CODE    A10FH     0241H     UNIT         ?PR?_DATAPROCESS?RCADC
            CODE    A350H     0205H     UNIT         ?PR?ACKDATA_PROCESS?LINKLAYER
            CODE    A555H     01FFH     UNIT         ?PR?SETBLE_TIMEINTERVAL_CONNECT?LINKLAYER
            CODE    A754H     01F3H     UNIT         ?C_INITSEG
            CODE    A947H     01CFH     UNIT         ?PR?SETRXWINDOWTIMING?RFA8107
            CODE    AB16H     01B6H     UNIT         ?PR?RFA8107
            CODE    ACCCH     018EH     UNIT         ?PR?PRCSS_LL_START_ENC_RSP?LINKLAYER
            CODE    AE5AH     0189H     UNIT         ?PR?_CALCULATETEMP?RCADC
            CODE    AFE3H     017BH     UNIT         ?PR?MD_PROCEDURE?LINKLAYER
            CODE    B15EH     014AH     UNIT         ?PR?BATTERYDETECT?RFA8107
            CODE    B2A8H     013FH     UNIT         ?PR?_FREE?FREE
            CODE    B3E7H     0128H     UNIT         ?PR?_SMPC1?LINKLAYER
            CODE    B50FH     0120H     UNIT         ?PR?_BLE_SETTXPOWER?RFA8107
            CODE    B62FH     00FAH     UNIT         ?PR?INITLCD?LCDFUN
            CODE    B729H     00DBH     UNIT         ?PR?_A8507_24BRCADC?RCADC
            CODE    B804H     00D3H     UNIT         ?PR?_BLE_SETCONNECTPARAMETERUPDATEREQUEST?LINKLAYER
            CODE    B8D7H     00D1H     UNIT         ?PR?_MALLOC?MALLOC
            CODE    B9A8H     00CAH     UNIT         ?PR?_SETBLE_CONNTXCTRL?LINKLAYER
            CODE    BA72H     00BEH     UNIT         ?PR?_SETADV_RUN_CTRL?LINKLAYER
            CODE    BB30H     00BBH     UNIT         ?PR?INITBLESW?LINKLAYER
            CODE    BBEBH     00B5H     UNIT         ?PR?A8107_CONFIG?RFA8107
            CODE    BCA0H     00ADH     UNIT         ?PR?RXDATA_PROCESS?LINKLAYER
            CODE    BD4DH     00AAH     UNIT         ?PR?PARTIAL_INITRF?RFA8107
            CODE    BDF7H     00A7H     UNIT         ?PR?_DISPLAY_4MUX?LCDFUN
            CODE    BE9EH     00A1H     UNIT         ?PR?RXPACKET?LINKLAYER
            CODE    BF3FH     00A0H     UNIT         ?PR?SETBLE_CHANNEL?LINKLAYER
            CODE    BFDFH     0099H     UNIT         ?PR?CHECKBLETIMER?LINKLAYER
            CODE    C078H     0090H     UNIT         ?PR?GET_TEMPERATURE?RCADC
            CODE    C108H     008DH     UNIT         ?PR?_PRCSS_LL_CONTROL_PDU?LINKLAYER
            CODE    C195H     008CH     UNIT         ?C_C51STARTUP
            CODE    C221H     008CH     UNIT         ?PR?PRCSS_LL_CONNECTION_UPDATE_REQ?LINKLAYER
BL51 BANKED LINKER/LOCATER V6.22                                                      11/05/2018  10:15:37  PAGE 12


            CODE    C2ADH     008BH     UNIT         ?PR?_BLE_ADV_CMD?LINKLAYER
            CODE    C338H     0081H     UNIT         ?CO?RFA8107
            CODE    C3B9H     007AH     UNIT         ?PR?PRCSS_LL_PAUSE_ENC_REQ?LINKLAYER
            CODE    C433H     0079H     UNIT         ?PR?GETBLE_LINKMESSAGE?LINKLAYER
            CODE    C4ACH     0074H     UNIT         ?PR?CONSUMER_BONDINGRESULT_CLEAR?LINKLAYER
            CODE    C520H     006BH     UNIT         ?PR?SETBLE_TIMEINTERVAL_WINOFFSET?LINKLAYER
            CODE    C58BH     0066H     UNIT         ?PR?PRCSS_LL_CHANNEL_MAP_REQ?LINKLAYER
            CODE    C5F1H     0062H     UNIT         ?PR?INITMCU?MCUFUNCTION
            CODE    C653H     0062H     UNIT         ?PR?_BLE_INITIMMEDIATEALERTLEVEL?LINKLAYER
            CODE    C6B5H     0062H     UNIT         ?PR?_BLE_INITLINKLOSSALERTLEVEL?LINKLAYER
            CODE    C717H     0057H     UNIT         ?PR?GENERATIONLTK?LINKLAYER
            CODE    C76EH     0057H     UNIT         ?PR?A8107_CAL?RFA8107
            CODE    C7C5H     0054H     UNIT         ?PR?INITBLESMP_RE?LINKLAYER
            CODE    C819H     0052H     UNIT         ?PR?SMPAES?LINKLAYER
            CODE    C86BH     0051H     UNIT         ?PR?DC_SHIFT?LINKLAYER
            CODE    C8BCH     0050H     UNIT         ?PR?TIMER0ISR?RFA8107
            CODE    C90CH     004CH     UNIT         ?CO?LCDFUN
            CODE    C958H     004BH     UNIT         ?PR?_RF_TIMER500MS?RFA8107
            CODE    C9A3H     004AH     UNIT         ?PR?PRCSS_LL_START_ENC_REQ?LINKLAYER
            CODE    C9EDH     0049H     UNIT         ?PR?_SETBLE_SN_NESN?LINKLAYER
            CODE    CA36H     0048H     UNIT         ?PR?_LCDON?LCDFUN
            CODE    CA7EH     0046H     UNIT         ?PR?SETBLE_CONNECTUPDATE?LINKLAYER
            CODE    CAC4H     0043H     UNIT         ?PR?_SETADV_TO?LINKLAYER
            CODE    CB07H     0040H     UNIT         ?CO?LINKLAYER
            CODE    CB47H     003CH     UNIT         ?PR?_INIT_MEMPOOL?INIT_MEM
            CODE    CB83H     003BH     UNIT         ?PR?_A8107_RX_PKT_NUM?LINKLAYER
            CODE    CBBEH     003BH     UNIT         ?PR?_A8107_TX_PKT_NUM?LINKLAYER
            CODE    CBF9H     003AH     UNIT         ?PR?_SMPS1?LINKLAYER
            CODE    CC33H     0039H     UNIT         ?PR?_SETADV_TIMING?LINKLAYER
            CODE    CC6CH     0034H     UNIT         ?PR?_CHGROUPCAL?RFA8107
            CODE    CCA0H     0033H     UNIT         ?PR?PRCSS_LL_FEATURE_REQ?LINKLAYER
            CODE    CCD3H     002DH     UNIT         ?PR?BLE_AUTOPWRDOWN_ENABLE?LINKLAYER
            CODE    CD00H     002BH     UNIT         ?PR?_SETBLE_CONNTXDATA_ATT_ERROR_RESPONSE?LINKLAYER
            CODE    CD2BH     002AH     UNIT         ?PR?PRCSS_LL_PAUSE_ENC_RSP?LINKLAYER
            CODE    CD55H     0029H     UNIT         ?PR?LCDFUN
            CODE    CD7EH     0029H     UNIT         ?PR?PRCSS_LL_VERSION_IND?LINKLAYER
            CODE    CDA7H     0025H     UNIT         ?PR?SETBLE_LLTERMINATE?LINKLAYER
            CODE    CDCCH     0025H     UNIT         ?PR?INITRF?RFA8107
            CODE    CDF1H     0023H     UNIT         ?PR?_SETBLE_CHECK_SN_NESN?LINKLAYER
            CODE    CE14H     0022H     UNIT         ?PR?CONSUMER_BONDING_SUCCESS?LINKLAYER
            CODE    CE36H     0020H     UNIT         ?PR?_SETADV_TYPE?LINKLAYER
            CODE    CE56H     0020H     UNIT         ?PR?_BLE_SETWHITELIST?LINKLAYER
            CODE    CE76H     001FH     UNIT         ?PR?INITTIMER0?RFA8107
            CODE    CE95H     001EH     UNIT         ?PR?RANDNUMBERGENERATOR?LINKLAYER
            CODE    CEB3H     001DH     UNIT         ?PR?SETBLE_LLBUSY?LINKLAYER
            CODE    CED0H     001CH     UNIT         ?PR?GETRSSI?RFA8107
            CODE    CEECH     001BH     UNIT         ?PR?__DELAY5US?RFA8107
            CODE    CF07H     0018H     UNIT         ?PR?_CONSUMER_SETBONDING_STATUS?LINKLAYER
            CODE    CF1FH     0017H     UNIT         ?PR?_SETADV_CHANNEL?LINKLAYER
            CODE    CF36H     0017H     UNIT         ?PR?_SETADV_RND_CTRL?LINKLAYER
            CODE    CF4DH     0017H     UNIT         ?PR?_SETADV_TO_CTRL?LINKLAYER
            CODE    CF64H     0017H     UNIT         ?PR?BLE_GETCONNECTUPDATERESULT?LINKLAYER
            CODE    CF7BH     0015H     UNIT         ?PR?_CHKBLE_ATT_CHR_ACSSWR_BYUSER?APPLICATION_CHECK
            CODE    CF90H     0015H     UNIT         ?PR?A8107_WRITEAESKEY?LINKLAYER
            CODE    CFA5H     0015H     UNIT         ?PR?INIT_Q_ATT_HDL_PREWR?LINKLAYER
            CODE    CFBAH     0015H     UNIT         ?PR?A8107_WRITEID?RFA8107
            CODE    CFCFH     0014H     UNIT         ?PR?A8107_READAESDATA?LINKLAYER
BL51 BANKED LINKER/LOCATER V6.22                                                      11/05/2018  10:15:37  PAGE 13


            CODE    CFE3H     0014H     UNIT         ?PR?A8107_WRITEAESDATA?LINKLAYER
            CODE    CFF7H     0010H     UNIT         ?PR?INITCRC?RFA8107
            CODE    D007H     000FH     UNIT         ?PR?BLE_GETTERMINATERESULT?LINKLAYER
            CODE    D016H     000FH     UNIT         ?PR?RF_RC_DISABLE?RFA8107
            CODE    D025H     000DH     UNIT         ?PR?BLE_GETCONNECTPARAMETER?LINKLAYER
            CODE    D032H     000DH     UNIT         ?PR?BLE_GETCONNECTSERVERADDRESS?LINKLAYER
            CODE    D03FH     000CH     UNIT         ?PR?INITBLESMP?LINKLAYER
            CODE    D04BH     000CH     UNIT         ?PR?RANDOMSEEDCOUNT?LINKLAYER
            CODE    D057H     000CH     UNIT         ?PR?_ABS?ABS
            CODE    D063H     000BH     UNIT         ?CO?SECURITY
            CODE    D06EH     000BH     UNIT         ?PR?_SETBLE_ADVPDU?LINKLAYER
            CODE    D079H     000BH     UNIT         ?PR?CONNECT_ACK_ENABLE?LINKLAYER
            CODE    D084H     000BH     UNIT         ?PR?TMR_INTERRUPT_DISABLE?LINKLAYER
            CODE    D08FH     000BH     UNIT         ?PR?CONNECT_ACK_DISABLE?LINKLAYER
            CODE    D09AH     000BH     UNIT         ?PR?SETBLE_CONNDISSLV?LINKLAYER
            CODE    D0A5H     000BH     UNIT         ?PR?SMPPASSKEY_INIT?LINKLAYER
            CODE    D0B0H     000AH     UNIT         ?PR?DISABLETIMER0?RFA8107
            CODE    D0BAH     0009H     UNIT         ?PR?_CHKBLE_ATT_CHR_ACSSRD_BYUSER?APPLICATION_CHECK
            CODE    D0C3H     0009H     UNIT         ?PR?BLE_GETLINKLOSSCOUNT?LINKLAYER
            CODE    D0CCH     0009H     UNIT         ?PR?_CONSUMER_PAIRING_RULE_SELECT?LINKLAYER
            CODE    D0D5H     0009H     UNIT         ?PR?RF_GETRSSIRESULT?RFA8107
            CODE    D0DEH     0008H     UNIT         ?PR?TMR_INTERRUPT_ENABLE?LINKLAYER
            CODE    D0E6H     0008H     UNIT         ?PR?_INITCRYSTALCL?RFA8107
            CODE    D0EEH     0007H     UNIT         ?PR?BLE_GETEMPTYCOUNT?LINKLAYER
            CODE    D0F5H     0006H     UNIT         ?PR?ADV_ACK_ENABLE?LINKLAYER
            CODE    D0FBH     0006H     UNIT         ?PR?ADV_ACK_DISABLE?LINKLAYER
            CODE    D101H     0006H     UNIT         ?PR?BLE_GETPWRSTATE?LINKLAYER
            CODE    D107H     0006H     UNIT         ?PR?BLE_GETWHITELIST_STATUS?LINKLAYER
            CODE    D10DH     0006H     UNIT         ?PR?BLE_GETDISCONNECTREASON?LINKLAYER
            CODE    D113H     0006H     UNIT         ?PR?_STROBECMD?RFA8107
            CODE    D119H     0006H     UNIT         ?PR?RF_GETBATTERYRESULT?RFA8107
                    D11FH     2EDFH                  *** GAP ***
            CODE    FFFEH     0002H     ABSOLUTE     



SYMBOL TABLE OF MODULE:  Demo (?C_STARTUP)

  VALUE           TYPE          NAME
  ----------------------------------

  -------         MODULE        ?C_STARTUP
  C:C195H         SEGMENT       ?C_C51STARTUP
  I:0030H         SEGMENT       ?STACK
  C:0002H         PUBLIC        ?C_STARTUP
  C:C195H         PUBLIC        STARTUP1
  D:00E0H         SYMBOL        ACC
  D:00F0H         SYMBOL        B
  D:0083H         SYMBOL        DPH
  D:0082H         SYMBOL        DPL
  N:007BH         SYMBOL        IAP_PROCESS_ADDRESS
  N:0000H         SYMBOL        IBPSTACK
  N:0100H         SYMBOL        IBPSTACKTOP
  N:0080H         SYMBOL        IDATALEN
  C:C198H         SYMBOL        IDATALOOP
  N:0300H         SYMBOL        INTERRUPT_OFFSET
  N:0000H         SYMBOL        PBPSTACK
BL51 BANKED LINKER/LOCATER V6.22                                                      11/05/2018  10:15:37  PAGE 14


  N:0100H         SYMBOL        PBPSTACKTOP
  N:0000H         SYMBOL        PDATALEN
  N:0000H         SYMBOL        PDATASTART
  N:0000H         SYMBOL        PPAGE
  N:0000H         SYMBOL        PPAGEENABLE
  D:00A0H         SYMBOL        PPAGE_SFR
  D:0081H         SYMBOL        SP
  N:0000H         SYMBOL        XBPSTACK
  N:0000H         SYMBOL        XBPSTACKTOP
  N:0000H         SYMBOL        XDATALEN
  N:0000H         SYMBOL        XDATASTART
  C:0002H         LINE#         132
  C:C195H         LINE#         139
  C:C197H         LINE#         140
  C:C198H         LINE#         141
  C:C199H         LINE#         142
  C:C19BH         LINE#         191
  C:C19EH         LINE#         202
  -------         ENDMOD        ?C_STARTUP

  -------         MODULE        FLASH_CHECK
  N:0000H         SYMBOL        FLASH_CHECK
  -------         ENDMOD        FLASH_CHECK

  -------         MODULE        INTERRUPT_OFFSET
  N:007BH         SYMBOL        IAP_PROCESS_ADDRESS
  N:0300H         SYMBOL        INTERRUPT_OFFSET
  C:000BH         LINE#         5
  C:0013H         LINE#         7
  C:001BH         LINE#         9
  C:0023H         LINE#         11
  C:002BH         LINE#         13
  C:0033H         LINE#         15
  C:003BH         LINE#         17
  C:0043H         LINE#         19
  C:004BH         LINE#         21
  C:0053H         LINE#         23
  C:005BH         LINE#         25
  C:0063H         LINE#         27
  C:006BH         LINE#         29
  C:0073H         LINE#         31
  -------         ENDMOD        INTERRUPT_OFFSET

  -------         MODULE        OTA_IAP
  D:00E0H         SYMBOL        ACC
  N:0038H         SYMBOL        BDCOUNTH
  N:0037H         SYMBOL        BDCOUNTL
  N:0040H         SYMBOL        BUFFER
  D:0094H         SYMBOL        CODEBANK
  D:0083H         SYMBOL        DPH
  D:0082H         SYMBOL        DPL
  D:00E8H         SYMBOL        EIE
  D:0091H         SYMBOL        EIF
  D:009AH         SYMBOL        FLASHCTRL
  D:009BH         SYMBOL        FLASHTMR
  C:0212H         SYMBOL        F_BATTERYDETECT
  C:020BH         SYMBOL        F_CLRPWE
BL51 BANKED LINKER/LOCATER V6.22                                                      11/05/2018  10:15:37  PAGE 15


  C:01CAH         SYMBOL        F_ERASESECTOR
  C:01FBH         SYMBOL        F_FLASHCONTROL
  C:01F1H         SYMBOL        F_FLASHSETTING
  C:016FH         SYMBOL        F_READ16BYTES
  C:0204H         SYMBOL        F_SETPWE
  C:022FH         SYMBOL        F_SHORT_DELAY
  C:013DH         SYMBOL        F_UPDATE256BYTES
  C:017CH         SYMBOL        F_VERIFY16BYTES
  C:0195H         SYMBOL        F_WRITE16BYTES
  C:0192H         SYMBOL        F_WRITE_A_BYTES
  N:007BH         SYMBOL        IAP_PROCESS_ADDRESS
  D:00A8H         SYMBOL        IE
  N:0300H         SYMBOL        INTERRUPT_OFFSET
  C:007BH         SYMBOL        OTA_BEGIN
  C:0300H         SYMBOL        OTA_END
  D:00D1H         SYMBOL        P0OE
  D:00D2H         SYMBOL        P0PUN
  D:0087H         SYMBOL        PCON
  N:003AH         SYMBOL        READDATA
  D:00BAH         SYMBOL        RSFLAG
  N:0032H         SYMBOL        SOURCEBANK
  N:0030H         SYMBOL        SOURCEDPH
  N:0031H         SYMBOL        SOURCEDPL
  D:0081H         SYMBOL        SP
  D:00EBH         SYMBOL        TA
  N:0035H         SYMBOL        TARGETBANK
  N:0033H         SYMBOL        TARGETDPH
  N:0034H         SYMBOL        TARGETDPL
  N:0039H         SYMBOL        TRYCOUNT
  N:0036H         SYMBOL        UPDATEDPH
  D:00D8H         SYMBOL        WDCON
  C:01B2H         SYMBOL        _CHECK_R3_OTA_DATA2_
  C:01E7H         SYMBOL        _CHECK_R3_OTA_DATA_
  C:01A8H         SYMBOL        _CHECK_WDT2_
  C:01DDH         SYMBOL        _CHECK_WDT_
  C:01EDH         SYMBOL        _ERASESECTOR_START
  C:021EH         SYMBOL        _F_BATTERYDETECTLOOP
  C:0225H         SYMBOL        _F_BATTERYDETECT_BDF_0
  C:022AH         SYMBOL        _F_BATTERYDETECT_BDF_1
  C:01EEH         SYMBOL        _F_ERASESECTOR_END
  C:01E5H         SYMBOL        _F_ERASESECTOR_STOP
  C:0173H         SYMBOL        _F_READ16BYTES_LOOP
  C:0231H         SYMBOL        _F_SHORT_DELAY_LOOP
  C:016CH         SYMBOL        _F_UPDATE256BYTES_FAIL
  C:0141H         SYMBOL        _F_UPDATE256BYTES_LOOP
  C:0169H         SYMBOL        _F_UPDATE256BYTES_PASS
  C:018FH         SYMBOL        _F_VERIFY16BYTES_FAIL
  C:0180H         SYMBOL        _F_VERIFY16BYTES_LOOP
  C:018CH         SYMBOL        _F_VERIFY16BYTES_PASS
  C:01C7H         SYMBOL        _F_WRITE16BYTES_END
  C:01BCH         SYMBOL        _F_WRITE16BYTES_LOOP
  C:01C3H         SYMBOL        _F_WRITE16BYTES_NEXT
  C:01B0H         SYMBOL        _F_WRITE16BYTES_STOP
  C:01C2H         SYMBOL        _F_WRITE16BYTES_WRITE
  C:01B8H         SYMBOL        _F_WRITE_A_BYTES_START
  C:01B8H         SYMBOL        _F_WRITE_START
  C:0090H         SYMBOL        _OTA_BATTERYDETECT
BL51 BANKED LINKER/LOCATER V6.22                                                      11/05/2018  10:15:37  PAGE 16


  C:00CCH         SYMBOL        _OTA_PROCESS
  C:00AEH         SYMBOL        _OTA_PROCESS_CHECK_BANK_CODE_LH
  C:00A8H         SYMBOL        _OTA_PROCESS_CHECK_CODE_H
  C:00A3H         SYMBOL        _OTA_PROCESS_CHECK_CODE_L
  C:00C6H         SYMBOL        _OTA_PROCESS_END
  C:00D9H         SYMBOL        _OTA_PROCESS_ERASE
  C:011AH         SYMBOL        _OTA_PROCESS_FAIL
  C:00CAH         SYMBOL        _OTA_PROCESS_FINISH
  C:00D1H         SYMBOL        _OTA_PROCESS_LOOP
  C:00D4H         SYMBOL        _OTA_PROCESS_LOOP_RETRY
  C:0116H         SYMBOL        _OTA_PROCESS_NEXT
  C:00CAH         SYMBOL        _OTA_PROCESS_RESET
  C:0107H         SYMBOL        _OTA_PROCESS_UPDATE
  C:00F8H         SYMBOL        _OTA_PROCESS_UPDATE_0000_7F00
  C:00EAH         SYMBOL        _OTA_PROCESS_UPDATE_8000_FF00
  C:00A0H         SYMBOL        _OTA_START
  C:007BH         LINE#         65
  C:007EH         LINE#         66
  C:0081H         LINE#         67
  C:0084H         LINE#         68
  C:0086H         LINE#         70
  C:0088H         LINE#         71
  C:008AH         LINE#         73
  C:008DH         LINE#         74
  C:0090H         LINE#         76
  C:0092H         LINE#         77
  C:0094H         LINE#         78
  C:0097H         LINE#         79
  C:0099H         LINE#         80
  C:009BH         LINE#         81
  C:009EH         LINE#         82
  C:00A0H         LINE#         85
  C:00A3H         LINE#         87
  C:00A4H         LINE#         88
  C:00A5H         LINE#         89
  C:00A8H         LINE#         92
  C:00AAH         LINE#         93
  C:00ABH         LINE#         94
  C:00AEH         LINE#         97
  C:00B1H         LINE#         98
  C:00B4H         LINE#         99
  C:00B5H         LINE#         100
  C:00B6H         LINE#         101
  C:00B9H         LINE#         102
  C:00BBH         LINE#         103
  C:00BCH         LINE#         104
  C:00BFH         LINE#         105
  C:00C1H         LINE#         106
  C:00C4H         LINE#         108
  C:00C6H         LINE#         111
  C:00C8H         LINE#         112
  C:00CAH         LINE#         116
  C:00CCH         LINE#         119
  C:00CEH         LINE#         120
  C:00D1H         LINE#         123
  C:00D4H         LINE#         125
  C:00D7H         LINE#         126
BL51 BANKED LINKER/LOCATER V6.22                                                      11/05/2018  10:15:37  PAGE 17


  C:00D9H         LINE#         129
  C:00DCH         LINE#         130
  C:00DFH         LINE#         131
  C:00E1H         LINE#         132
  C:00E3H         LINE#         138
  C:00E5H         LINE#         139
  C:00E6H         LINE#         140
  C:00E8H         LINE#         141
  C:00EAH         LINE#         144
  C:00EDH         LINE#         145
  C:00F0H         LINE#         146
  C:00F3H         LINE#         147
  C:00F6H         LINE#         148
  C:00F8H         LINE#         151
  C:00FBH         LINE#         152
  C:00FDH         LINE#         153
  C:00FFH         LINE#         154
  C:0101H         LINE#         155
  C:0104H         LINE#         156
  C:0107H         LINE#         159
  C:0109H         LINE#         160
  C:010BH         LINE#         162
  C:010DH         LINE#         163
  C:0110H         LINE#         164
  C:0112H         LINE#         165
  C:0114H         LINE#         166
  C:0116H         LINE#         169
  C:0118H         LINE#         170
  C:011AH         LINE#         173
  C:011CH         LINE#         174
  C:011EH         LINE#         175
  C:0121H         LINE#         176
  C:0124H         LINE#         177
  C:0126H         LINE#         178
  C:0127H         LINE#         179
  C:0129H         LINE#         180
  C:012CH         LINE#         181
  C:012FH         LINE#         182
  C:0132H         LINE#         183
  C:0135H         LINE#         184
  C:0137H         LINE#         185
  C:0139H         LINE#         186
  C:013BH         LINE#         187
  C:013DH         LINE#         195
  C:013FH         LINE#         196
  C:0141H         LINE#         199
  C:0144H         LINE#         200
  C:0146H         LINE#         201
  C:0149H         LINE#         202
  C:014BH         LINE#         204
  C:014EH         LINE#         205
  C:0150H         LINE#         206
  C:0153H         LINE#         207
  C:0155H         LINE#         208
  C:0157H         LINE#         210
  C:015AH         LINE#         211
  C:015CH         LINE#         212
BL51 BANKED LINKER/LOCATER V6.22                                                      11/05/2018  10:15:37  PAGE 18


  C:015FH         LINE#         213
  C:0161H         LINE#         214
  C:0163H         LINE#         216
  C:0164H         LINE#         217
  C:0166H         LINE#         218
  C:0167H         LINE#         220
  C:0169H         LINE#         222
  C:016BH         LINE#         223
  C:016CH         LINE#         225
  C:016EH         LINE#         226
  C:016FH         LINE#         233
  C:0171H         LINE#         234
  C:0173H         LINE#         236
  C:0175H         LINE#         237
  C:0176H         LINE#         238
  C:0177H         LINE#         239
  C:0178H         LINE#         240
  C:0179H         LINE#         241
  C:017BH         LINE#         242
  C:017CH         LINE#         249
  C:017EH         LINE#         250
  C:0180H         LINE#         252
  C:0182H         LINE#         253
  C:0184H         LINE#         254
  C:0185H         LINE#         255
  C:0188H         LINE#         256
  C:0189H         LINE#         257
  C:018AH         LINE#         258
  C:018CH         LINE#         260
  C:018EH         LINE#         261
  C:018FH         LINE#         264
  C:0191H         LINE#         265
  C:0192H         LINE#         272
  C:0193H         LINE#         273
  C:0195H         LINE#         280
  C:0197H         LINE#         281
  C:0199H         LINE#         283
  C:019BH         LINE#         284
  C:019CH         LINE#         285
  C:019EH         LINE#         286
  C:01A0H         LINE#         288
  C:01A2H         LINE#         289
  C:01A4H         LINE#         290
  C:01A6H         LINE#         292
  C:01A8H         LINE#         295
  C:01AAH         LINE#         296
  C:01ACH         LINE#         297
  C:01AEH         LINE#         298
  C:01B0H         LINE#         301
  C:01B2H         LINE#         304
  C:01B4H         LINE#         305
  C:01B5H         LINE#         306
  C:01B6H         LINE#         307
  C:01B8H         LINE#         311
  C:01BAH         LINE#         312
  C:01BCH         LINE#         314
  C:01BDH         LINE#         315
BL51 BANKED LINKER/LOCATER V6.22                                                      11/05/2018  10:15:37  PAGE 19


  C:01C0H         LINE#         316
  C:01C2H         LINE#         318
  C:01C3H         LINE#         320
  C:01C4H         LINE#         321
  C:01C5H         LINE#         322
  C:01C7H         LINE#         325
  C:01C9H         LINE#         326
  C:01CAH         LINE#         332
  C:01CCH         LINE#         333
  C:01CEH         LINE#         335
  C:01D0H         LINE#         336
  C:01D1H         LINE#         337
  C:01D3H         LINE#         338
  C:01D5H         LINE#         340
  C:01D7H         LINE#         341
  C:01D9H         LINE#         342
  C:01DBH         LINE#         343
  C:01DDH         LINE#         346
  C:01DFH         LINE#         347
  C:01E1H         LINE#         348
  C:01E3H         LINE#         349
  C:01E5H         LINE#         352
  C:01E7H         LINE#         355
  C:01E9H         LINE#         356
  C:01EAH         LINE#         357
  C:01EBH         LINE#         358
  C:01EDH         LINE#         361
  C:01EEH         LINE#         363
  C:01F0H         LINE#         364
  C:01F1H         LINE#         370
  C:01F4H         LINE#         371
  C:01F7H         LINE#         372
  C:01FAH         LINE#         373
  C:01FBH         LINE#         379
  C:01FEH         LINE#         380
  C:0201H         LINE#         381
  C:0203H         LINE#         382
  C:0204H         LINE#         388
  C:0206H         LINE#         389
  C:0208H         LINE#         390
  C:020AH         LINE#         391
  C:020BH         LINE#         397
  C:020DH         LINE#         398
  C:020FH         LINE#         399
  C:0211H         LINE#         400
  C:0212H         LINE#         412
  C:0215H         LINE#         413
  C:0217H         LINE#         414
  C:0218H         LINE#         415
  C:021BH         LINE#         416
  C:021DH         LINE#         417
  C:021EH         LINE#         419
  C:021FH         LINE#         420
  C:0222H         LINE#         421
  C:0225H         LINE#         423
  C:0227H         LINE#         424
  C:0229H         LINE#         425
BL51 BANKED LINKER/LOCATER V6.22                                                      11/05/2018  10:15:37  PAGE 20


  C:022AH         LINE#         428
  C:022CH         LINE#         429
  C:022EH         LINE#         430
  C:022FH         LINE#         433
  C:0231H         LINE#         435
  C:0233H         LINE#         436
  C:0300H         LINE#         443
  -------         ENDMOD        OTA_IAP

  -------         MODULE        SECURITY
  C:0000H         SYMBOL        _ICE_DUMMY_
  C:D063H         PUBLIC        RSP_PAIRING_REQUEST
  -------         ENDMOD        SECURITY

  -------         MODULE        SERVICEGEN
  C:0000H         SYMBOL        _ICE_DUMMY_
  C:76F3H         PUBLIC        ATT_PERMISSION_HDL_GAP_APPEARANCE
  X:0700H         PUBLIC        att_HDL_USER__COMMAND_W01
  C:773FH         PUBLIC        ATT_PERMISSION_HDL_USER_UPLOAD_N01_INIT
  C:7713H         PUBLIC        ATT_PERMISSION_HDL_OTA_OTA_DATA_CLIENT_CHARACTERISTIC_CONFIGURATION_INIT
  C:7690H         PUBLIC        ATT_HDL_USER_01_COMMAND_W01
  C:7543H         PUBLIC        ATT_HDL_OTA_DATA_ERROR_STATUS_CLIENT_CHARACTERISTIC_CONFIGURATION_INIT
  C:7362H         PUBLIC        ATT_HDL_GAP_CHARACTERISTIC_APPEARANCE
  C:7703H         PUBLIC        ATT_PERMISSION_HDL_DIS_MANUFACTURER_NAME_STRING
  C:76D9H         PUBLIC        ATT_HDL_USER_STATUS_RN01_INIT
  C:73F6H         PUBLIC        ATT_HDL_DIS_CHARACTERISTIC_MANUFACTURER_NAME_STRING
  C:7673H         PUBLIC        ATT_HDL_USER_01_TEMPERTURE_N01
  C:7354H         PUBLIC        ATT_HDL_GAP_DEVICE_NAME_INIT
  X:0706H         PUBLIC        att_HDL_OTA_OTA_CMD_CONTROL_POINT_CLIENT_CHARACTERISTIC_CONFIGURATION
  C:7705H         PUBLIC        ATT_PERMISSION_HDL_DIS_SYSTEM_ID
  X:0708H         PUBLIC        att_HDL_OTA_OTA_DATA
  C:741EH         PUBLIC        ATT_HDL_DIS_CHARACTERISTIC_SYSTEM_ID
  C:76FDH         PUBLIC        ATT_PERMISSION_HDL_GATT_CLIENT_CHARACTERISTIC_CONFIGURATION_INIT
  X:071CH         PUBLIC        att_HDL_USER_UPLOAD_CONFIGURATION
  C:7689H         PUBLIC        ATT_HDL_USER_TEMPERTURE_CONFIGURATION_INIT
  C:7709H         PUBLIC        ATT_PERMISSION_HDL_DIS_MODEL_NUMBER_STRING
  X:071EH         PUBLIC        att_HDL_BAS_CLIENT_CHARACTERISTIC_CONFIGURATION
  C:73C0H         PUBLIC        ATT_HDL_GATT_SERVICE_CHANGED_INIT
  C:7341H         PUBLIC        ATT_HDL_INVALID
  C:7454H         PUBLIC        ATT_HDL_DIS_CHARACTERISTIC_MODEL_NUMBER_STRING
  C:770FH         PUBLIC        ATT_PERMISSION_HDL_DIS_PNP_ID
  C:757EH         PUBLIC        ATT_HDL_USER_DEFINE_01_PRIMARY_SERVICE
  C:736CH         PUBLIC        ATT_HDL_GAP_APPEARANCE
  C:74F2H         PUBLIC        ATT_HDL_OTA_OTA_DATA_CLIENT_CHARACTERISTIC_CONFIGURATION_INIT
  C:74B2H         PUBLIC        ATT_HDL_DIS_CHARACTERISTIC_PNP_ID
  C:76AFH         PUBLIC        ATT_HDL_USER_UPLOAD_N01_INIT
  C:770BH         PUBLIC        ATT_PERMISSION_HDL_DIS_HARDWARE_REVISION_STRING
  X:0720H         PUBLIC        att_HDL_BAS_BATTERY_LEVEL
  X:0721H         PUBLIC        att_HDL_GAP_RECONNECTION_ADDRESS
  C:7475H         PUBLIC        ATT_HDL_DIS_CHARACTERISTIC_HARDWARE_REVISION_STRING
  C:7400H         PUBLIC        ATT_HDL_DIS_MANUFACTURER_NAME_STRING
  C:76F7H         PUBLIC        ATT_PERMISSION_HDL_GAP_PERIPHERAL_PRIVACY_FLAG
  C:74CFH         PUBLIC        ATT_HDL_OTA_CHARACTERISTIC_OTA_DATA
  C:7428H         PUBLIC        ATT_HDL_DIS_SYSTEM_ID
  X:0727H         PUBLIC        att_HDL_USER_DEVICENAME_CONFIGURATION
  C:7388H         PUBLIC        ATT_HDL_GAP_CHARACTERISTIC_PERIPHERAL_PRIVACY_FLAG
  C:771DH         PUBLIC        ATT_PERMISSION_HDL_OTA_DATA_ERROR_STATUS_INIT
BL51 BANKED LINKER/LOCATER V6.22                                                      11/05/2018  10:15:37  PAGE 21


  C:771BH         PUBLIC        ATT_PERMISSION_HDL_OTA_OTA_CMD_USER_DESCRIPTION
  C:73EAH         PUBLIC        ATT_HDL_DIS_SERIAL_NUMBER_STRING_PRESENTATION_FORMAT
  C:73C9H         PUBLIC        ATT_HDL_GATT_CLIENT_CHARACTERISTIC_CONFIGURATION_INIT
  C:745EH         PUBLIC        ATT_HDL_DIS_MODEL_NUMBER_STRING
  X:0729H         PUBLIC        att_HDL_USER_DEFINE_01_DATAN01
  C:74BCH         PUBLIC        ATT_HDL_DIS_PNP_ID
  X:073DH         PUBLIC        att_HDL_USER_DEFINE_01_DATAN02
  C:7707H         PUBLIC        ATT_PERMISSION_HDL_DIS_FIRMWARE_REVISION_STRING
  C:7567H         PUBLIC        ATT_HDL_BAS_CHARACTERISTIC_BATTERY_LEVEL
  C:747FH         PUBLIC        ATT_HDL_DIS_HARDWARE_REVISION_STRING
  C:7435H         PUBLIC        ATT_HDL_DIS_CHARACTERISTIC_FIRMWARE_REVISION_STRING
  C:7373H         PUBLIC        ATT_HDL_GAP_CHARACTERISTIC_RECONNECTION_ADDRESS
  C:7649H         PUBLIC        ATT_HDL_USER_01_DEVICENAME_RW01
  X:0751H         PUBLIC        att_HDL_USER_TEMPERTURE_N01
  C:75A8H         PUBLIC        ATT_HDL_USER_DEFINE_01_DATAN01_CLIENT_CHARACTERISTIC_CONFIGURATION_INIT
  C:75F5H         PUBLIC        ATT_HDL_USER_DEFINE_01_DATAN02_CLIENT_CHARACTERISTIC_CONFIGURATION_INIT
  X:0758H         PUBLIC        att_HDL_USER_DEFINE_01_DATAW01
  X:076CH         PUBLIC        att_HDL_USER_DEFINE_01_DATAW02
  C:7642H         PUBLIC        ATT_HDL_USER_TEMPERTURE_SERVICE
  C:7392H         PUBLIC        ATT_HDL_GAP_PERIPHERAL_PRIVACY_FLAG
  X:0780H         PUBLIC        att_HDL_USER_STATUS_CONFIGURATION
  C:7719H         PUBLIC        ATT_PERMISSION_HDL_OTA_OTA_CMD_CP_CLIENT_CHARACTERISTIC_CONFIGURATION_INIT
  C:7711H         PUBLIC        ATT_PERMISSION_HDL_OTA_OTA_DATA_INIT
  C:7524H         PUBLIC        ATT_HDL_OTA_OTA_CMD_USER_DESCRIPTION
  C:753AH         PUBLIC        ATT_HDL_OTA_DATA_ERROR_STATUS_INIT
  C:76CFH         PUBLIC        ATT_HDL_USER_01_STATUS_RN01
  C:7741H         PUBLIC        ATT_PERMISSION_HDL_USER_UPLOAD_CONFIGURATION_INIT
  C:770DH         PUBLIC        ATT_PERMISSION_HDL_DIS_SOFTWARE_REVISION_STRING
  C:7585H         PUBLIC        ATT_HDL_USER_DEFINE_01_CHARACTERISTIC_DATAN01
  C:7725H         PUBLIC        ATT_PERMISSION_HDL_BAS_CLIENT_CHARACTERISTIC_CONFIGURATION_INIT
  C:75D2H         PUBLIC        ATT_HDL_USER_DEFINE_01_CHARACTERISTIC_DATAN02
  C:73AFH         PUBLIC        ATT_HDL_GATT_PRIMARY_SERVICE
  C:7733H         PUBLIC        ATT_PERMISSION_HDL_USER_DEFINE_01_DATAR01
  C:7493H         PUBLIC        ATT_HDL_DIS_CHARACTERISTIC_SOFTWARE_REVISION_STRING
  C:743FH         PUBLIC        ATT_HDL_DIS_FIRMWARE_REVISION_STRING
  C:761FH         PUBLIC        ATT_HDL_USER_DEFINE_01_CHARACTERISTIC_DATAR01
  X:0782H         PUBLIC        att_HDL_OTA_OTA_CMD_CONTROL_POINT
  C:7739H         PUBLIC        ATT_PERMISSIONATT_HDL_USER_TEMPERTURE_N01_INIT
  C:7723H         PUBLIC        ATT_PERMISSION_HDL_BAS_BATTERY_LEVEL_INIT
  C:76F5H         PUBLIC        ATT_PERMISSION_HDL_GAP_RECONNECTION_ADDRESS_INIT
  C:75AFH         PUBLIC        ATT_HDL_USER_DEFINE_01_CHARACTERISTIC_DATAW01
  C:75FCH         PUBLIC        ATT_HDL_USER_DEFINE_01_CHARACTERISTIC_DATAW02
  C:76A5H         PUBLIC        ATT_HDL_USER_01_UPLOAD_N01
  C:751DH         PUBLIC        ATT_HDL_OTA_OTA_CMD_CONTROL_POINT_CLIENT_CHARACTERISTIC_CONFIGURATION_INIT
  C:7737H         PUBLIC        ATT_PERMISSION_HDL_USER_DEVICENAME_CONFIGURATION_INIT
  C:74D9H         PUBLIC        ATT_HDL_OTA_OTA_DATA_INIT
  C:749DH         PUBLIC        ATT_HDL_DIS_SOFTWARE_REVISION_STRING
  C:76C8H         PUBLIC        ATT_HDL_USER_UPLOAD_CONFIGURATION_INIT
  C:7715H         PUBLIC        ATT_PERMISSION_HDL_OTA_OTA_DATA_DESCRIPTION
  C:7577H         PUBLIC        ATT_HDL_BAS_CLIENT_CHARACTERISTIC_CONFIGURATION_INIT
  C:7629H         PUBLIC        ATT_HDL_USER_DEFINE_01_DATAR01
  C:773DH         PUBLIC        ATT_PERMISSION_HDL_USER_COMMAND_W01_INIT
  C:7727H         PUBLIC        ATT_PERMISSION_HDL_USER_DEFINE_01_DATAN01_INIT
  C:7412H         PUBLIC        ATT_HDL_DIS_MANUFACTURER_NAME_STRING_PRESENTATION_FORMAT
  C:7301H         PUBLIC        ADV_DATA_INITIAL
  C:772DH         PUBLIC        ATT_PERMISSION_HDL_USER_DEFINE_01_DATAN02_INIT
  C:7506H         PUBLIC        ATT_HDL_OTA_CHARACTERISTIC_OTA_CMD_CONTROL_POINT
BL51 BANKED LINKER/LOCATER V6.22                                                      11/05/2018  10:15:37  PAGE 22


  X:078AH         PUBLIC        att_HDL_USER_DEVICENAME_RW01
  C:76EFH         PUBLIC        ATT_PERMISSION_CHARACTERISTIC
  C:7571H         PUBLIC        ATT_HDL_BAS_BATTERY_LEVEL_INIT
  C:737DH         PUBLIC        ATT_HDL_GAP_RECONNECTION_ADDRESS_INIT
  C:7995H         PUBLIC        ATTRIBUTE_SERVER_BOND_PARAM
  X:079EH         PUBLIC        att_HDL_OTA_DATA_ERROR_STATUS_CLIENT_CHARACTERISTIC_CONFIGURATION
  C:772BH         PUBLIC        ATT_PERMISSION_HDL_USER_DEFINE_01_DATAW01_INIT
  C:7469H         PUBLIC        ATT_HDL_DIS_MODEL_NUMBER_STRING_PRESENTATION_FORMAT
  C:7731H         PUBLIC        ATT_PERMISSION_HDL_USER_DEFINE_01_DATAW02_INIT
  C:7530H         PUBLIC        ATT_HDL_OTA_CHARACTERISTIC_OTA_DATA_ERROR_STATUS
  X:07A0H         PUBLIC        att_HDL_USER_STATUS_RN01
  C:7745H         PUBLIC        ATT_PERMISSION_HDL_USER_STATUS_CONFIGURATION_INIT
  C:76F9H         PUBLIC        ATT_PERMISSION_HDL_GAP_PERIPHERAL_PREFERRED_CONNECTION_PARAMETERS
  C:766CH         PUBLIC        ATT_HDL_USER_DEVICENAME_CONFIGURATION_INIT
  C:7398H         PUBLIC        ATT_HDL_GAP_CHARACTERISTIC_PERIPHERAL_PREFERRED_CONNECTION_PARAMETERS
  C:7721H         PUBLIC        ATT_PERMISSION_HDL_OTA_DATA_ERROR_STATUS_USER_DESCRIPTION
  X:07A6H         PUBLIC        att_HDL_GAP_DEVICE_NAME
  C:74F9H         PUBLIC        ATT_HDL_OTA_OTA_DATA_DESCRIPTION
  C:7487H         PUBLIC        ATT_HDL_DIS_HARDWARE_REVISION_STRING_PRESENTATION_FORMAT
  C:76EDH         PUBLIC        ATT_PERMISSION_PRIMARY_SERVICE
  C:769AH         PUBLIC        ATT_HDL_USER_COMMAND_W01_INIT
  C:758FH         PUBLIC        ATT_HDL_USER_DEFINE_01_DATAN01_INIT
  C:7560H         PUBLIC        ATT_HDL_BAS_PRIMARY_SERVICE
  X:07AFH         PUBLIC        att_HDL_USER_TEMPERTURE_CONFIGURATION
  C:75DCH         PUBLIC        ATT_HDL_USER_DEFINE_01_DATAN02_INIT
  X:07B1H         PUBLIC        att_HDL_GATT_SERVICE_CHANGED
  C:7343H         PUBLIC        ATT_HDL_GAP_PRIMARY_SERVICE
  C:7729H         PUBLIC        ATT_PERMISSION_HDL_USER_DEFINE_01_DATAN01_CLIENT_CHARACT_CONFIG_INIT
  C:7717H         PUBLIC        ATT_PERMISSION_HDL_OTA_OTA_CMD_CONTROL_POINT_INIT
  C:772FH         PUBLIC        ATT_PERMISSION_HDL_USER_DEFINE_01_DATAN02_CLIENT_CHARACT_CONFIG_INIT
  C:76FFH         PUBLIC        ATT_PERMISSION_HDL_DIS_SERIAL_NUMBER_STRING
  X:07B5H         PUBLIC        att_HDL_USER_UPLOAD_N01
  C:767DH         PUBLIC        ATT_HDL_USER_TEMPERTURE_N01_INIT
  X:07C9H         PUBLIC        att_HDL_OTA_OTA_DATA_CLIENT_CHARACTERISTIC_CONFIGURATION
  C:75B9H         PUBLIC        ATT_HDL_USER_DEFINE_01_DATAW01_INIT
  C:73D7H         PUBLIC        ATT_HDL_DIS_CHARACTERISTIC_SERIAL_NUMBER_STRING
  C:7606H         PUBLIC        ATT_HDL_USER_DEFINE_01_DATAW02_INIT
  C:73D0H         PUBLIC        ATT_HDL_DIS_PRIMARY_SERVICE
  C:73A2H         PUBLIC        ATT_HDL_GAP_PERIPHERAL_PREFERRED_CONNECTION_PARAMETERS
  C:76E4H         PUBLIC        ATT_HDL_USER_STATUS_CONFIGURATION_INIT
  C:78EBH         PUBLIC        ATTRIBUTE_SERVER_PERMISSION
  C:7448H         PUBLIC        ATT_HDL_DIS_FIRMWARE_REVISION_STRING_PRESENTATION_FORMAT
  C:734AH         PUBLIC        ATT_HDL_GAP_CHARACTERISTIC_DEVICE_NAME
  C:7321H         PUBLIC        SCAN_RESPONSE_DATA_INITIAL
  C:754AH         PUBLIC        ATT_HDL_OTA_DATA_ERROR_STATUS_USER_DESCRIPTION
  C:74C8H         PUBLIC        ATT_HDL_OTA_PRIMARY_SERVICE
  C:77EFH         PUBLIC        ATTRIBUTE_SERVER_param
  X:07CBH         PUBLIC        att_HDL_GATT_CLIENT_CHARACTERISTIC_CONFIGURATION
  C:73B6H         PUBLIC        ATT_HDL_GATT_CHARACTERISTIC_SERVICE_CHANGED
  C:7735H         PUBLIC        ATT_PERMISSION_HDL_USER_DEVICENAME_RW01_INIT
  C:7510H         PUBLIC        ATT_HDL_OTA_OTA_CMD_CONTROL_POINT_INIT
  C:73E1H         PUBLIC        ATT_HDL_DIS_SERIAL_NUMBER_STRING
  C:771FH         PUBLIC        ATT_PERMISSION_HDL_OTA_DATA_ERROR_STATUS_CLIENT_CHARACTERISTIC_CONFIGURATION_INIT
  C:74A6H         PUBLIC        ATT_HDL_DIS_SOFTWARE_REVISION_STRING_PRESENTATION_FORMAT
  C:7747H         PUBLIC        ATTRIBUTE_SERVER
  C:7743H         PUBLIC        ATT_PERMISSION_HDL_USER_STATUS_RN01_INIT
  X:07CDH         PUBLIC        att_HDL_USER_DEFINE_01_DATAN01_CLIENT_CHARACTERISTIC_CONFIGURATION
BL51 BANKED LINKER/LOCATER V6.22                                                      11/05/2018  10:15:37  PAGE 23


  X:07CFH         PUBLIC        att_HDL_USER_DEFINE_01_DATAN02_CLIENT_CHARACTERISTIC_CONFIGURATION
  C:76EBH         PUBLIC        ATT_PERMISSION_NULL
  C:76F1H         PUBLIC        ATT_PERMISSION_HDL_GAP_DEVICE_NAME_INIT
  C:7993H         PUBLIC        ATTRIBUTE_SERVER_BOND
  C:7701H         PUBLIC        ATT_PERMISSION_CHARACTERISTIC_PRESENTATION_FORMAT
  X:07D1H         PUBLIC        att_HDL_OTA_DATA_ERROR_STATUS
  C:773BH         PUBLIC        ATT_PERMISSION_HDL_USER_TEMPERTURE_CONFIGURATION_INIT
  C:76FBH         PUBLIC        ATT_PERMISSION_HDL_GATT_SERVICE_CHANGED_INIT
  C:7653H         PUBLIC        ATT_HDL_USER_DEVICENAME_RW01_INIT
  -------         ENDMOD        SERVICEGEN

  -------         MODULE        MCUFUNCTION
  C:0000H         SYMBOL        _ICE_DUMMY_
  D:00E3H         PUBLIC        P3WUN
  D:0080H         PUBLIC        P0
  D:0090H         PUBLIC        P1
  D:00A0H         PUBLIC        P2
  D:00B0H         PUBLIC        P3
  D:00A8H         PUBLIC        IE
  D:00D1H         PUBLIC        P0OE
  D:00D9H         PUBLIC        P1OE
  D:00A1H         PUBLIC        P2OE
  D:00E1H         PUBLIC        P3OE
[...]


  C:203DH         PUBLIC        _IAP_Init
  D:00E8H         PUBLIC        EIE
  C:202FH         PUBLIC        IAP_Initialize
  C:3000H         PUBLIC        _Erase_Start
  D:00C8H         PUBLIC        T2CON
  C:309FH         PUBLIC        _WriteFlash_Start
  C:202BH         PUBLIC        PWE_ENABLE
  C:2008H         PUBLIC        Flash_Protect_Battery
  D:00D0H         PUBLIC        PSW
  D:00D8H         PUBLIC        WDCON
  -------         PROC          FLASH_INITIAL
  C:2000H         LINE#         54
  C:2000H         LINE#         55
  C:2000H         LINE#         56
  C:2003H         LINE#         57
  -------         ENDPROC       FLASH_INITIAL
  -------         PROC          FLASH_RELEASE
  C:2004H         LINE#         59
  C:2004H         LINE#         60
  C:2004H         LINE#         61
  C:2007H         LINE#         62
  -------         ENDPROC       FLASH_RELEASE
  -------         PROC          FLASH_PROTECT_BATTERY
  -------         DO            
  D:0007H         SYMBOL        tmp
  -------         ENDDO         
  C:2008H         LINE#         64
  C:2008H         LINE#         65
  C:2008H         LINE#         68
  C:200EH         LINE#         69
  C:201AH         LINE#         70
  C:201AH         LINE#         71
  C:2021H         LINE#         72
  C:2023H         LINE#         74
  C:202AH         LINE#         76
  C:202AH         LINE#         77
  -------         ENDPROC       FLASH_PROTECT_BATTERY
  -------         PROC          PWE_ENABLE
  C:202BH         LINE#         79
  C:202BH         LINE#         80
  C:202BH         LINE#         81
  C:202EH         LINE#         82
  -------         ENDPROC       PWE_ENABLE
  -------         PROC          _ERASE_START
  D:0004H         SYMBOL        u16Address
  -------         DO            
  I:002EH         SYMBOL        ptr
  D:001BH         SYMBOL        BackCODEBANK
  -------         ENDDO         
  C:3000H         LINE#         84
  C:3006H         LINE#         85
  C:3006H         LINE#         87
  C:3009H         LINE#         89
  C:301FH         LINE#         90
  C:301FH         LINE#         91
  C:3022H         LINE#         93
  C:3025H         LINE#         95
BL51 BANKED LINKER/LOCATER V6.22                                                      11/05/2018  10:15:37  PAGE 220


  C:3033H         LINE#         96
  C:3033H         LINE#         97
  C:3036H         LINE#         99
  C:303AH         LINE#         100
  C:303AH         LINE#         101
  C:3040H         LINE#         102
  C:3040H         LINE#         103
  C:3047H         LINE#         105
  C:304BH         LINE#         107
  C:304BH         LINE#         108
  C:304BH         LINE#         109
  C:304DH         LINE#         111
  C:304DH         LINE#         112
  C:3080H         LINE#         113
  C:3080H         LINE#         114
  C:308DH         LINE#         116
  C:3093H         LINE#         118
  C:3096H         LINE#         119
  C:3096H         LINE#         120
  C:3096H         LINE#         121
  C:3098H         LINE#         123
  C:3098H         LINE#         124
  C:309BH         LINE#         125
  C:309BH         LINE#         126
  C:309BH         LINE#         128
  C:309EH         LINE#         129
  -------         ENDPROC       _ERASE_START
  -------         PROC          _WRITEFLASH_START
  X:0A90H         SYMBOL        u16Address
  D:0001H         SYMBOL        pu8Buf
  X:0A95H         SYMBOL        u16Length
  -------         DO            
  I:002AH         SYMBOL        ptr
  I:002CH         SYMBOL        buf_ptr
  D:0008H         SYMBOL        len
  D:000AH         SYMBOL        BackCODEBANK
  -------         ENDDO         
  C:309FH         LINE#         131
  C:30A7H         LINE#         132
  C:30A7H         LINE#         135
  C:30B1H         LINE#         136
  C:30B4H         LINE#         138
  C:30B7H         LINE#         140
  C:30D0H         LINE#         141
  C:30D0H         LINE#         142
  C:30D3H         LINE#         144
  C:30D6H         LINE#         146
  C:30EAH         LINE#         147
  C:30EAH         LINE#         148
  C:30EDH         LINE#         150
  C:30F1H         LINE#         151
  C:30F1H         LINE#         152
  C:3102H         LINE#         153
  C:3102H         LINE#         154
  C:3109H         LINE#         155
  C:3112H         LINE#         157
  C:311FH         LINE#         158
BL51 BANKED LINKER/LOCATER V6.22                                                      11/05/2018  10:15:37  PAGE 221


  C:311FH         LINE#         159
  C:3137H         LINE#         160
  C:313DH         LINE#         161
  C:3145H         LINE#         162
  C:3147H         LINE#         164
  C:3147H         LINE#         165
  C:3147H         LINE#         166
  C:3149H         LINE#         168
  C:3149H         LINE#         169
  C:316FH         LINE#         170
  C:316FH         LINE#         171
  C:3176H         LINE#         172
  C:317FH         LINE#         174
  C:318CH         LINE#         175
  C:318CH         LINE#         176
  C:31A4H         LINE#         177
  C:31AAH         LINE#         178
  C:31B2H         LINE#         179
  C:31B4H         LINE#         181
  C:31B7H         LINE#         182
  C:31B7H         LINE#         183
  C:31B7H         LINE#         184
  C:31B9H         LINE#         186
  C:31B9H         LINE#         187
  C:31BCH         LINE#         188
  C:31BCH         LINE#         189
  C:31BCH         LINE#         191
  C:31BFH         LINE#         192
  -------         ENDPROC       _WRITEFLASH_START
  -------         PROC          IAP_INITIALIZE
  C:202FH         LINE#         211
  C:202FH         LINE#         212
  C:202FH         LINE#         214
  C:2032H         LINE#         215
  C:2035H         LINE#         216
  -------         ENDPROC       IAP_INITIALIZE
  -------         PROC          _IAP_BANKSWITCH
  D:0007H         SYMBOL        u8Bank
  C:2036H         LINE#         224
  C:2036H         LINE#         225
  C:2036H         LINE#         226
  C:2039H         LINE#         227
  C:203AH         LINE#         229
  C:203CH         LINE#         230
  -------         ENDPROC       _IAP_BANKSWITCH
  -------         PROC          _IAP_INIT
  D:0007H         SYMBOL        teType
  C:203DH         LINE#         238
  C:203DH         LINE#         239
  C:203DH         LINE#         240
  C:2040H         LINE#         241
  C:2040H         LINE#         242
  C:2043H         LINE#         243
  C:2046H         LINE#         244
  C:2047H         LINE#         246
  C:2047H         LINE#         247
  C:204AH         LINE#         248
BL51 BANKED LINKER/LOCATER V6.22                                                      11/05/2018  10:15:37  PAGE 222


  C:204DH         LINE#         249
  C:204DH         LINE#         250
  -------         ENDPROC       _IAP_INIT
  -------         PROC          _IAP_ERASE
  D:0004H         SYMBOL        u16Address
  -------         DO            
  D:001CH         SYMBOL        BackupEA
  -------         ENDDO         
  C:204EH         LINE#         258
  C:2054H         LINE#         259
  C:2054H         LINE#         260
  C:205AH         LINE#         262
  C:205CH         LINE#         264
  C:205FH         LINE#         266
  C:2062H         LINE#         267
  C:2065H         LINE#         268
  C:2068H         LINE#         270
  C:2073H         LINE#         271
  C:2073H         LINE#         273
  C:2077H         LINE#         274
  C:2077H         LINE#         275
  C:207AH         LINE#         276
  C:207DH         LINE#         277
  C:2080H         LINE#         278
  C:2082H         LINE#         280
  C:2082H         LINE#         281
  C:2085H         LINE#         282
  C:2088H         LINE#         283
  C:208BH         LINE#         284
  C:208BH         LINE#         286
  C:2093H         LINE#         287
  C:2093H         LINE#         288
  C:209BH         LINE#         289
  C:209BH         LINE#         290
  C:20A1H         LINE#         291
  C:20A1H         LINE#         292
  C:20A7H         LINE#         293
  C:20A7H         LINE#         294
  C:20ADH         LINE#         295
  C:20ADH         LINE#         296
  C:20B9H         LINE#         297
  C:20B9H         LINE#         298
  C:20C2H         LINE#         299
  C:20C2H         LINE#         300
  C:20C2H         LINE#         301
  C:20C2H         LINE#         302
  C:20C2H         LINE#         303
  C:20C2H         LINE#         304
  C:20C2H         LINE#         305
  C:20C2H         LINE#         307
  C:20C3H         LINE#         308
  C:20C4H         LINE#         309
  C:20C7H         LINE#         310
  C:20CAH         LINE#         311
  C:20CDH         LINE#         312
  C:20CEH         LINE#         313
  C:20CFH         LINE#         315
BL51 BANKED LINKER/LOCATER V6.22                                                      11/05/2018  10:15:37  PAGE 223


  C:20D2H         LINE#         317
  C:20D8H         LINE#         318
  -------         ENDPROC       _IAP_ERASE
  -------         PROC          _IAP_READDATA
  D:0006H         SYMBOL        u16Address
  D:0001H         SYMBOL        pu8Buf
  X:0A9CH         SYMBOL        u16Length
  -------         DO            
  D:0006H         SYMBOL        ptr
  D:000BH         SYMBOL        len
  -------         ENDDO         
  C:20D9H         LINE#         328
  C:20D9H         LINE#         329
  C:20D9H         LINE#         331
  C:20E3H         LINE#         333
  C:20E6H         LINE#         334
  C:20E9H         LINE#         335
  C:20ECH         LINE#         337
  C:20ECH         LINE#         339
  C:20F9H         LINE#         340
  C:20F9H         LINE#         341
  C:2102H         LINE#         342
  C:2107H         LINE#         343
  C:210EH         LINE#         344
  C:2110H         LINE#         345
  -------         ENDPROC       _IAP_READDATA
  -------         PROC          _IAP_WRITEDATA
  D:0004H         SYMBOL        u16Address
  D:0001H         SYMBOL        pu8Buf
  X:0AA3H         SYMBOL        u16Length
  -------         DO            
  D:001DH         SYMBOL        BackupEA
  -------         ENDDO         
  C:2111H         LINE#         356
  C:2117H         LINE#         357
  C:2117H         LINE#         358
  C:211DH         LINE#         360
  C:211FH         LINE#         362
  C:2122H         LINE#         364
  C:2125H         LINE#         365
  C:2128H         LINE#         366
  C:212BH         LINE#         368
  C:2136H         LINE#         369
  C:2136H         LINE#         370
  C:213AH         LINE#         371
  C:213AH         LINE#         373
  C:213DH         LINE#         374
  C:2140H         LINE#         375
  C:2143H         LINE#         376
  C:2145H         LINE#         378
  C:2145H         LINE#         379
  C:2148H         LINE#         380
  C:214BH         LINE#         381
  C:214EH         LINE#         382
  C:214EH         LINE#         384
  C:2156H         LINE#         385
  C:2156H         LINE#         386
BL51 BANKED LINKER/LOCATER V6.22                                                      11/05/2018  10:15:37  PAGE 224


  C:215EH         LINE#         387
  C:215EH         LINE#         388
  C:2166H         LINE#         389
  C:2166H         LINE#         390
  C:216CH         LINE#         391
  C:216CH         LINE#         392
  C:2172H         LINE#         393
  C:2172H         LINE#         394
  C:217EH         LINE#         395
  C:217EH         LINE#         396
  C:2196H         LINE#         397
  C:2196H         LINE#         398
  C:2196H         LINE#         399
  C:2196H         LINE#         400
  C:2196H         LINE#         401
  C:2196H         LINE#         402
  C:2196H         LINE#         403
  C:2196H         LINE#         405
  C:2197H         LINE#         406
  C:2198H         LINE#         407
  C:219BH         LINE#         408
  C:219EH         LINE#         409
  C:21A1H         LINE#         410
  C:21A2H         LINE#         411
  C:21A3H         LINE#         413
  C:21A6H         LINE#         415
  C:21ACH         LINE#         416
  -------         ENDPROC       _IAP_WRITEDATA
  -------         ENDMOD        IAP

  -------         MODULE        ?C?FPADD
  C:0F3EH         PUBLIC        ?C?FPADD
  C:0F3AH         PUBLIC        ?C?FPSUB
  -------         ENDMOD        ?C?FPADD

  -------         MODULE        ?C?FPMUL
  C:102FH         PUBLIC        ?C?FPMUL
  -------         ENDMOD        ?C?FPMUL

  -------         MODULE        ?C?FPDIV
  C:1138H         PUBLIC        ?C?FPDIV
  -------         ENDMOD        ?C?FPDIV

  -------         MODULE        ?C?FCAST
  C:11DFH         PUBLIC        ?C?FCASTC
  C:11DAH         PUBLIC        ?C?FCASTI
  C:11D5H         PUBLIC        ?C?FCASTL
  -------         ENDMOD        ?C?FCAST

  -------         MODULE        ?C?CASTF
  C:1213H         PUBLIC        ?C?CASTF
  -------         ENDMOD        ?C?CASTF

  -------         MODULE        ?C?COPY
  C:1364H         PUBLIC        ?C?COPY
  -------         ENDMOD        ?C?COPY

BL51 BANKED LINKER/LOCATER V6.22                                                      11/05/2018  10:15:37  PAGE 225


  -------         MODULE        ?C?SCDIV
  C:138AH         PUBLIC        ?C?SCDIV
  -------         ENDMOD        ?C?SCDIV

  -------         MODULE        ?C?CLDPTR
  C:13ACH         PUBLIC        ?C?CLDPTR
  -------         ENDMOD        ?C?CLDPTR

  -------         MODULE        ?C?CLDOPTR
  C:13C5H         PUBLIC        ?C?CLDOPTR
  -------         ENDMOD        ?C?CLDOPTR

  -------         MODULE        ?C?CSTPTR
  C:13F2H         PUBLIC        ?C?CSTPTR
  -------         ENDMOD        ?C?CSTPTR

  -------         MODULE        ?C?CSTOPTR
  C:1404H         PUBLIC        ?C?CSTOPTR
  -------         ENDMOD        ?C?CSTOPTR

  -------         MODULE        ?C?IMUL
  C:1426H         PUBLIC        ?C?IMUL
  -------         ENDMOD        ?C?IMUL

  -------         MODULE        ?C?UIDIV
  C:1438H         PUBLIC        ?C?UIDIV
  -------         ENDMOD        ?C?UIDIV

  -------         MODULE        ?C?SIDIV
  C:148DH         PUBLIC        ?C?SIDIV
  -------         ENDMOD        ?C?SIDIV

  -------         MODULE        ?C?IILDX
  C:14C3H         PUBLIC        ?C?IILDX
  -------         ENDMOD        ?C?IILDX

  -------         MODULE        ?C?ILDOPTR
  C:14D9H         PUBLIC        ?C?ILDOPTR
  -------         ENDMOD        ?C?ILDOPTR

  -------         MODULE        ?C?LADD
  C:1511H         PUBLIC        ?C?LADD
  -------         ENDMOD        ?C?LADD

  -------         MODULE        ?C?LSUB
  C:151EH         PUBLIC        ?C?LSUB
  -------         ENDMOD        ?C?LSUB

  -------         MODULE        ?C?LMUL
  C:152CH         PUBLIC        ?C?LMUL
  -------         ENDMOD        ?C?LMUL

  -------         MODULE        ?C?ULDIV
  C:15B7H         PUBLIC        ?C?ULDIV
  -------         ENDMOD        ?C?ULDIV

  -------         MODULE        ?C?LOR
BL51 BANKED LINKER/LOCATER V6.22                                                      11/05/2018  10:15:37  PAGE 226


  C:1649H         PUBLIC        ?C?LOR
  -------         ENDMOD        ?C?LOR

  -------         MODULE        ?C?LNEG
  C:1656H         PUBLIC        ?C?LNEG
  -------         ENDMOD        ?C?LNEG

  -------         MODULE        ?C?SLCMP
  C:1664H         PUBLIC        ?C?SLCMP
  -------         ENDMOD        ?C?SLCMP

  -------         MODULE        ?C?ULCMP
  C:167AH         PUBLIC        ?C?ULCMP
  -------         ENDMOD        ?C?ULCMP

  -------         MODULE        ?C?ULSHR
  C:168BH         PUBLIC        ?C?ULSHR
  -------         ENDMOD        ?C?ULSHR

  -------         MODULE        ?C?SLSHR
  C:169EH         PUBLIC        ?C?SLSHR
  -------         ENDMOD        ?C?SLSHR

  -------         MODULE        ?C?LSHL
  C:16B2H         PUBLIC        ?C?LSHL
  -------         ENDMOD        ?C?LSHL

  -------         MODULE        ?C?LLDOPTR
  C:16C5H         PUBLIC        ?C?LLDOPTR
  -------         ENDMOD        ?C?LLDOPTR

  -------         MODULE        ?C?LSTPTR
  C:16F5H         PUBLIC        ?C?LSTPTR
  -------         ENDMOD        ?C?LSTPTR

  -------         MODULE        ?C?LSTOPTR
  C:170FH         PUBLIC        ?C?LSTOPTR
  -------         ENDMOD        ?C?LSTOPTR

  -------         MODULE        ?C?LLDXDATA
  C:1733H         PUBLIC        ?C?LLDXDATA
  -------         ENDMOD        ?C?LLDXDATA

  -------         MODULE        ?C?LLDCODE
  C:173FH         PUBLIC        ?C?LLDCODE
  -------         ENDMOD        ?C?LLDCODE

  -------         MODULE        ?C?LLDXDATA0
  C:174FH         PUBLIC        ?C?LLDXDATA0
  -------         ENDMOD        ?C?LLDXDATA0

  -------         MODULE        ?C?LLDPTR0
  C:175BH         PUBLIC        ?C?LLDPTR0
  -------         ENDMOD        ?C?LLDPTR0

  -------         MODULE        ?C?LSTXDATA
  C:177BH         PUBLIC        ?C?LSTXDATA
BL51 BANKED LINKER/LOCATER V6.22                                                      11/05/2018  10:15:37  PAGE 227


  -------         ENDMOD        ?C?LSTXDATA

  -------         MODULE        ?C?LSTKXDATA
  C:1787H         PUBLIC        ?C?LSTKXDATA
  -------         ENDMOD        ?C?LSTKXDATA

  -------         MODULE        ?C?OFFXADD
  C:17B8H         PUBLIC        ?C?OFFXADD
  -------         ENDMOD        ?C?OFFXADD

  -------         MODULE        ?C?PLDXDATA
  C:17C4H         PUBLIC        ?C?PLDXDATA
  -------         ENDMOD        ?C?PLDXDATA

  -------         MODULE        ?C?PSTXDATA
  C:17CDH         PUBLIC        ?C?PSTXDATA
  -------         ENDMOD        ?C?PSTXDATA

  -------         MODULE        ?C?PLDCODE
  C:17D6H         PUBLIC        ?C?PLDCODE
  -------         ENDMOD        ?C?PLDCODE

  -------         MODULE        ?C?CCASE
  C:17E2H         PUBLIC        ?C?CCASE
  -------         ENDMOD        ?C?CCASE

  -------         MODULE        ?C?LIMUL
  C:1808H         PUBLIC        ?C?LIMUL
  -------         ENDMOD        ?C?LIMUL

  -------         MODULE        ABS
  C:D057H         PUBLIC        _ABS
  -------         ENDMOD        ABS

  -------         MODULE        ?C?MEMCMP
  C:19BBH         PUBLIC        ?C?MEMCMP
  -------         ENDMOD        ?C?MEMCMP

  -------         MODULE        ?C?MEMSET
  C:19DFH         PUBLIC        ?C?MEMSET
  -------         ENDMOD        ?C?MEMSET

  -------         MODULE        MALLOC
  C:B8D7H         PUBLIC        _malloc
  -------         ENDMOD        MALLOC

  -------         MODULE        FREE
  C:B2A8H         PUBLIC        _free
  -------         ENDMOD        FREE

  -------         MODULE        ?C?LLDIDATA
  C:1A0BH         PUBLIC        ?C?LLDIDATA
  -------         ENDMOD        ?C?LLDIDATA

  -------         MODULE        ?C?LLDPDATA
  C:1A17H         PUBLIC        ?C?LLDPDATA
  -------         ENDMOD        ?C?LLDPDATA
BL51 BANKED LINKER/LOCATER V6.22                                                      11/05/2018  10:15:37  PAGE 228



  -------         MODULE        ?C?LLDIDATA0
  C:1A23H         PUBLIC        ?C?LLDIDATA0
  -------         ENDMOD        ?C?LLDIDATA0

  -------         MODULE        ?C?LLDPDATA0
  C:1A30H         PUBLIC        ?C?LLDPDATA0
  -------         ENDMOD        ?C?LLDPDATA0

  -------         MODULE        ?C?LLDCODE0
  C:1A3DH         PUBLIC        ?C?LLDCODE0
  -------         ENDMOD        ?C?LLDCODE0

  -------         MODULE        ?C?LSTIDATA
  C:1A4DH         PUBLIC        ?C?LSTIDATA
  -------         ENDMOD        ?C?LSTIDATA

  -------         MODULE        ?C?LSTPDATA
  C:1A59H         PUBLIC        ?C?LSTPDATA
  -------         ENDMOD        ?C?LSTPDATA

  -------         MODULE        INIT_MEM
  X:0A7AH         PUBLIC        __mem_avail__
  C:CB47H         PUBLIC        _init_mempool
  -------         ENDMOD        INIT_MEM

Program Size: data=48.5 xdata=2983 code=53261
LINK/LOCATE RUN COMPLETE.  0 WARNING(S),  0 ERROR(S)
