A51 MACRO ASSEMBLER  INTERRUPT_OFFSET                                                     11/05/2018 10:15:36 PAGE     1


MACRO ASSEMBLER A51 V8.02b
OBJECT MODULE PLACED IN .\INTERRUPT_OFFSET.obj
ASSEMBLER INVOKED BY: D:\Keil_v5\C51\BIN\A51.EXE ..\OTA\INTERRUPT_OFFSET.asm SET(LARGE) DEBUG PRINT(.\INTERRUPT_OFFSET.l
                      st) OBJECT(.\INTERRUPT_OFFSET.obj) EP

LOC  OBJ            LINE     SOURCE

                       1     
                       2     ;#include "..\OTA\OTA_IAP.inc"
  0300          +1     3     INTERRUPT_OFFSET    equ     0x0300
  007B          +1     4     IAP_PROCESS_ADDRESS equ     0x007B
                       5     
                       6     
----                   7                     CSEG    AT     0x000B
000B 02030B            8                     Ljmp    INTERRUPT_OFFSET + 0x000B
----                   9                     CSEG    AT     0x0013
0013 020313           10                     Ljmp    INTERRUPT_OFFSET + 0x0013
----                  11                     CSEG    AT     0x001B
001B 02031B           12                     Ljmp    INTERRUPT_OFFSET + 0x001B
----                  13                     CSEG    AT     0x0023
0023 020323           14                     Ljmp    INTERRUPT_OFFSET + 0x0023
----                  15                     CSEG    AT     0x002B
002B 02032B           16                     Ljmp    INTERRUPT_OFFSET + 0x002B
----                  17                     CSEG    AT     0x0033
0033 020333           18                     Ljmp    INTERRUPT_OFFSET + 0x0033
----                  19                     CSEG    AT     0x003B
003B 02033B           20                     Ljmp    INTERRUPT_OFFSET + 0x003B
----                  21                     CSEG    AT     0x0043
0043 020343           22                     Ljmp    INTERRUPT_OFFSET + 0x0043
----                  23                     CSEG    AT     0x004B
004B 02034B           24                     Ljmp    INTERRUPT_OFFSET + 0x004B
----                  25                     CSEG    AT     0x0053
0053 020353           26                     Ljmp    INTERRUPT_OFFSET + 0x0053
----                  27                     CSEG    AT     0x005B
005B 02035B           28                     Ljmp    INTERRUPT_OFFSET + 0x005B
----                  29                     CSEG    AT     0x0063
0063 020363           30                     Ljmp    INTERRUPT_OFFSET + 0x0063
----                  31                     CSEG    AT     0x006B
006B 02036B           32                     Ljmp    INTERRUPT_OFFSET + 0x006B
----                  33                     CSEG    AT     0x0073
0073 020373           34                     Ljmp    INTERRUPT_OFFSET + 0x0073
                      35     
                      36                     END
A51 MACRO ASSEMBLER  INTERRUPT_OFFSET                                                     11/05/2018 10:15:36 PAGE     2

SYMBOL TABLE LISTING
------ ----- -------


N A M E              T Y P E  V A L U E   ATTRIBUTES

IAP_PROCESS_ADDRESS  N NUMB   007BH   A   
INTERRUPT_OFFSET. .  N NUMB   0300H   A   


REGISTER BANK(S) USED: 0 


ASSEMBLY COMPLETE.  0 WARNING(S), 0 ERROR(S)
