C51 COMPILER V9.00   INTERRUPT_UART                                                        09/07/2017 13:20:03 PAGE 1   


C51 COMPILER V9.00, COMPILATION OF MODULE INTERRUPT_UART
OBJECT MODULE PLACED IN .\interrupt_UART.obj
COMPILER INVOKED BY: D:\Keil\C51\BIN\C51.EXE ..\source\interrupt_UART.c LARGE OPTIMIZE(9,SIZE) BROWSE NOAREGS INTVECTOR(
                    -0X0300) INCDIR(..\include;..\BLE Service) DEBUG OBJECTEXTEND PRINT(.\interrupt_UART.lst) TABS(2) OBJECT(.\interrupt_UART
                    -.obj)

line level    source

   1           /*****************************************************************************
   2          **               AMICCOM Electronics Corporation Document                   **
   3          **          Copyright (c) 2011-2015 AMICCOM Electronics Corporation         **
   4          **                                                                          **
   5          **      A3,1F,No.1, Li-Hsin 1th Road, Science_Based Industrid Park,         **
   6          **                       Hsin_Chu City, 300, Taiwan, ROC.                   **
   7          **                 Tel: 886-3-5785818   Fax: 886-3-5785819                  **
   8          **         E-mail:info@amiccom.com.tw  http: //www.amiccom.com.tw           **
   9          *****************************************************************************/
  10          #include "define.h"
  11          #include "A8107.h"
  12          #include "LibFunction.h"
  13          
  14          uint8_t xdata BLE_INT_FLAG;
  15          
  16          extern void Uart1IRQ(void);
  17          extern void Timer1IRQ(void);
  18          
  19          /*********************************************************************
  20          ** INT1_ISR
  21          *********************************************************************/
  22          void INT1_ISR(void) interrupt 2
  23          {
  24   1          // User can add code
  25   1          _nop_();
  26   1      }
  27          
  28          /*********************************************************************
  29          ** Timer1_ISR
  30          *********************************************************************/
  31          void Timer1_ISR(void) interrupt 3
  32          {
  33   1          // User can add code
  34   1          Timer1IRQ();//_nop_();
  35   1      }
  36          
  37          /*********************************************************************
  38          ** Uart0Isr
  39          *********************************************************************/
  40          void Uart0Isr(void) interrupt 4
  41          {
  42   1          // User can add code
  43   1          Uart1IRQ();//_nop_();
  44   1      }
  45          
  46          /*********************************************************************
  47          ** Timer2_ISR
  48          *********************************************************************/
  49          void Timer2_ISR(void) interrupt 5
  50          {
  51   1          // User can add code
  52   1          _nop_();
  53   1      }
C51 COMPILER V9.00   INTERRUPT_UART                                                        09/07/2017 13:20:03 PAGE 2   

  54          
  55          /*********************************************************************
  56          ** INT2_ISR
  57          *********************************************************************/
  58          void INT2_ISR(void) interrupt 7
  59          {
  60   1          // User can add code
  61   1          _nop_();
  62   1      }
  63          
  64          /*********************************************************************
  65          ** INT3_ISR
  66          *********************************************************************/
  67          void SleepTimer1_ISR(void) interrupt 8
  68          {
  69   1          // User can add code
  70   1          _nop_();
  71   1      }
  72          
  73          /*********************************************************************
  74          ** INT4_ISR
  75          *********************************************************************/
  76          void RTC_ISR(void) interrupt 9
  77          {
  78   1          // User can add code
  79   1          _nop_();
  80   1      }
  81          
  82          /*********************************************************************
  83          ** RFISR
  84          *********************************************************************/
  85          void RFISR(void) interrupt 10
  86          {
  87   1          PCON |= 0x01;
  88   1          EIF = 0x08;
  89   1      
  90   1          if((XBYTE[TMR0CTL_REG]&0x20) == 0x20)
  91   1          {        
  92   2              BLE_SLAVE_PROCESS();
  93   2          }
  94   1          
  95   1          /* -------- RF_Timer500ms -------- */
  96   1          if(XBYTE[VCOC_REG]&0x80)
  97   1          {
  98   2              XBYTE[VCOC_REG] = rf_config_w[VCOC_REG-0x2000]|0x80;
  99   2              Timer500ms_flag = 1;
 100   2          }
 101   1          /* ------------------------------- */
 102   1      }
 103          
 104          /*********************************************************************
 105          ** INT4_ISR
 106          *********************************************************************/
 107          void KeyINT_ISR(void) interrupt 11
 108          {
 109   1          // User can add code
 110   1          _nop_();
 111   1      }


MODULE INFORMATION:   STATIC OVERLAYABLE
   CODE SIZE        =    260    ----
C51 COMPILER V9.00   INTERRUPT_UART                                                        09/07/2017 13:20:03 PAGE 3   

   CONSTANT SIZE    =   ----    ----
   XDATA SIZE       =      1    ----
   PDATA SIZE       =   ----    ----
   DATA SIZE        =   ----    ----
   IDATA SIZE       =   ----    ----
   BIT SIZE         =   ----    ----
END OF MODULE INFORMATION.


C51 COMPILATION COMPLETE.  0 WARNING(S),  0 ERROR(S)
