C51 COMPILER V9.53.0.0   INTERRUPT                                                         11/05/2018 10:15:37 PAGE 1   


C51 COMPILER V9.53.0.0, COMPILATION OF MODULE INTERRUPT
OBJECT MODULE PLACED IN .\interrupt.obj
COMPILER INVOKED BY: D:\Keil_v5\C51\BIN\C51.EXE ..\source\interrupt.c LARGE OPTIMIZE(9,SIZE) BROWSE NOAREGS INTVECTOR(0X
                    -0300) INCDIR(..\include;..\BLE Service;..\Lcd) DEBUG OBJECTEXTEND PRINT(.\interrupt.lst) TABS(2) OBJECT(.\interrupt.obj)

line level    source

   1           /*****************************************************************************
   2          **               AMICCOM Electronics Corporation Document                   **
   3          **          Copyright (c) 2011-2015 AMICCOM Electronics Corporation         **
   4          **                                                                          **
   5          **      A3,1F,No.1, Li-Hsin 1th Road, Science_Based Industrid Park,         **
   6          **                       Hsin_Chu City, 300, Taiwan, ROC.                   **
   7          **                 Tel: 886-3-5785818   Fax: 886-3-5785819                  **
   8          **         E-mail:info@amiccom.com.tw  http: //www.amiccom.com.tw           **
   9          *****************************************************************************/
  10          #include "define.h"
  11          #include "A8107.h"
  12          #include "LibFunction.h"
  13          
  14          /*********************************************************************
  15          ** INT1_ISR
  16          *********************************************************************/
  17          void INT1_ISR(void) interrupt 2
  18          {
  19   1          // User can add code
  20   1          _nop_();
  21   1      }
  22          
  23          /*********************************************************************
  24          ** Timer1_ISR
  25          *********************************************************************/
  26          void Timer1_ISR(void) interrupt 3
  27          {
  28   1          // User can add code
  29   1          _nop_();
  30   1      }
  31          
  32          /*********************************************************************
  33          ** Uart0Isr
  34          *********************************************************************/
  35          void Uart0Isr(void) interrupt 4
  36          {
  37   1          // User can add code
  38   1          _nop_();
  39   1      }
  40          
  41          /*********************************************************************
  42          ** Timer2_ISR
  43          *********************************************************************/
  44          void Timer2_ISR(void) interrupt 5
  45          {
  46   1          // User can add code
  47   1          _nop_();
  48   1      }
  49          
  50          /*********************************************************************
  51          ** INT2_ISR
  52          *********************************************************************/
  53          void INT2_ISR(void) interrupt 7
  54          {
C51 COMPILER V9.53.0.0   INTERRUPT                                                         11/05/2018 10:15:37 PAGE 2   

  55   1          // User can add code
  56   1          _nop_();
  57   1      }
  58          
  59          /*********************************************************************
  60          ** INT3_ISR
  61          *********************************************************************/
  62          void SleepTimer1_ISR(void) interrupt 8
  63          {
  64   1          // User can add code
  65   1          _nop_();
  66   1      }
  67          
  68          /*********************************************************************
  69          ** INT4_ISR
  70          *********************************************************************/
  71          void RTC_ISR(void) interrupt 9
  72          {
  73   1          // User can add code
  74   1          _nop_();
  75   1      }
  76          
  77          /*********************************************************************
  78          ** RFISR
  79          *********************************************************************/
  80          void RFISR(void) interrupt 10
  81          {
  82   1          PCON |= 0x01;
  83   1          EIF = 0x08;
  84   1      
  85   1          if((XBYTE[TMR0CTL_REG]&0x20) == 0x20)
  86   1          {        
  87   2              BLE_SLAVE_PROCESS();
  88   2          }
  89   1          
  90   1          /* -------- RF_Timer500ms -------- */
  91   1          if(XBYTE[VCOC_REG]&0x80)
  92   1          {
  93   2              XBYTE[VCOC_REG] = rf_config_w[VCOC_REG-0x2000]|0x80;
  94   2              Timer500ms_flag = 1;
  95   2          }
  96   1          /* ------------------------------- */
  97   1      }
  98          
  99          /*********************************************************************
 100          ** INT4_ISR
 101          *********************************************************************/
 102          void KeyINT_ISR(void) interrupt 11
 103          {
 104   1          // User can add code
 105   1          _nop_();
 106   1      }


MODULE INFORMATION:   STATIC OVERLAYABLE
   CODE SIZE        =    120    ----
   CONSTANT SIZE    =   ----    ----
   XDATA SIZE       =   ----    ----
   PDATA SIZE       =   ----    ----
   DATA SIZE        =   ----    ----
   IDATA SIZE       =   ----    ----
   BIT SIZE         =   ----    ----
C51 COMPILER V9.53.0.0   INTERRUPT                                                         11/05/2018 10:15:37 PAGE 3   

END OF MODULE INFORMATION.


C51 COMPILATION COMPLETE.  0 WARNING(S),  0 ERROR(S)
