C51 COMPILER V9.00   MCUFUNCTION_UART                                                      09/07/2017 13:20:04 PAGE 1   


C51 COMPILER V9.00, COMPILATION OF MODULE MCUFUNCTION_UART
OBJECT MODULE PLACED IN .\mcufunction_UART.obj
COMPILER INVOKED BY: D:\Keil\C51\BIN\C51.EXE ..\source\mcufunction_UART.c LARGE OPTIMIZE(9,SIZE) BROWSE NOAREGS INTVECTO
                    -R(0X0300) INCDIR(..\include;..\BLE Service) DEBUG OBJECTEXTEND PRINT(.\mcufunction_UART.lst) TABS(2) OBJECT(.\mcufunctio
                    -n_UART.obj)

line level    source

   1          /*****************************************************************************
   2          **               AMICCOM Electronics Corporation Document                   **
   3          **          Copyright (c) 2011-2014 AMICCOM Electronics Corporation         **
   4          **                                                                          **
   5          **      A3,1F,No.1, Li-Hsin 1th Road, Science_Based Industrid Park,         **
   6          **                       Hsin_Chu City, 300, Taiwan, ROC.                   **
   7          **                 Tel: 886-3-5785818   Fax: 886-3-5785819                  **
   8          **         E-mail:info@amiccom.com.tw  http: //www.amiccom.com.tw           **
   9          *****************************************************************************/
  10          #include "define.h"
  11          #include "A8107.h"
  12          #include "LibFunction.h"
  13          
  14          
  15          void InitMCU(void);
  16          /*********************************************************************
  17          ** InitMCU
  18          *********************************************************************/
  19          void InitMCU(void)
  20          {
  21   1          uint16_t idata i;
  22   1      
  23   1          P0    = 0xFF;
  24   1          P0OE  = 0x00;
  25   1          P0PUN = 0x00;
  26   1          P0WUN = 0xFF;
  27   1          
  28   1          P1    = 0xFF;
  29   1          P1OE  = 0x00;
  30   1          P1PUN = 0x00;
  31   1          P1WUN = 0xFF;
  32   1          
  33   1          P3    = 0xFF;
  34   1          P3OE  = 0x00;
  35   1          P3PUN = 0x00;
  36   1          P3WUN = 0xFC;
  37   1          
  38   1          //clear XData RAM
  39   1          for (i = 0x0000; i < 0x2000; i++)
  40   1              XBYTE[i] = 0x00;
  41   1      
  42   1          /*********************************************/
  43   1          /*    MCU Frequency setting (Dont Modify)    */
  44   1          PCONE |= 0x01;  //SYSCLK = 16MHz / 2 = 8MHz  */
  45   1          PCON  = (PCON&0xEF) | 0x01;  //Enable CKSE   */  
  46   1          RSFLAG = 0x07;  //CLEAR PORF,RESETNF         */
  47   1          /*********************************************/
  48   1      
  49   1          check_stable = 0x5AA5;
  50   1      }


MODULE INFORMATION:   STATIC OVERLAYABLE
C51 COMPILER V9.00   MCUFUNCTION_UART                                                      09/07/2017 13:20:04 PAGE 2   

   CODE SIZE        =     88    ----
   CONSTANT SIZE    =   ----    ----
   XDATA SIZE       =   ----    ----
   PDATA SIZE       =   ----    ----
   DATA SIZE        =   ----    ----
   IDATA SIZE       =   ----       2
   BIT SIZE         =   ----    ----
END OF MODULE INFORMATION.


C51 COMPILATION COMPLETE.  0 WARNING(S),  0 ERROR(S)
