C51 COMPILER V9.53.0.0   RCADC_TABLE                                                       11/05/2018 10:15:37 PAGE 1   


C51 COMPILER V9.53.0.0, COMPILATION OF MODULE RCADC_TABLE
OBJECT MODULE PLACED IN .\RcADC_Table.obj
COMPILER INVOKED BY: D:\Keil_v5\C51\BIN\C51.EXE ..\RCADC\RcADC_Table.c LARGE OPTIMIZE(9,SIZE) BROWSE NOAREGS INTVECTOR(0
                    -X0300) INCDIR(..\include;..\BLE Service;..\Lcd) DEBUG OBJECTEXTEND PRINT(.\RcADC_Table.lst) TABS(2) OBJECT(.\RcADC_Table
                    -.obj)

line level    source

   1          #include "..\include\define.h"
   2          const sint32_t code TempTable1[111][2]=
   3          {
   4              //'C
   5              {-35 , 113594},
   6              {-34 , 107709},
   7              {-33 , 102176},
   8              {-32 ,  96971},
   9              {-31 ,  92071},
  10              {-30 ,  87459},
  11              {-29 ,  83075},
  12              {-28 ,  78945},
  13              {-27 ,  75050},
  14              {-26 ,  71376},
  15              {-25 ,  67910},
  16              {-24 ,  64604},
  17              {-23 ,  61482},
  18              {-22 ,  58533},
  19              {-21 ,  55745},
  20              {-20 ,  53110},
  21              {-19 ,  50624},
  22              {-18 ,  48271},
  23              {-17 ,  46044},
  24              {-16 ,  43935},
  25              {-15 ,  41938},
  26              {-14 ,  40035},
  27              {-13 ,  38232},
  28              {-12 ,  36522},
  29              {-11 ,  34900},
  30              {-10 ,  33361},
  31              {-9  ,  31894},
  32              {-8  ,  30501},
  33              {-7  ,  29179},
  34              {-6  ,  27924},
  35              {-5  ,  26731},
  36              {-4  ,  25589},
  37              {-3  ,  24504},
  38              {-2  ,  23472},
  39              {-1  ,  22490},
  40              { 0  ,  21556},
  41              { 1  ,  20670},
  42              { 2  ,  19826},
  43              { 3  ,  19022},
  44              { 4  ,  18256},
  45              { 5  ,  17526},
  46              { 6  ,  16829},
  47              { 7  ,  16165},
  48              { 8  ,  15531},
  49              { 9  ,  14927},
  50              {10  ,  14350},
  51              {11  ,  13798},
  52              {12  ,  13271},
  53              {13  ,  12768},
C51 COMPILER V9.53.0.0   RCADC_TABLE                                                       11/05/2018 10:15:37 PAGE 2   

  54              {14  ,  12287},
  55              {15  ,  11828},
  56              {16  ,  11388},
  57              {17  ,  10967},
  58              {18  ,  10564},
  59              {19  ,  10179},
  60              {20  ,   9811},
  61              {21  ,   9459},
  62              {22  ,   9122},
  63              {23  ,   8799},
  64              {24  ,   8489},
  65              {25  ,   8193},
  66              {26  ,   7908},
  67              {27  ,   7636},
  68              {28  ,   7374},
  69              {29  ,   7123},
  70              {30  ,   6883},
  71              {31  ,   6652},
  72              {32  ,   6431},
  73              {33  ,   6218},
  74              {34  ,   6014},
  75              {35  ,   5819},
  76              {36  ,   5630},
  77              {37  ,   5450},
  78              {38  ,   5276},
  79              {39  ,   5109},
  80              {40  ,   4949},
  81              {41  ,   4794},
  82              {42  ,   4644},
  83              {43  ,   4500},
  84              {44  ,   4362},
  85              {45  ,   4229},
  86              {46  ,   4101},
  87              {47  ,   3978},
  88              {48  ,   3860},
  89              {49  ,   3746},
  90              {50  ,   3636},
  91              {51  ,   3531},
  92              {52  ,   3429},
  93              {53  ,   3331},
  94              {54  ,   3237},
  95              {55  ,   3146},
  96              {56  ,   3057},
  97              {57  ,   2972},
  98              {58  ,   2890},
  99              {59  ,   2810},
 100              {60  ,   2733},
 101              {61  ,   2661},
 102              {62  ,   2590},
 103              {63  ,   2523},
 104              {64  ,   2457},
 105              {65  ,   2394},
 106              {66  ,   2333},
 107              {67  ,   2273},
 108              {68  ,   2216},
 109              {69  ,   2161},
 110              {70  ,   2107},
 111              {71  ,   2055},
 112              {72  ,   2005},
 113              {73  ,   1957},
 114              {74  ,   1910},
 115              {75  ,   1865},
C51 COMPILER V9.53.0.0   RCADC_TABLE                                                       11/05/2018 10:15:37 PAGE 3   

 116          };


MODULE INFORMATION:   STATIC OVERLAYABLE
   CODE SIZE        =   ----    ----
   CONSTANT SIZE    =    888    ----
   XDATA SIZE       =   ----    ----
   PDATA SIZE       =   ----    ----
   DATA SIZE        =   ----    ----
   IDATA SIZE       =   ----    ----
   BIT SIZE         =   ----    ----
END OF MODULE INFORMATION.


C51 COMPILATION COMPLETE.  0 WARNING(S),  0 ERROR(S)
